******************************************************************************
                  TI ARM Linker PC v20.2.7                     
******************************************************************************
>> Linked Thu Oct 20 01:25:04 2022

OUTPUT FILE NAME:   <Launchpad1.out>
ENTRY POINT SYMBOL: "_c_int00"  address: 20017c5d


MEMORY CONFIGURATION

         name            origin    length      used     unused   attr    fill
----------------------  --------  ---------  --------  --------  ----  --------
  SRAM0                 20000000   00004000  0000070c  000038f4  RW X
  SRAM                  20004000   0003c000  000232ac  00018d54  RW X
  LOG_DATA              90000000   00040000  00000000  00040000  R   


SEGMENT ALLOCATION MAP

run origin  load origin   length   init length attrs members
----------  ----------- ---------- ----------- ----- -------
20000000    20000000    0000030c   00000000    rw-
  20000000    20000000    0000030c   00000000    rw- .vecs
20003c00    20003c00    00000400   00000000    rw-
  20003c00    20003c00    00000400   00000000    rw- .stack
20004000    20004000    0001f6f8   000176f2    r-x
  20004000    20004000    0000030c   0000030c    r-- .resetVecs
  20004310    20004310    000173e2   000173e2    r-x .text
  2001b6f8    2001b6f8    00008000   00000000    r-- .priheap
20023800    20023800    0000203b   00000000    rw-
  20023800    20023800    0000203b   00000000    rw- .bss
2002583c    2002583c    00000cdf   00000cdf    r--
  2002583c    2002583c    00000cdf   00000cdf    r-- .const
2002651c    2002651c    00000aec   00000000    rw-
  2002651c    2002651c    00000aec   00000000    rw- .data
20027008    20027008    000003b8   000003b8    r--
  20027008    20027008    000003b8   000003b8    r-- .cinit


SECTION ALLOCATION MAP

 output                                  attributes/
section   page    origin      length       input sections
--------  ----  ----------  ----------   ----------------
.resetVecs 
*          0    20004000    0000030c     
                  20004000    0000030c     release_pem4.oem4 (.resetVecs)

.text      0    20004310    000173e2     
                  20004310    00000a4e     rtsv7M4_T_le_eabi.lib : _printfi.c.obj (.text:__TI_printfi)
                  20004d5e    00000002     ti_drivers_config.obj (.text:Board_initHook)
                  20004d60    000008e8     simplelink.a : driver.obj (.text:_SlDrvMsgRead)
                  20005648    000004bc                  : sl_socket.obj (.text:_SlSocketHandleAsync_Select)
                  20005b04    00000484     mqtt_client_app.obj (.text:mainThread)
                  20005f88    0000042c     driverlib.a : prcm.obj (.text:PRCMCC3200MCUInit)
                  200063b4    00000384     simplelink.a : driver.obj (.text:_SlDrvMsgWrite)
                  20006738    00000320     network_if.obj (.text:Network_IF_ConnectAP)
                  20006a58    0000031c     simplelink.a : driver.obj (.text:_SlDrvReleasePoolObj)
                  20006d74    000002e0                  : driver.obj (.text:_SlDrvWaitForPoolObj)
                  20007054    000002d8                  : driver.obj (.text:_SlDrvRxHdrRead)
                  2000732c    000002bc     mqtt_if.obj (.text:MQTTAppThread)
                  200075e8    000002b8     simplelink.a : wlan.obj (.text:sl_WlanProfileAdd)
                  200078a0    000002ac                  : sl_socket.obj (.text:sl_Select)
                  20007b4c    0000028d     network_if.obj (.text:SimpleLinkSockEventHandler)
                  20007dd9    00000001     --HOLE-- [fill = 0]
                  20007dda    00000002     drivers_cc32xx.a : Timer.oem4 (.text:Timer_init)
                  20007ddc    00000284     simplelink.a : wlan.obj (.text:sl_WlanConnect)
                  20008060    00000280     mqtt_client_app.obj (.text:WifiInit)
                  200082e0    00000268     rtsv7M4_T_le_eabi.lib : _printfi.c.obj (.text:_pconv_a)
                  20008548    00000264     network_if.obj (.text:Network_IF_InitDriver)
                  200087ac    0000025c     simplelink.a : driver.obj (.text:_SlDrvDataReadOp)
                  20008a08    0000024c     mqtt_if.obj (.text:MQTT_IF_Connect)
                  20008c54    00000238     mqtt_client_app.obj (.text:DisplayAppBanner)
                  20008e8c    0000022c     mqtt_client_app.obj (.text:MQTT_EventCallback)
                  200090b8    00000224     simplelink.a : driver.obj (.text:_SlDrvDriverCBInit)
                  200092dc    00000218                  : driver.obj (.text:_SlDrvDataWriteOp)
                  200094f4    0000020c     drivers_cc32xx.a : UARTCC32XXDMA.oem4 (.text:UARTCC32XXDMA_open)
                  20009700    000001f4     simplelink.a : driver.obj (.text:_SlDrvMsgReadCmdCtx)
                  200098f4    000001f2                  : netapp.obj (.text:_SlNetAppEventHandler)
                  20009ae6    00000002     drivers_cc32xx.a : UARTCC32XXDMA.oem4 (.text:UARTCC32XXDMA_init)
                  20009ae8    000001e8     mqtt_if.obj (.text:MQTT_IF_Subscribe)
                  20009cd0    000001e8     simplelink.a : netapp.obj (.text:sl_NetAppPing)
                  20009eb8    000001e4     drivers_cc32xx.a : GPIOCC32XX.oem4 (.text:GPIO_setConfig)
                  2000a09c    000001e1     network_if.obj (.text:SimpleLinkFatalErrorEventHandler)
                  2000a27d    00000001     --HOLE-- [fill = 0]
                  2000a27e    00000002     rtsv7M4_T_le_eabi.lib : _lock.c.obj (.text:_nop)
                  2000a280    000001e0     simplelink.a : device.obj (.text:sl_Stop)
                  2000a460    000001d8     network_if.obj (.text:SimpleLinkWlanEventHandler)
                  2000a638    000001d0     drivers_cc32xx.a : SPICC32XXDMA.oem4 (.text:SPICC32XXDMA_transfer)
                  2000a808    000001d0     sysbios.aem4 : BIOS.obj (.text:mq_open)
                  2000a9d8    000001cc     rtsv7M4_T_le_eabi.lib : _printfi.c.obj (.text:_pconv_g)
                  2000aba4    000001b8     drivers_cc32xx.a : SPICC32XXDMA.oem4 (.text:configDMA)
                  2000ad5c    000001b6     rtsv7M4_T_le_eabi.lib : fd_add_t2.asm.obj (.text)
                  2000af12    00000002                           : div0.asm.obj (.text)
                  2000af14    000001b4     simplelink.a : driver.obj (.text:_SlDrvReleaseAllActivePendingPoolObj)
                  2000b0c8    000001a8                  : sl_socket.obj (.text:sl_Accept)
                  2000b270    000001a0     mqtt_if.obj (.text:MQTT_IF_Init)
                  2000b410    00000198     slnetsock_release.a : slnetsock.oem4 (.text:SlNetSock_select)
                  2000b5a8    00000190     simplelink.a : sl_socket.obj (.text:_SlDrvRegisterForSelectAsync)
                  2000b738    00000184                  : driver.obj (.text:_SlDrvFindAndSetActiveObj)
                  2000b8bc    00000180     network_if.obj (.text:SimpleLinkNetAppEventHandler)
                  2000ba3c    00000178     simplelink.a : sl_socket.obj (.text:sl_Connect)
                  2000bbb4    00000170                  : netapp.obj (.text:sl_NetAppDnsGetHostByName)
                  2000bd24    0000016c     mqtt_if.obj (.text:MQTT_IF_Deinit)
                  2000be90    00000160     mqtt_release.a : mqtt_net_func.oem4 (.text:createSocket)
                  2000bff0    0000015c     dpl_cc32xx.a : PowerCC32XX_tirtos.oem4 (.text:PowerCC32XX_sleepPolicy)
                  2000c14c    00000158     drivers_cc32xx.a : SPICC32XXDMA.oem4 (.text:SPICC32XXDMA_open)
                  2000c2a4    00000154     mqtt_release.a : mqttclient.oem4 (.text:MQTTClient_connect)
                  2000c3f8    00000154     simplelink.a : sl_socket.obj (.text:sl_RecvFrom)
                  2000c54c    00000148                  : sl_socket.obj (.text:_SlDrvGetNextTimeoutValue)
                  2000c694    00000148     drivers_cc32xx.a : PowerCC32XX.oem4 (.text:parkPins)
                  2000c7dc    00000148     simplelink.a : sl_socket.obj (.text:sl_StartTLS)
                  2000c924    00000140                  : driver.obj (.text:_SlDrvMsgReadSpawnCtx)
                  2000ca64    0000013c     rtsv7M4_T_le_eabi.lib : _printfi.c.obj (.text:_pconv_e)
                  2000cba0    00000138     drivers_cc32xx.a : PowerCC32XX.oem4 (.text:Power_sleep)
                  2000ccd8    00000138                      : TimerCC32XX.oem4 (.text:Timer_open)
                  2000ce10    00000138     simplelink.a : driver.obj (.text:_SlSpawnMsgListInsert)
                  2000cf48    00000136     rtsv7M4_T_le_eabi.lib : fd_div_t2.asm.obj (.text)
                  2000d07e    00000002     release_pem4.oem4 (.text:ti_sysbios_BIOS_nullFunc__I)
                  2000d080    00000134     simplelink.a : sl_socket.obj (.text:_SlSocketHandleAsync_StartTLS)
                  2000d1b4    00000130                  : driver.obj (.text:_SlDrvDriverCBDeinit)
                  2000d2e4    00000130     rtsv7M4_T_le_eabi.lib : strtol.c.obj (.text:strtol)
                  2000d414    00000004     dpl_cc32xx.a : ClockP_tirtos.oem4 (.text:ClockP_getCpuFreq)
                  2000d418    00000130     sysbios.aem4 : BIOS.obj (.text:ti_sysbios_knl_Semaphore_pend__E)
                  2000d548    00000128     simplelink.a : driver.obj (.text:_SlDrvClassifyRxMsg)
                  2000d670    00000124                  : fs.obj (.text:sl_FsOpen)
                  2000d794    00000120                  : driver.obj (.text:_SlDrvAsyncEventGenericHandler)
                  2000d8b4    00000120     rtsv7M4_T_le_eabi.lib : _printfi.c.obj (.text:fcvt)
                  2000d9d4    00000004     dpl_cc32xx.a : ClockP_tirtos.oem4 (.text:ClockP_setTimeout)
                  2000d9d8    00000120     sysbios.aem4 : BIOS.obj (.text:xdc_runtime_Startup_startMods__I)
                  2000daf8    0000011c     simplelink.a : device.obj (.text:sl_Start)
                  2000dc14    00000118                  : netapp.obj (.text:_SlNetAppHandleAsync_DnsGetHostByService)
                  2000dd2c    00000114     rtsv7M4_T_le_eabi.lib : fputs.c.obj (.text:fputs)
                  2000de40    00000112     mqtt_release.a : mqtt_common.oem4 (.text:MQTT_PacketRecv)
                  2000df52    00000002     release_pem4.oem4 (.text:xdc_runtime_Startup_reset__I)
                  2000df54    00000110     rtsv7M4_T_le_eabi.lib : strtoul.c.obj (.text:strtoul)
                  2000e064    00000004     dpl_cc32xx.a : ClockP_tirtos.oem4 (.text:ClockP_start)
                  2000e068    00000110     sysbios.aem4 : BIOS.obj (.text:ti_sysbios_knl_Task_postInit__I)
                  2000e178    00000108     mqtt_if.obj (.text:MQTTClientCallback)
                  2000e280    00000108     slnetsock_release.a : slnetutils.oem4 (.text:SlNetUtil_str2BinIpV6)
                  2000e388    00000104     simplelink.a : device.obj (.text:_SlDeviceEventHandler)
                  2000e48c    00000104                  : driver.obj (.text:_SlDrvCmdOp)
                  2000e590    00000104     sysbios.aem4 : BIOS.obj (.text:ti_sysbios_knl_Task_Instance_finalize__E)
                  2000e694    00000100     simplelink.a : driver.obj (.text:_SlDrvObjGlobalLockWaitForever)
                  2000e794    00000100                  : fs.obj (.text:sl_FsWrite)
                  2000e894    000000fc     rtsv7M4_T_le_eabi.lib : fd_mul_t2.asm.obj (.text)
                  2000e990    000000f8     mqtt_release.a : mqttclient.oem4 (.text:MqttClientCtxCreate)
                  2000ea88    000000f8     slnetifwifi.a : slnetifwifi.obj (.text:SlNetIfWifi_loadSecObj)
                  2000eb80    000000f8     drivers_cc32xx.a : UARTCC32XXDMA.oem4 (.text:UARTCC32XXDMA_close)
                  2000ec78    000000f8     simplelink.a : sl_socket.obj (.text:sl_Close)
                  2000ed70    000000f8     mqtt_release.a : client_core.oem4 (.text:utf8ArraySend)
                  2000ee68    000000f6                    : mqtt_net_func.oem4 (.text:MQTTNet_commOpen)
                  2000ef5e    00000002     --HOLE-- [fill = 0]
                  2000ef60    000000f4     simplelink.a : sl_socket.obj (.text:sl_SendTo)
                  2000f054    000000f2     drivers_cc32xx.a : SPICC32XXDMA.oem4 (.text:SPICC32XXDMA_transferCancel)
                  2000f146    00000002     --HOLE-- [fill = 0]
                  2000f148    000000f0     sysbios.aem4 : BIOS.obj (.text:pthread_create)
                  2000f238    000000e8     drivers_cc32xx.a : UARTCC32XXDMA.oem4 (.text:initHw)
                  2000f320    000000e8     sysbios.aem4 : BIOS.obj (.text:ti_sysbios_knl_Task_Instance_init__E)
                  2000f408    000000e4     slnetsock_release.a : slnetif.oem4 (.text:SlNetIf_add)
                  2000f4ec    00000004     dpl_cc32xx.a : ClockP_tirtos.oem4 (.text:ClockP_stop)
                  2000f4f0    000000e4     sysbios.aem4 : BIOS.obj (.text:clock_gettime)
                  2000f5d4    000000de     mqtt_release.a : client_core.oem4 (.text:connectMsgSend)
                  2000f6b2    00000002     --HOLE-- [fill = 0]
                  2000f6b4    000000dc     rtsv7M4_T_le_eabi.lib : setvbuf.c.obj (.text:setvbuf)
                  2000f790    000000d8     uart_term.obj (.text:GetCmd)
                  2000f868    000000d8     drivers_cc32xx.a : SPICC32XXDMA.oem4 (.text:SPICC32XXDMA_close)
                  2000f940    000000d8     simplelink.a : device.obj (.text:_SlDeviceHandleAsync_InitComplete)
                  2000fa18    000000d8                  : driver.obj (.text:_SlDrvWaitForInternalAsyncEvent)
                  2000faf0    000000d8                  : netapp.obj (.text:_SlNetAppHandleAsync_NetAppReceive)
                  2000fbc8    000000d8     sysbios.aem4 : BIOS.obj (.text:ti_sysbios_knl_Mailbox_Instance_init__E)
                  2000fca0    000000d4                  : BIOS.obj (.text:ti_sysbios_heaps_HeapMem_alloc__E)
                  2000fd74    000000d0     mqtt_client_app.obj (.text:SetClientIdNamefromMacAddress)
                  2000fe44    000000d0     simplelink.a : driver.obj (.text:_SlDrvRemoveFromList)
                  2000ff14    000000d0     rtsv7M4_T_le_eabi.lib : s_scalbn.c.obj (.text:scalbn)
                  2000ffe4    000000cc     mqtt_release.a : mqttclient.oem4 (.text:processNotifyAckCB)
                  200100b0    000000cc     sysbios.aem4 : m3_Hwi_asm.obj (.text:ti_sysbios_family_arm_m3_Hwi_dispatch__I)
                  2001017c    000000c8     drivers_cc32xx.a : SPICC32XXDMA.oem4 (.text:spiHwiFxn)
                  20010244    000000c4                      : GPIOCC32XX.oem4 (.text:GPIO_init)
                  20010308    000000c4     sysbios.aem4 : BIOS.obj (.text:ti_sysbios_knl_Task_sleep__E)
                  200103cc    000000c0     mqtt_if.obj (.text:MQTT_IF_Disconnect)
                  2001048c    000000c0     mqtt_release.a : mqttclient.oem4 (.text:MqttClientSub)
                  2001054c    000000c0     simplelink.a : cc_pal.obj (.text:NwpPowerOff)
                  2001060c    000000c0     drivers_cc32xx.a : PowerCC32XX.oem4 (.text:restoreParkedPins)
                  200106cc    000000c0     simplelink.a : netcfg.obj (.text:sl_NetCfgGet)
                  2001078c    000000bc                  : netapp.obj (.text:_SlNetAppSendResponse)
                  20010848    000000bc     mqtt_release.a : client_core.oem4 (.text:clCtxConnStateTryLocked)
                  20010904    000000bc     simplelink.a : sl_socket.obj (.text:sl_Send)
                  200109c0    000000bc     sysbios.aem4 : BIOS.obj (.text:xdc_runtime_Core_createObject__I)
                  20010a7c    000000b8     drivers_cc32xx.a : UARTCC32XXDMA.oem4 (.text:UARTCC32XXDMA_configDMA)
                  20010b34    000000b8     simplelink.a : netapp.obj (.text:_SlNetAppHandleAsync_DnsGetHostByName)
                  20010bec    000000b8                  : netapp.obj (.text:_SlNetAppHandleAsync_PingResponse)
                  20010ca4    000000b8     mqtt_client_app.obj (.text:pushButtonConnectionHandler)
                  20010d5c    000000b8     simplelink.a : device.obj (.text:sl_DeviceGet)
                  20010e14    000000b8                  : wlan.obj (.text:sl_WlanGet)
                  20010ecc    00000004     dpl_cc32xx.a : HwiP_tirtos.oem4 (.text:HwiP_clearInterrupt)
                  20010ed0    000000b8     sysbios.aem4 : BIOS.obj (.text:ti_sysbios_family_arm_m3_Hwi_Instance_init__E)
                  20010f88    000000b4     mqtt_release.a : mqttclient.oem4 (.text:MqttClient_send)
                  2001103c    000000b4     drivers_cc32xx.a : UARTCC32XXDMA.oem4 (.text:UARTCC32XXDMA_hwiIntFxn)
                  200110f0    000000b4     simplelink.a : driver.obj (.text:_SlDrvHandleFatalError)
                  200111a4    000000b4                  : netutil.obj (.text:_SlNetUtilHandleAsync_Cmd)
                  20011258    000000b4                  : sl_socket.obj (.text:sl_GetSockOpt)
                  2001130c    000000b2     slnetifwifi.a : slnetifwifi.obj (.text:matchModeByRole)
                  200113be    00000002     --HOLE-- [fill = 0]
                  200113c0    000000b1     rtsv7M4_T_le_eabi.lib : _printfi.c.obj (.text:_ltostr)
                  20011471    00000003     --HOLE-- [fill = 0]
                  20011474    000000b0     slnetifwifi.a : slnetifwifi.obj (.text:SlNetIfWifi_getSockOpt)
                  20011524    000000ac     simplelink.a : sl_socket.obj (.text:_SlSocketHandleAsync_Close)
                  200115d0    000000ac                  : sl_socket.obj (.text:_SlSocketHandleAsync_Connect)
                  2001167c    000000a8     network_if.obj (.text:Network_IF_IpConfigGet)
                  20011724    000000a8     driverlib.a : prcm.obj (.text:PRCMPeripheralClockGet)
                  200117cc    000000a8     drivers_cc32xx.a : PowerCC32XX.oem4 (.text:PowerCC32XX_configureWakeup)
                  20011874    000000a8     main_tirtos.obj (.text:main)
                  2001191c    000000a8     simplelink.a : fs.obj (.text:sl_FsClose)
                  200119c4    000000a6     uart_term.obj (.text:Report)
                  20011a6a    000000a6     simplelink.a : driver.obj (.text:_SlDrvIsTimeoutExpired)
                  20011b10    000000a4     mqtt_release.a : mqttclient.oem4 (.text:MQTTClient_create)
                  20011bb4    000000a4                    : mqttclient.oem4 (.text:MQTTClient_delete)
                  20011c58    000000a4                    : mqttclient.oem4 (.text:MqttClientConfig)
                  20011cfc    000000a4     simplelink.a : sl_socket.obj (.text:sl_Bind)
                  20011da0    000000a4     sysbios.aem4 : BIOS.obj (.text:ti_sysbios_knl_Task_setPri__E)
                  20011e44    000000a0     simplelink.a : fs.obj (.text:FsGetCreateFsMode)
                  20011ee4    000000a0                  : sl_socket.obj (.text:_SlDrvUnRegisterForSelectAsync)
                  20011f84    000000a0                  : driver.obj (.text:_SlSpawnMsgListProcess)
                  20012024    000000a0     auto_init.aem4 : auto_init.oem4 (.text)
                  200120c4    0000009e     simplelink.a : cc_pal.obj (.text:spi_Read)
                  20012162    0000009e                  : cc_pal.obj (.text:spi_Write)
                  20012200    0000009c     mqtt_release.a : client_core.oem4 (.text:MQTTClientCore_initLib)
                  2001229c    0000009c                    : client_core.oem4 (.text:MQTTClientCore_sendPubMsg)
                  20012338    0000009c                    : client_core.oem4 (.text:_msgDispatch)
                  200123d4    00000004     dpl_cc32xx.a : HwiP_tirtos.oem4 (.text:HwiP_disable)
                  200123d8    0000009c     sysbios.aem4 : BIOS.obj (.text:_pthread_removeThreadKeys)
                  20012474    0000009c     rtsv7M4_T_le_eabi.lib : memcpy_t2.asm.obj (.text)
                  20012510    0000009a     mqtt_release.a : client_core.oem4 (.text:procPubMsgRx)
                  200125aa    00000002     --HOLE-- [fill = 0]
                  200125ac    00000098     mqtt_if.obj (.text:MQTT_IF_Publish)
                  20012644    00000098     uart_term.obj (.text:TrimSpace)
                  200126dc    00000098     drivers_cc32xx.a : GPIOCC32XX.oem4 (.text:powerNotifyFxn)
                  20012774    00000096     mqtt_release.a : mqtt_net_func.oem4 (.text:MQTTNet_tcpSelect)
                  2001280a    00000096     rtsv7M4_T_le_eabi.lib : ull_div_t2.asm.obj (.text)
                  200128a0    00000094     simplelink.a : cc_pal.obj (.text:Semaphore_pend_handle)
                  20012934    00000094     drivers_cc32xx.a : SPICC32XXDMA.oem4 (.text:initHw)
                  200129c8    00000094     sysbios.aem4 : BIOS.obj (.text:ti_sysbios_knl_Task_exit__E)
                  20012a5c    00000092     slnetsock_release.a : slnetsock.oem4 (.text:SlNetSock_create)
                  20012aee    00000002     --HOLE-- [fill = 0]
                  20012af0    00000090                         : slnetsock.oem4 (.text:SlNetSock_getVirtualSdConf)
                  20012b80    00000090     simplelink.a : device.obj (.text:_SlDeviceHandleAsync_Stop)
                  20012c10    00000090                  : sl_socket.obj (.text:_SlSocketHandleAsync_Accept)
                  20012ca0    00000090     mqtt_release.a : mqttclient.oem4 (.text:processPublishRxCB)
                  20012d30    00000090     drivers_cc32xx.a : PowerCC32XX.oem4 (.text:restoreNVICRegs)
                  20012dc0    00000090     sysbios.aem4 : BIOS.obj (.text:ti_sysbios_knl_Task_Module_startup__E)
                  20012e50    0000008c     mqtt_release.a : client_core.oem4 (.text:MQTTClientCore_createCtx)
                  20012edc    0000008c     slnetsock_release.a : slnetsock.oem4 (.text:SlNetSock_accept)
                  20012f68    0000008c     drivers_cc32xx.a : UARTCC32XXDMA.oem4 (.text:UARTCC32XXDMA_write)
                  20012ff4    0000008c     simplelink.a : driver.obj (.text:_SlDrvDriverIsApiAllowed)
                  20013080    0000008c                  : driver.obj (.text:_SlDrvProtectAsyncRespSetting)
                  2001310c    0000008c     rtsv7M4_T_le_eabi.lib : fputc.c.obj (.text:fputc)
                  20013198    0000008c     mqtt_client_app.obj (.text:seconden)
                  20013224    0000008c     simplelink.a : sl_socket.obj (.text:sl_Recv)
                  200132b0    0000008c     sysbios.aem4 : BIOS.obj (.text:xdc_runtime_Memory_alloc__E)
                  2001333c    00000088     driverlib.a : pin.obj (.text:PinConfigSet)
                  200133c4    00000088     mqtt_release.a : client_core.oem4 (.text:procConnackRx)
                  2001344c    00000088     simplelink.a : eventreg.obj (.text:sl_UnregisterLibsEventHandler)
                  200134d4    00000004     dpl_cc32xx.a : HwiP_tirtos.oem4 (.text:HwiP_disableInterrupt)
                  200134d8    00000088     sysbios.aem4 : BIOS.obj (.text:ti_sysbios_family_arm_m3_Hwi_initNVIC__E)
                  20013560    00000088                  : BIOS.obj (.text:ti_sysbios_knl_Mailbox_post__E)
                  200135e8    00000088     mqtt_release.a : client_core.oem4 (.text:wrConnectPayload)
                  20013670    00000086     mqtt_if.obj (.text:MQTTHelperTopicMatching)
                  200136f6    00000086     rtsv7M4_T_le_eabi.lib : fd_cmp_t2.asm.obj (.text:__aeabi_cdcmple)
                  2001377c    00000086                           : fd_cmp_t2.asm.obj (.text:__aeabi_cdrcmple)
                  20013802    00000006     slnetifwifi.a : slwificonn.obj (.text:DummyPrintf)
                  20013808    00000086     sysbios.aem4 : BIOS.obj (.text:xdc_runtime_Core_constructObject__I)
                  2001388e    00000002     --HOLE-- [fill = 0]
                  20013890    00000084     drivers_cc32xx.a : PowerCC32XX.oem4 (.text:Power_init)
                  20013914    00000084     slnetifwifi.a : slnetifwifi.obj (.text:SlNetIfWifi_sockstartSec)
                  20013998    00000084     slnetsock_release.a : slnetutils.oem4 (.text:SlNetUtil_getHostByName)
                  20013a1c    00000084     mqtt_release.a : client_core.oem4 (.text:mqpSetupProcCtxDataRecv)
                  20013aa0    00000084     drivers_cc32xx.a : PowerCC32XX.oem4 (.text:saveNVICRegs)
                  20013b24    00000084     simplelink.a : sl_socket.obj (.text:sl_SetSockOpt)
                  20013ba8    00000084     sysbios.aem4 : BIOS.obj (.text:ti_sysbios_family_arm_m3_Hwi_postInit__I)
                  20013c2c    00000004     dpl_cc32xx.a : HwiP_tirtos.oem4 (.text:HwiP_enableInterrupt)
                  20013c30    00000084     sysbios.aem4 : BIOS.obj (.text:ti_sysbios_heaps_HeapMem_free__E)
                  20013cb4    00000080     drivers_cc32xx.a : PowerCC32XX.oem4 (.text:Power_setDependency)
                  20013d34    00000080     slnetifwifi.a : slwificonn.obj (.text:SignalEvent)
                  20013db4    00000080     drivers_cc32xx.a : UARTCC32XXDMA.oem4 (.text:UARTCC32XXDMA_read)
                  20013e34    00000080     mqtt_release.a : client_core.oem4 (.text:clCtxPartSend)
                  20013eb4    00000004     drivers_cc32xx.a : SPICC32XXDMA.oem4 (.text:SPICC32XXDMA_init)
                  20013eb8    00000080     sysbios.aem4 : BIOS.obj (.text:ti_sysbios_knl_Clock_workFunc__E)
                  20013f38    0000007c     mqtt_if.obj (.text:MQTTContextThread)
                  20013fb4    0000007c     drivers_cc32xx.a : UDMACC32XX.oem4 (.text:UDMACC32XX_open)
                  20014030    0000007c     sysbios.aem4 : BIOS.obj (.text:_pthread_abstime2ticks)
                  200140ac    0000007c     mqtt_release.a : client_core.oem4 (.text:procCtxDataRecv)
                  20014128    0000007a     drivers_cc32xx.a : UARTCC32XXDMA.oem4 (.text:UARTCC32XXDMA_readPolling)
                  200141a2    0000007a     rtsv7M4_T_le_eabi.lib : memset_t2.asm.obj (.text)
                  2001421c    00000078     drivers_cc32xx.a : GPIOCC32XX.oem4 (.text:GPIO_hwiIntFxn)
                  20014294    00000078     mqtt_release.a : mqtt_net_func.oem4 (.text:MQTTNet_recvFrom)
                  2001430c    00000078     simplelink.a : sl_socket.obj (.text:sl_Socket)
                  20014384    00000074     mqtt_release.a : mqtt_net_func.oem4 (.text:MQTTNet_tcpAccept)
                  200143f8    00000074     slnetsock_release.a : slnetsock.oem4 (.text:SlNetSock_AllocVirtualSocket)
                  2001446c    00000074     rtsv7M4_T_le_eabi.lib : fclose.c.obj (.text:__TI_closefile)
                  200144e0    00000074     mqtt_release.a : client_core.oem4 (.text:groupCtxsRxPrep)
                  20014554    00000004     dpl_cc32xx.a : SemaphoreP_tirtos.oem4 (.text:SemaphoreP_destruct)
                  20014558    00000074     sysbios.aem4 : BIOS.obj (.text:ti_sysbios_knl_Mailbox_pend__E)
                  200145cc    00000004     dpl_cc32xx.a : SemaphoreP_tirtos.oem4 (.text:SemaphoreP_post)
                  200145d0    00000074     sysbios.aem4 : BIOS.obj (.text:xdc_runtime_Core_deleteObject__I)
                  20014644    00000072     mqtt_release.a : mqtt_common.oem4 (.text:MQTT_packetProcPubRx)
                  200146b6    00000002     --HOLE-- [fill = 0]
                  200146b8    00000070     slnetsock_release.a : slnetsock.oem4 (.text:SlNetSock_secAttribSet)
                  20014728    00000070     simplelink.a : driver.obj (.text:_SlDrvCmdSend_noLock)
                  20014798    00000070     sysbios.aem4 : BIOS.obj (.text:acquireMutexNone$47)
                  20014808    00000070                  : BIOS.obj (.text:ti_sysbios_heaps_HeapMem_initPrimary__I)
                  20014878    00000070                  : BIOS.obj (.text:ti_sysbios_knl_Mailbox_Instance_finalize__E)
                  200148e8    0000006e     rtsv7M4_T_le_eabi.lib : _printfi.c.obj (.text:_mcpy)
                  20014956    00000002     --HOLE-- [fill = 0]
                  20014958    0000006c                           : hostrename.c.obj (.text:HOSTrename)
                  200149c4    0000006c     mqtt_release.a : mqttclient.oem4 (.text:MQTTClient_run)
                  20014a30    0000006c     slnetifwifi.a : slnetifwifi.obj (.text:SlNetIfWifi_ping)
                  20014a9c    0000006c     slnetsock_release.a : slnetutils.oem4 (.text:SlNetUtil_str2BinIpV4)
                  20014b08    0000006c     simplelink.a : device.obj (.text:_SlDeviceHandleResetRequestInternally)
                  20014b74    0000006c                  : sl_socket.obj (.text:_SlDrvOpenCtrlSocket)
                  20014be0    0000006c                  : netapp.obj (.text:_SlNetAppSendTokenValue)
                  20014c4c    0000006c     mqtt_client_app.obj (.text:pushButtonPublishHandler)
                  20014cb8    0000006c     sysbios.aem4 : BIOS.obj (.text:ti_sysbios_knl_Swi_restoreHwi__E)
                  20014d24    0000006a     mqtt_release.a : mqtt_net_func.oem4 (.text:MQTTNet_sendTo)
                  20014d8e    00000002     --HOLE-- [fill = 0]
                  20014d90    00000068     rtsv7M4_T_le_eabi.lib : hostlseek.c.obj (.text:HOSTlseek)
                  20014df8    00000068     mqtt_release.a : mqtt_common.oem4 (.text:MQTT_qos2PubCqUnlog)
                  20014e60    00000068     simplelink.a : driver.obj (.text:_SlSpawnMsgListGetCount)
                  20014ec8    00000068     rtsv7M4_T_le_eabi.lib : copy_decompress_lzss.c.obj (.text:decompress:lzss:__TI_decompress_lzss)
                  20014f30    00000068                           : printf.c.obj (.text:printf)
                  20014f98    00000068     sysbios.aem4 : BIOS.obj (.text:pthread_exit)
                  20015000    00000068     simplelink.a : cc_pal.obj (.text:spi_Open)
                  20015068    00000068     sysbios.aem4 : BIOS.obj (.text:ti_sysbios_family_arm_cc32xx_Seconds_getTime__E)
                  200150d0    00000064     drivers_cc32xx.a : GPIOCC32XX.oem4 (.text:GPIO_toggle)
                  20015134    00000064     mqtt_release.a : mqtt_common.oem4 (.text:MQTT_packetPubAppendTopic)
                  20015198    00000064     drivers_cc32xx.a : PowerCC32XX.oem4 (.text:PowerCC32XX_setParkState)
                  200151fc    00000064     mqtt_release.a : client_core.oem4 (.text:clientReset)
                  20015260    00000064                    : client_core.oem4 (.text:doNetClose)
                  200152c4    00000064     rtsv7M4_T_le_eabi.lib : fseek.c.obj (.text:fseek)
                  20015328    00000064     sysbios.aem4 : BIOS.obj (.text:ti_sysbios_family_arm_m3_Hwi_dispatchC__I)
                  2001538c    00000062     rtsv7M4_T_le_eabi.lib : _io_perm.c.obj (.text:__TI_wrt_ok)
                  200153ee    00000002     --HOLE-- [fill = 0]
                  200153f0    00000060                           : hostopen.c.obj (.text:HOSTopen)
                  20015450    00000060     driverlib.a : prcm.obj (.text:PRCMSysResetCauseGet)
                  200154b0    00000060     slnetsock_release.a : slnetsock.oem4 (.text:SlNetSock_recvFrom)
                  20015510    00000060                         : slnetsock.oem4 (.text:SlNetSock_sendTo)
                  20015570    00000060     drivers_cc32xx.a : UARTCC32XXDMA.oem4 (.text:UARTCC32XXDMA_control)
                  200155d0    00000060     sysbios.aem4 : BIOS.obj (.text:ti_sysbios_knl_Semaphore_post__E)
                  20015630    00000060                  : BIOS.obj (.text:ti_sysbios_knl_Swi_run__I)
                  20015690    0000005e     slnetifwifi.a : slnetifwifi.obj (.text:SlNetIfWifi_setSockOpt)
                  200156ee    00000002     --HOLE-- [fill = 0]
                  200156f0    0000005c     drivers_cc32xx.a : GPIOCC32XX.oem4 (.text:GPIO_setCallback)
                  2001574c    0000005c     mqtt_release.a : client_core.oem4 (.text:MQTTClientCore_exitLib)
                  200157a8    0000005c                    : mqtt_net_func.oem4 (.text:MQTTNet_tcpListen)
                  20015804    0000005c     slnetifwifi.a : slwificonn.obj (.text:SlWifiConn_enable)
                  20015860    0000005c     simplelink.a : spawn.obj (.text:_SlInternalSpawn)
                  200158bc    0000005c     rtsv7M4_T_le_eabi.lib : close.c.obj (.text:close)
                  20015918    0000005c                           : s_frexp.c.obj (.text:frexp)
                  20015974    00000004     slnetsock_release.a : slnetutils.oem4 (.text:SlNetUtil_init)
                  20015978    0000005c     sysbios.aem4 : BIOS.obj (.text:ti_sysbios_family_arm_m3_Timer_start__E)
                  200159d4    00000004     rtsv7M4_T_le_eabi.lib : printf.c.obj (.text:_outc)
                  200159d8    0000005c     sysbios.aem4 : BIOS.obj (.text:ti_sysbios_knl_Swi_schedule__I)
                  20015a34    00000004     rtsv7M4_T_le_eabi.lib : printf.c.obj (.text:_outs)
                  20015a38    0000005c     sysbios.aem4 : BIOS.obj (.text:ti_sysbios_knl_Task_startCore__E)
                  20015a94    00000004     mqtt_release.a : mqttclient.oem4 (.text:mutexLockup)
                  20015a98    0000005c     sysbios.aem4 : BIOS.obj (.text:xdc_runtime_Startup_exec__E)
                  20015af4    00000058     drivers_cc32xx.a : GPIOCC32XX.oem4 (.text:GPIO_write)
                  20015b4c    00000058     rtsv7M4_T_le_eabi.lib : hostread.c.obj (.text:HOSTread)
                  20015ba4    00000058                           : hostwrite.c.obj (.text:HOSTwrite)
                  20015bfc    00000058     driverlib.a : prcm.obj (.text:PRCMPeripheralReset)
                  20015c54    00000058     drivers_cc32xx.a : PowerCC32XX.oem4 (.text:Power_releaseDependency)
                  20015cac    00000058     slnetsock_release.a : slnetsock.oem4 (.text:SlNetSock_recv)
                  20015d04    00000058                         : slnetsock.oem4 (.text:SlNetSock_send)
                  20015d5c    00000058     simplelink.a : sl_socket.obj (.text:_SlDrvClearCtrlSocket)
                  20015db4    00000058                  : driver.obj (.text:_SlFindAndReleasePendingCmd)
                  20015e0c    00000058     mqtt_release.a : client_core.oem4 (.text:clRecv)
                  20015e64    00000058                    : client_core.oem4 (.text:singleCtxKaSequence)
                  20015ebc    00000058     simplelink.a : sl_socket.obj (.text:sl_Listen)
                  20015f14    00000058                  : eventreg.obj (.text:sl_RegisterLibsEventHandler)
                  20015f6c    00000058     ti_net_config.obj (.text:ti_net_SlNet_initConfig)
                  20015fc4    00000004     mqtt_release.a : mqttclient.oem4 (.text:mutexUnlock)
                  20015fc8    00000058     sysbios.aem4 : BIOS.obj (.text:ti_sysbios_family_arm_cc32xx_Seconds_getCount__I)
                  20016020    00000056     mqtt_release.a : mqtt_common.oem4 (.text:MQTT_packetPubAppendData)
                  20016076    00000056     rtsv7M4_T_le_eabi.lib : _printfi.c.obj (.text:_pconv_f)
                  200160cc    00000056     mqtt_release.a : client_core.oem4 (.text:procAckMsgRx)
                  20016122    00000002     --HOLE-- [fill = 0]
                  20016124    00000054     uart_term.obj (.text:InitTerm)
                  20016178    00000054     mqtt_release.a : client_core.oem4 (.text:MQTTClientCore_deleteCtx)
                  200161cc    00000054                    : client_core.oem4 (.text:MQTTClientCore_sendDisconn)
                  20016220    00000054     simplelink.a : driver.obj (.text:_SlDrvRxIrqHandler)
                  20016274    00000054     rtsv7M4_T_le_eabi.lib : _ltoa.c.obj (.text:__TI_ltoa)
                  200162c8    00000054     mqtt_release.a : client_core.oem4 (.text:grpNetSetupCreate)
                  2001631c    00000004     release_pem4.oem4 (.text:ti_sysbios_BIOS_RtsGateProxy_enter__E)
                  20016320    00000054     sysbios.aem4 : BIOS.obj (.text:mq_close)
                  20016374    00000054     release_pem4.oem4 (.text:ti_sysbios_family_arm_m3_Hwi_create)
                  200163c8    00000054     release_pem4.oem4 (.text:ti_sysbios_knl_Mailbox_create)
                  2001641c    00000052     drivers_cc32xx.a : PowerCC32XX_asm.oem4 (.text:PowerCC32XX_resumeLPDS)
                  2001646e    00000052     rtsv7M4_T_le_eabi.lib : _printfi.c.obj (.text:_ecpy)
                  200164c0    00000052     drivers_cc32xx.a : TimerCC32XX.oem4 (.text:initHw)
                  20016512    00000002     --HOLE-- [fill = 0]
                  20016514    00000050     simplelink.a : cc_pal.obj (.text:NwpRegisterInterruptHandler)
                  20016564    00000050     slnetsock_release.a : slnetif.oem4 (.text:SlNetIf_queryIf)
                  200165b4    00000050     drivers_cc32xx.a : TimerCC32XX.oem4 (.text:TimerCC32XX_allocateTimerResource)
                  20016604    00000050                      : UARTCC32XXDMA.oem4 (.text:UARTCC32XXDMA_writePolling)
                  20016654    00000050     simplelink.a : sl_socket.obj (.text:_SlDrvCloseCtrlSocket)
                  200166a4    00000050                  : driver.obj (.text:_SlDrvCmdSend_noWait)
                  200166f4    00000050                  : driver.obj (.text:_SlDrvUpdateApiInProgress)
                  20016744    00000050                  : spawn.obj (.text:_SlInternalSpawnTaskEntry)
                  20016794    00000050                  : eventreg.obj (.text:_SlNetAppHttpServerHdlr)
                  200167e4    00000050                  : eventreg.obj (.text:_SlNetAppRequestHdlr)
                  20016834    00000050     mqtt_release.a : client_core.oem4 (.text:_procAckMsgRx)
                  20016884    00000004     release_pem4.oem4 (.text:ti_sysbios_BIOS_RtsGateProxy_leave__E)
                  20016888    00000050     sysbios.aem4 : BIOS.obj (.text:mq_send)
                  200168d8    00000050                  : BIOS.obj (.text:ti_sysbios_family_arm_m3_Hwi_Module_startup__E)
                  20016928    00000050                  : BIOS.obj (.text:ti_sysbios_family_arm_m3_Timer_setPeriod__E)
                  20016978    00000050     release_pem4.oem4 (.text:ti_sysbios_knl_Task_create)
                  200169c8    0000004e     mqtt_release.a : client_core.oem4 (.text:MQTTClientCore_registerWillInfo)
                  20016a16    0000004e     drivers_cc32xx.a : UARTCC32XXDMA.oem4 (.text:writeCancel)
                  20016a64    0000004c                      : GPIOCC32XX.oem4 (.text:GPIO_disableInt)
                  20016ab0    0000004c                      : GPIOCC32XX.oem4 (.text:GPIO_enableInt)
                  20016afc    0000004c     simplelink.a : cc_pal.obj (.text:NwpWaitForShutDownInd)
                  20016b48    0000004c     drivers_cc32xx.a : PowerCC32XX.oem4 (.text:PowerCC32XX_parkPin)
                  20016b94    0000004c     slnetifwifi.a : slnetifwifi.obj (.text:SlNetIfWifi_getConnectionStatus)
                  20016be0    0000004c                   : slnetifwifi.obj (.text:SlNetIfWifi_getIPAddr)
                  20016c2c    0000004c     slnetsock_release.a : slnetsock.oem4 (.text:SlNetSock_freeVirtualSocket)
                  20016c78    0000004c                         : slnetsock.oem4 (.text:SlNetSock_startSec)
                  20016cc4    0000004c     slnetifwifi.a : slwificonn.obj (.text:SlWifiConn_disable)
                  20016d10    0000004c     rtsv7M4_T_le_eabi.lib : fflush.c.obj (.text:__TI_doflush)
                  20016d5c    0000004c     mqtt_release.a : client_core.oem4 (.text:ack1WlMqpDispatch)
                  20016da8    0000004c     rtsv7M4_T_le_eabi.lib : atoi.c.obj (.text:atoi)
                  20016df4    0000004c                           : cpy_tbl.c.obj (.text:copy_in)
                  20016e40    0000004c     mqtt_release.a : client_core.oem4 (.text:loopbTrigger)
                  20016e8c    0000004c     drivers_cc32xx.a : PowerCC32XX.oem4 (.text:restorePeriphClocks)
                  20016ed8    0000004c     mqtt_release.a : client_core.oem4 (.text:singleCtxRxPrep)
                  20016f24    0000004c     simplelink.a : wlan.obj (.text:sl_WlanSetMode)
                  20016f70    0000004c     sysbios.aem4 : m3_TaskSupport_asm.obj (.text:ti_sysbios_family_arm_m3_TaskSupport_buildTaskStack)
                  20016fbc    00000004     release_pem4.oem4 (.text:ti_sysbios_family_arm_m3_Hwi_delete)
                  20016fc0    0000004c     sysbios.aem4 : BIOS.obj (.text:ti_sysbios_heaps_HeapMem_getStats__E)
                  2001700c    00000004     release_pem4.oem4 (.text:ti_sysbios_family_arm_m3_TaskSupport_Module__startupDone__S)
                  20017010    0000004c     sysbios.aem4 : BIOS.obj (.text:ti_sysbios_knl_Swi_runLoop__I)
                  2001705c    00000004     release_pem4.oem4 (.text:ti_sysbios_heaps_HeapMem_Module_GateProxy_enter__E)
                  20017060    0000004c     sysbios.aem4 : BIOS.obj (.text:ti_sysbios_knl_Task_allBlockedFunction__I)
                  200170ac    00000004     release_pem4.oem4 (.text:ti_sysbios_heaps_HeapMem_Module_GateProxy_leave__E)
                  200170b0    0000004c     sysbios.aem4 : BIOS.obj (.text:ti_sysbios_knl_Task_schedule__I)
                  200170fc    0000004a     mqtt_release.a : client_core.oem4 (.text:clCtxRecv)
                  20017146    0000004a     drivers_cc32xx.a : UARTCC32XXDMA.oem4 (.text:readCancel)
                  20017190    00000048     driverlib.a : flash.obj (.text:FlashDisable)
                  200171d8    00000048     mqtt_release.a : mqttclient.oem4 (.text:MQTTClient_set)
                  20017220    00000048     driverlib.a : prcm.obj (.text:PRCMLPDSEnter)
                  20017268    00000048                 : prcm.obj (.text:PRCMPeripheralClkEnable)
                  200172b0    00000048     drivers_cc32xx.a : PowerCC32XX.oem4 (.text:Power_releaseConstraint)
                  200172f8    00000048     slnetsock_release.a : slnetsock.oem4 (.text:SlNetSock_connect)
                  20017340    00000048                         : slnetsock.oem4 (.text:SlNetSock_init)
                  20017388    00000048                         : slnetsock.oem4 (.text:SlNetSock_setOpt)
                  200173d0    00000048     simplelink.a : eventreg.obj (.text:_SlDeviceFatalErrorEvtHdlr)
                  20017418    00000048                  : eventreg.obj (.text:_SlDeviceGeneralEvtHdlr)
                  20017460    00000048                  : driver.obj (.text:_SlDrvBasicCmd)
                  200174a8    00000048                  : driver.obj (.text:_SlDrvSyncObjWaitTimeout)
                  200174f0    00000048                  : eventreg.obj (.text:_SlNetAppEvtHdlr)
                  20017538    00000048                  : eventreg.obj (.text:_SlNetAppRequestMemFree)
                  20017580    00000048                  : eventreg.obj (.text:_SlSockEvtHdlr)
                  200175c8    00000048                  : eventreg.obj (.text:_SlWlanEvtHdlr)
                  20017610    00000048     mqtt_release.a : client_core.oem4 (.text:bufUTF8WrTry)
                  20017658    00000048                    : client_core.oem4 (.text:clCtxSetup)
                  200176a0    00000048     sysbios.aem4 : BIOS.obj (.text:pthread_mutex_init)
                  200176e8    00000048     rtsv7M4_T_le_eabi.lib : fd_toi_t2.asm.obj (.text)
                  20017730    00000048     sysbios.aem4 : BIOS.obj (.text:ti_sysbios_family_arm_m3_Hwi_disableInterrupt__E)
                  20017778    00000048                  : BIOS.obj (.text:ti_sysbios_family_arm_m3_Hwi_enableInterrupt__E)
                  200177c0    00000048                  : m3_Hwi_asm_switch.obj (.text:ti_sysbios_family_arm_m3_Hwi_initStacks__E)
                  20017808    00000048                  : BIOS.obj (.text:ti_sysbios_family_arm_m3_Timer_initDevice__I)
                  20017850    00000048                  : BIOS.obj (.text:ti_sysbios_knl_Mailbox_Module_startup__E)
                  20017898    00000048     mqtt_release.a : client_core.oem4 (.text:wrConnectVh)
                  200178e0    00000048     sysbios.aem4 : BIOS.obj (.text:xdc_runtime_Core_assignParams__I)
                  20017928    00000046     drivers_cc32xx.a : TimerCC32XX.oem4 (.text:getPrescaler)
                  2001796e    00000002     --HOLE-- [fill = 0]
                  20017970    00000044     rtsv7M4_T_le_eabi.lib : hostclose.c.obj (.text:HOSTclose)
                  200179b4    00000044                           : hostunlink.c.obj (.text:HOSTunlink)
                  200179f8    00000044     mqtt_release.a : client_core.oem4 (.text:MQTTClientCore_run)
                  20017a3c    00000044                    : mqtt_net_func.oem4 (.text:MQTTNet_tcpRecv)
                  20017a80    00000044                    : mqttclient.oem4 (.text:MqttClientCtxDelete)
                  20017ac4    00000044     driverlib.a : prcm.obj (.text:PRCMLPDSRestoreInfoSet)
                  20017b08    00000044     drivers_cc32xx.a : PowerCC32XX_asm.oem4 (.text:PowerCC32XX_enterLPDS)
                  20017b4c    00000044                      : SPI.oem4 (.text:SPI_init)
                  20017b90    00000044     slnetsock_release.a : slnetutils.oem4 (.text:SlNetUtil_strTok)
                  20017bd4    00000044     drivers_cc32xx.a : Timer.oem4 (.text:Timer_start)
                  20017c18    00000044                      : UART.oem4 (.text:UART_init)
                  20017c5c    00000044     boot.aem4 : boot.oem4 (.text)
                  20017ca0    00000044     rtsv7M4_T_le_eabi.lib : getdevice.c.obj (.text:getdevice)
                  20017ce4    00000004     release_pem4.oem4 (.text:ti_sysbios_knl_Clock_TimerProxy_getMaxTicks__E)
                  20017ce8    00000044     sysbios.aem4 : BIOS.obj (.text:ti_sysbios_family_arm_m3_Hwi_getStackInfo__E)
                  20017d2c    00000004     release_pem4.oem4 (.text:ti_sysbios_knl_Clock_TimerProxy_setPeriodMicroSecs__E)
                  20017d30    00000044     sysbios.aem4 : BIOS.obj (.text:ti_sysbios_knl_Mailbox_postInit__I)
                  20017d74    00000004     release_pem4.oem4 (.text:ti_sysbios_knl_Clock_TimerProxy_start__E)
                  20017d78    00000044     sysbios.aem4 : BIOS.obj (.text:ti_sysbios_knl_Swi_post__E)
                  20017dbc    00000044     mqtt_release.a : client_core.oem4 (.text:vhMsgSend)
                  20017e00    00000044     sysbios.aem4 : BIOS.obj (.text:xdc_runtime_System_atexit__E)
                  20017e44    00000042     mqtt_release.a : mqtt_common.oem4 (.text:MQTT_packetBufRdRemlen)
                  20017e86    00000002     --HOLE-- [fill = 0]
                  20017e88    00000040     dpl_cc32xx.a : ClockP_tirtos.oem4 (.text:ClockP_create)
                  20017ec8    00000040     simplelink.a : sl_socket.obj (.text:CountSetBits)
                  20017f08    00000040     dpl_cc32xx.a : HwiP_tirtos.oem4 (.text:HwiP_create)
                  20017f48    00000040     network_if.obj (.text:InitializeAppVariables)
                  20017f88    00000040     mqtt_release.a : client_core.oem4 (.text:MQTTClientCore_registerCtxInfo)
                  20017fc8    00000040     driverlib.a : pin.obj (.text:PinModeSet)
                  20018008    00000040     drivers_cc32xx.a : SPI.oem4 (.text:SPI_open)
                  20018048    00000040     network_if.obj (.text:SimpleLinkGeneralEventHandler)
                  20018088    00000040     slnetsock_release.a : slnetif.oem4 (.text:SlNetIf_configCheck)
                  200180c8    00000040                         : slnetsock.oem4 (.text:SlNetSock_bind)
                  20018108    00000040     drivers_cc32xx.a : TimerCC32XX.oem4 (.text:TimerSupport_timerEnable)
                  20018148    00000040                      : TimerCC32XX.oem4 (.text:Timer_close)
                  20018188    00000040                      : UART.oem4 (.text:UART_open)
                  200181c8    00000040                      : UDMACC32XX.oem4 (.text:UDMACC32XX_init)
                  20018208    00000040     simplelink.a : driver.obj (.text:_SlDrvGlobalObjUnLock)
                  20018248    00000040                  : spawn.obj (.text:_SlInternalSpawnWaitForEvent)
                  20018288    00000040                  : eventreg.obj (.text:_SlIsEventRegistered)
                  200182c8    00000040     mqtt_release.a : mqttclient.oem4 (.text:_sl_ExtLib_ServerAckLockedWait)
                  20018308    00000040     sysbios.aem4 : BIOS.obj (.text:mq_receive)
                  20018348    00000040     mqtt_release.a : client_core.oem4 (.text:netConnect)
                  20018388    00000040     sysbios.aem4 : BIOS.obj (.text:ti_sysbios_heaps_HeapMem_Instance_init__E)
                  200183c8    00000040                  : BIOS.obj (.text:ti_sysbios_knl_Clock_Instance_init__E)
                  20018408    00000040     rtsv7M4_T_le_eabi.lib : vsnprintf.c.obj (.text:vsnprintf)
                  20018448    0000003e     mqtt_release.a : mqtt_common.oem4 (.text:MQTT_packetAckWlistRemove)
                  20018486    0000003e                    : mqtt_common.oem4 (.text:MQTT_packetBufTailWrRemlen)
                  200184c4    0000003e     slnetsock_release.a : slnetsock.oem4 (.text:SlNetSock_close)
                  20018502    0000003e     simplelink.a : sl_socket.obj (.text:_SlSocketBuildAddress)
                  20018540    0000003e     rtsv7M4_T_le_eabi.lib : _printfi.c.obj (.text:_fcpy)
                  2001857e    0000003e     mqtt_release.a : client_core.oem4 (.text:clCtxSeg1Send)
                  200185bc    0000003e                    : client_core.oem4 (.text:procPingrspRx)
                  200185fa    0000003e     release_pem4.oem4 (.text:realloc)
                  20018638    0000003e     sysbios.aem4 : BIOS.obj (.text:sem_timedwait)
                  20018676    00000002     --HOLE-- [fill = 0]
                  20018678    0000003c     mqtt_release.a : client_core.oem4 (.text:MQTTClientCore_registerBuffers)
                  200186b4    0000003c                    : mqttclient.oem4 (.text:MQTTClient_disconnect)
                  200186f0    0000003c                    : mqtt_common.oem4 (.text:MQTT_qos2PubCqCheck)
                  2001872c    0000003c     network_if.obj (.text:Network_IF_DisconnectFromAP)
                  20018768    0000003c     drivers_cc32xx.a : PowerCC32XX.oem4 (.text:Power_setConstraint)
                  200187a4    0000003c     dpl_cc32xx.a : SemaphoreP_tirtos.oem4 (.text:SemaphoreP_create)
                  200187e0    0000003c     simplelink.a : netapp.obj (.text:_SlNetAppCopyPingResultsToReport)
                  2001881c    0000003c     mqtt_client_app.obj (.text:detectLongPress)
                  20018858    0000003c     mqtt_release.a : mqttclient.oem4 (.text:processDisconnCB)
                  20018894    00000004     release_pem4.oem4 (.text:ti_sysbios_knl_Clock_TimerProxy_stop__E)
                  20018898    0000003c     sysbios.aem4 : BIOS.obj (.text:pthread_mutex_unlock)
                  200188d4    0000003c     mqtt_release.a : client_core.oem4 (.text:singleCtxRxPrepLocked)
                  20018910    0000003c     sysbios.aem4 : BIOS.obj (.text:sleep)
                  2001894c    0000003c     mqtt_release.a : client_core.oem4 (.text:tailIncorpMsgID)
                  20018988    0000003c     sysbios.aem4 : BIOS.obj (.text:ti_sysbios_family_arm_m3_Hwi_Instance_finalize__E)
                  200189c4    00000004     release_pem4.oem4 (.text:ti_sysbios_knl_Clock_delete)
                  200189c8    0000003c     sysbios.aem4 : BIOS.obj (.text:ti_sysbios_family_arm_m3_Timer_setPeriodMicroSecs__E)
                  20018a04    0000003c     release_pem4.oem4 (.text:ti_sysbios_knl_Clock_create)
                  20018a40    0000003c     sysbios.aem4 : BIOS.obj (.text:ti_sysbios_knl_Clock_walkQueuePeriodic__E)
                  20018a7c    00000004     release_pem4.oem4 (.text:ti_sysbios_knl_Semaphore_delete)
                  20018a80    0000003c     sysbios.aem4 : BIOS.obj (.text:ti_sysbios_knl_Swi_restore__E)
                  20018abc    0000003c     simplelink.a : sl_socket.obj (.text:to_mSec)
                  20018af8    0000003c     sysbios.aem4 : BIOS.obj (.text:usleep)
                  20018b34    00000004     release_pem4.oem4 (.text:ti_sysbios_knl_Task_delete)
                  20018b38    0000003c     sysbios.aem4 : BIOS.obj (.text:xdc_runtime_System_processAtExit__E)
                  20018b74    0000003a     dpl_cc32xx.a : PowerCC32XX_tirtos.oem4 (.text:getCountsRTC)
                  20018bae    0000003a     mqtt_release.a : mqtt_common.oem4 (.text:mqpProcVhMsgIdRx)
                  20018be8    00000038     drivers_cc32xx.a : GPIOCC32XX.oem4 (.text:GPIO_read)
                  20018c20    00000038     mqtt_release.a : client_core.oem4 (.text:MQTTClientCore_registerNetSvc)
                  20018c58    00000038                    : mqtt_common.oem4 (.text:MQTT_qos2PubCqLogup)
                  20018c90    00000038     driverlib.a : prcm.obj (.text:PRCMLPDSEnterKeepDebugIf)
                  20018cc8    00000038     slnetifwifi.a : slnetifwifi.obj (.text:SlNetIfWifi_recvFrom)
                  20018d00    00000038                   : slnetifwifi.obj (.text:SlNetIfWifi_sendTo)
                  20018d38    00000038                   : slnetifwifi.obj (.text:SlNetIfWifi_socket)
                  20018d70    00000038     slnetsock_release.a : slnetsock.oem4 (.text:SlNetSock_listen)
                  20018da8    00000038                         : slnetutils.oem4 (.text:SlNetUtil_htonl)
                  20018de0    00000038     rtsv7M4_T_le_eabi.lib : trgmsg.c.obj (.text:__TI_writemsg)
                  20018e18    00000038     mqtt_release.a : client_core.oem4 (.text:mqpAllocAtomic)
                  20018e50    00000038                    : client_core.oem4 (.text:netRecv)
                  20018e88    00000038     drivers_cc32xx.a : PowerCC32XX.oem4 (.text:notify)
                  20018ec0    00000038                      : UARTCC32XXDMA.oem4 (.text:startTxFifoEmptyClk)
                  20018ef8    00000038     sysbios.aem4 : BIOS.obj (.text:ti_sysbios_knl_Task_processVitalTaskFlag__I)
                  20018f30    00000037     network_if.obj (.text:Network_IF_DeInitDriver)
                  20018f67    00000001     --HOLE-- [fill = 0]
                  20018f68    00000036     mqtt_release.a : mqtt_common.oem4 (.text:MQTT_packetPrepFh)
                  20018f9e    00000036     slnetifwifi.a : slnetifwifi.obj (.text:SlNetIfWifi_getHostByName)
                  20018fd4    00000036                   : slnetifwifi.obj (.text:SlNetIfWifi_select)
                  2001900a    00000036     driverlib.a : timer.obj (.text:TimerControlStall)
                  20019040    00000036     drivers_cc32xx.a : Timer.oem4 (.text:Timer_stop)
                  20019076    00000036     mqtt_release.a : client_core.oem4 (.text:_procPubRecRx)
                  200190ac    00000036     rtsv7M4_T_le_eabi.lib : strncpy.c.obj (.text:strncpy)
                  200190e2    00000002     --HOLE-- [fill = 0]
                  200190e4    00000034     driverlib.a : pin.obj (.text:PinModeGet)
                  20019118    00000034     drivers_cc32xx.a : PowerCC32XX.oem4 (.text:PowerCC32XX_restoreParkState)
                  2001914c    00000034     slnetifwifi.a : slnetifwifi.obj (.text:SlNetIfWifi_CreateContext)
                  20019180    00000034     slnetsock_release.a : slnetif.oem4 (.text:SlNetIf_init)
                  200191b4    00000034                         : slnetutils.oem4 (.text:SlNetUtil_htons)
                  200191e8    00000034     drivers_cc32xx.a : TimerCC32XX.oem4 (.text:TimerCC32XX_freeTimerResource)
                  2001921c    00000034                      : TimerCC32XX.oem4 (.text:TimerCC32XX_hwiIntFunction)
                  20019250    00000034                      : UDMACC32XX.oem4 (.text:UDMACC32XX_close)
                  20019284    00000034     rtsv7M4_T_le_eabi.lib : fopen.c.obj (.text:__TI_cleanup)
                  200192b8    00000034                           : trgmsg.c.obj (.text:__TI_readmsg)
                  200192ec    00000034     drivers_cc32xx.a : TimerCC32XX.oem4 (.text:getPowerMgrId)
                  20019320    00000034     mqtt_release.a : client_core.oem4 (.text:groupCtxsKaSequence)
                  20019354    00000034                    : client_core.oem4 (.text:mqpFreeLocked)
                  20019388    00000034                    : client_core.oem4 (.text:procLoopbackRecv)
                  200193bc    00000004     release_pem4.oem4 (.text:xdc_runtime_System_Module_GateProxy_enter__E)
                  200193c0    00000034     sysbios.aem4 : BIOS.obj (.text:ti_sysbios_family_arm_m3_Timer_periodicStub__I)
                  200193f4    00000034     release_pem4.oem4 (.text:ti_sysbios_knl_Semaphore_create)
                  20019428    00000034     drivers_cc32xx.a : UARTCC32XXDMA.oem4 (.text:writeFinishedDoCallback)
                  2001945c    00000032     mqtt_release.a : mqtt_common.oem4 (.text:MQTT_clCtxTimeoutInsert)
                  2001948e    00000032                    : client_core.oem4 (.text:connectedStateRx)
                  200194c0    00000032     sysbios.aem4 : BIOS.obj (.text:ti_sysbios_hal_Hwi_initStack)
                  200194f2    00000030     drivers_cc32xx.a : PowerCC32XX.oem4 (.text:PowerCC32XX_restoreParkedPin)
                  20019522    00000030     simplelink.a : fs.obj (.text:_SlFsStrlen)
                  20019552    00000030     rtsv7M4_T_le_eabi.lib : vsnprintf.c.obj (.text:_outs)
                  20019582    00000030     mqtt_release.a : client_core.oem4 (.text:ack2MsgIdUnlog)
                  200195b2    00000002     --HOLE-- [fill = 0]
                  200195b4    00000030                    : client_core.oem4 (.text:clientDescInit)
                  200195e4    00000004     release_pem4.oem4 (.text:xdc_runtime_System_Module_GateProxy_leave__E)
                  200195e8    00000030     sysbios.aem4 : BIOS.obj (.text:findInList$42)
                  20019618    00000030     rtsv7M4_T_le_eabi.lib : getdevice.c.obj (.text:finddevice)
                  20019648    00000030     mqtt_release.a : mqttclient.oem4 (.text:getAvailableClictxMem)
                  20019678    00000030     sysbios.aem4 : BIOS.obj (.text:getTime$21)
                  200196a8    00000030     release_pem4.oem4 (.text:ti_sysbios_BIOS_atExitFunc__I)
                  200196d8    00000030     release_pem4.oem4 (.text:ti_sysbios_BIOS_startFunc__I)
                  20019708    00000030     sysbios.aem4 : BIOS.obj (.text:ti_sysbios_family_arm_m3_TaskSupport_start__E)
                  20019738    00000030     release_pem4.oem4 (.text:ti_sysbios_gates_GateHwi_Object__create__S)
                  20019768    00000030     release_pem4.oem4 (.text:ti_sysbios_gates_GateMutex_Object__create__S)
                  20019798    00000030     sysbios.aem4 : BIOS.obj (.text:ti_sysbios_gates_GateMutex_enter__E)
                  200197c8    00000030     release_pem4.oem4 (.text:ti_sysbios_heaps_HeapMem_Object__create__S)
                  200197f8    00000030     release_pem4.oem4 (.text:ti_sysbios_knl_Semaphore_construct)
                  20019828    00000030     sysbios.aem4 : BIOS.obj (.text:ti_sysbios_knl_Semaphore_pendTimeout__I)
                  20019858    00000030                  : BIOS.obj (.text:ti_sysbios_knl_Task_restore__E)
                  20019888    00000030                  : BIOS.obj (.text:ti_sysbios_knl_Task_unblockI__E)
                  200198b8    00000030     release_pem4.oem4 (.text:ti_sysbios_rts_MemAlloc_alloc)
                  200198e8    0000002e     simplelink.a : cc_pal.obj (.text:Mutex_create_handle)
                  20019916    0000002e     rtsv7M4_T_le_eabi.lib : i_tofd_t2.asm.obj (.text)
                  20019944    0000002c     drivers_cc32xx.a : GPIOCC32XX.oem4 (.text:GPIO_clearInt)
                  20019970    0000002c     simplelink.a : cc_pal.obj (.text:NwpPowerOn)
                  2001999c    0000002c     drivers_cc32xx.a : PowerCC32XX.oem4 (.text:PowerCC32XX_getParkState)
                  200199c8    0000002c     dpl_cc32xx.a : SemaphoreP_tirtos.oem4 (.text:SemaphoreP_constructBinary)
                  200199f4    0000002c                  : SemaphoreP_tirtos.oem4 (.text:SemaphoreP_createBinary)
                  20019a20    0000002c     slnetifwifi.a : slnetifwifi.obj (.text:SlNetIfWifi_recv)
                  20019a4c    0000002c                   : slnetifwifi.obj (.text:SlNetIfWifi_send)
                  20019a78    0000002c     simplelink.a : driver.obj (.text:_SlDrvSyncObjWaitForever)
                  20019aa4    00000004     --HOLE-- [fill = 0]
                  20019aa8    0000002c     sysbios.aem4 : BIOS.obj (.text:_pthread_cleanupFxn)
                  20019ad4    00000004     --HOLE-- [fill = 0]
                  20019ad8    0000002c                  : BIOS.obj (.text:_pthread_delete$43)
                  20019b04    00000004     --HOLE-- [fill = 0]
                  20019b08    0000002c                  : BIOS.obj (.text:clockFxn$41)
                  20019b34    0000002c     mqtt_release.a : client_core.oem4 (.text:doNetCloseRx)
                  20019b60    0000002c                    : client_core.oem4 (.text:singleCtxAdjWaitSecsGet)
                  20019b8c    00000004     --HOLE-- [fill = 0]
                  20019b90    0000002c     sysbios.aem4 : BIOS.obj (.text:ti_sysbios_family_arm_m3_TimestampProvider_Module_startup__E)
                  20019bbc    0000002c     release_pem4.oem4 (.text:ti_sysbios_gates_GateHwi_Handle__label__S)
                  20019be8    0000002c     release_pem4.oem4 (.text:ti_sysbios_gates_GateMutex_Handle__label__S)
                  20019c14    0000002c     release_pem4.oem4 (.text:ti_sysbios_gates_GateMutex_construct)
                  20019c40    0000002c     release_pem4.oem4 (.text:ti_sysbios_heaps_HeapMem_Handle__label__S)
                  20019c6c    0000002c     release_pem4.oem4 (.text:ti_sysbios_knl_Clock_doTick__I)
                  20019c98    0000002c     release_pem4.oem4 (.text:ti_sysbios_knl_Queue_construct)
                  20019cc4    0000002c     rtsv7M4_T_le_eabi.lib : unlink.c.obj (.text:unlink)
                  20019cf0    0000002a     slnetsock_release.a : slnetutils.oem4 (.text:SlNetUtil_inetPton)
                  20019d1a    0000002a     driverlib.a : timer.obj (.text:TimerLoadSet)
                  20019d44    0000002a                 : timer.obj (.text:TimerPrescaleSet)
                  20019d6e    0000002a     drivers_cc32xx.a : UARTCC32XXDMA.oem4 (.text:UARTCC32XXDMA_readCancel)
                  20019d98    0000002a                      : UARTCC32XXDMA.oem4 (.text:UARTCC32XXDMA_writeCancel)
                  20019dc2    0000002a     mqtt_release.a : client_core.oem4 (.text:ack2MsgIdDispatch)
                  20019dec    0000002a     release_pem4.oem4 (.text:calloc)
                  20019e16    0000002a     mqtt_release.a : client_core.oem4 (.text:pingReqSend)
                  20019e40    0000002a     sysbios.aem4 : BIOS.obj (.text:sem_init)
                  20019e6a    0000002a     mqtt_release.a : client_core.oem4 (.text:txPartSetup)
                  20019e94    00000028                    : mqtt_common.oem4 (.text:MQTT_packetBufWrUtf8)
                  20019ebc    00000028     driverlib.a : prcm.obj (.text:PRCMPeripheralClkDisable)
                  20019ee4    00000028     dpl_cc32xx.a : PowerCC32XX_tirtos.oem4 (.text:PowerCC32XX_initPolicy)
                  20019f0c    00000028     drivers_cc32xx.a : PowerCC32XX.oem4 (.text:Power_registerNotify)
                  20019f34    00000028     slnetsock_release.a : slnetif.oem4 (.text:SlNetIf_callback)
                  20019f5c    00000028                         : slnetif.oem4 (.text:SlNetIf_getIfByID)
                  20019f84    00000028                         : slnetsock.oem4 (.text:SlNetSock_sdsIsSet)
                  20019fac    00000028                         : slnetsock.oem4 (.text:SlNetSock_sdsSet)
                  20019fd4    00000028                         : slnetsock.oem4 (.text:SlNetSock_secAttribDelete)
                  20019ffc    00000028     slnetifwifi.a : slwificonn.obj (.text:SlWifiConn_registerNetIFCallback)
                  2001a024    00000028     simplelink.a : driver.obj (.text:_SlDrvProtectionObjLockWaitForever)
                  2001a04c    00000028                  : driver.obj (.text:_SlDrvProtectionObjUnLock)
                  2001a074    00000028                  : flowcont.obj (.text:_SlFlowContSet)
                  2001a09c    00000028     mqtt_release.a : client_core.oem4 (.text:_procPubRelRx)
                  2001a0c4    00000028                    : mqttclient.oem4 (.text:_sl_ExtLib_AwaitedAckLockedSet)
                  2001a0ec    00000028     rtsv7M4_T_le_eabi.lib : lseek.c.obj (.text:lseek)
                  2001a114    00000028                           : memmov.c.obj (.text:memmove)
                  2001a13c    00000028     sysbios.aem4 : m3_Hwi_asm.obj (.text:ti_sysbios_family_arm_m3_Hwi_excHandlerAsm__I)
                  2001a164    00000004     --HOLE-- [fill = 0]
                  2001a168    00000028                  : BIOS.obj (.text:ti_sysbios_knl_Clock_addI__E)
                  2001a190    00000028                  : BIOS.obj (.text:ti_sysbios_knl_Swi_Module_startup__E)
                  2001a1b8    00000028     rtsv7M4_T_le_eabi.lib : write.c.obj (.text:write)
                  2001a1e0    00000026     drivers_cc32xx.a : List.oem4 (.text:List_put)
                  2001a206    00000026                      : List.oem4 (.text:List_remove)
                  2001a22c    00000026     mqtt_release.a : mqtt_common.oem4 (.text:MQTT_clCtxRemove)
                  2001a252    00000002     --HOLE-- [fill = 0]
                  2001a254    00000024     drivers_cc32xx.a : PowerCC32XX.oem4 (.text:PowerCC32XX_reset)
                  2001a278    00000024     slnetsock_release.a : slnetif.oem4 (.text:SlNetIf_getConnectionStatus)
                  2001a29c    00000024     drivers_cc32xx.a : TimerCC32XX.oem4 (.text:TimerSupport_timerDisable)
                  2001a2c0    00000024     simplelink.a : driver.obj (.text:_SlDrvIsApiInProgress)
                  2001a2e4    00000024                  : driver.obj (.text:_SlDrvStartMeasureTimeout)
                  2001a308    00000024     mqtt_release.a : client_core.oem4 (.text:conn2usedCtxs)
                  2001a32c    00000024     rtsv7M4_T_le_eabi.lib : memcmp.c.obj (.text:memcmp)
                  2001a350    00000024     sysbios.aem4 : BIOS.obj (.text:pthread_attr_init)
                  2001a374    00000024     mqtt_release.a : client_core.oem4 (.text:recvHvecLoad)
                  2001a398    00000024     simplelink.a : wlan.obj (.text:sl_WlanDisconnect)
                  2001a3bc    00000024     release_pem4.oem4 (.text:ti_sysbios_BIOS_registerRTSLock__I)
                  2001a3e0    00000024     release_pem4.oem4 (.text:ti_sysbios_BIOS_removeRTSLock__I)
                  2001a404    00000004     --HOLE-- [fill = 0]
                  2001a408    00000024     sysbios.aem4 : BIOS.obj (.text:ti_sysbios_family_arm_m3_Timer_postInit__I)
                  2001a42c    00000004     --HOLE-- [fill = 0]
                  2001a430    00000024                  : BIOS.obj (.text:ti_sysbios_family_arm_m3_Timer_startup__E)
                  2001a454    00000024     release_pem4.oem4 (.text:ti_sysbios_gates_GateMutex_Object__delete__S)
                  2001a478    00000024     sysbios.aem4 : BIOS.obj (.text:ti_sysbios_knl_Clock_Module_startup__E)
                  2001a49c    00000024     release_pem4.oem4 (.text:ti_sysbios_knl_Clock_Object__delete__S)
                  2001a4c0    00000024     sysbios.aem4 : BIOS.obj (.text:ti_sysbios_knl_Clock_start__E)
                  2001a4e4    00000004     --HOLE-- [fill = 0]
                  2001a4e8    00000024                  : BIOS.obj (.text:ti_sysbios_knl_Semaphore_Instance_init__E)
                  2001a50c    00000024     release_pem4.oem4 (.text:ti_sysbios_knl_Semaphore_Object__delete__S)
                  2001a530    00000024     sysbios.aem4 : BIOS.obj (.text:ti_sysbios_knl_Task_restoreHwi__E)
                  2001a554    00000004     --HOLE-- [fill = 0]
                  2001a558    00000024                  : BIOS.obj (.text:xdc_runtime_Error_policyMin__E)
                  2001a57c    00000022     mqtt_release.a : mqtt_common.oem4 (.text:MQTT_packetProcMsgIdAckRx)
                  2001a59e    00000020                    : mqtt_common.oem4 (.text:MQTT_qos2PubCqReset)
                  2001a5be    00000002     --HOLE-- [fill = 0]
                  2001a5c0    00000020     drivers_cc32xx.a : PowerCC32XX.oem4 (.text:Power_unregisterNotify)
                  2001a5e0    00000020     slnetifwifi.a : slnetifwifi.obj (.text:SlNetIfWifi_accept)
                  2001a600    00000020     drivers_cc32xx.a : SPICC32XXDMA.oem4 (.text:getPowerMgrId)
                  2001a620    00000020                      : UARTCC32XXDMA.oem4 (.text:getPowerMgrId)
                  2001a640    00000020     rtsv7M4_T_le_eabi.lib : memchr.c.obj (.text:memchr)
                  2001a660    00000020     sysbios.aem4 : BIOS.obj (.text:sem_trywait)
                  2001a680    00000020     mqtt_release.a : client_core.oem4 (.text:session311fix)
                  2001a6a0    00000020     release_pem4.oem4 (.text:ti_sysbios_BIOS_rtsLock__I)
                  2001a6c0    00000020     release_pem4.oem4 (.text:ti_sysbios_family_arm_m3_Hwi_Object__delete__S)
                  2001a6e0    00000020     sysbios.aem4 : BIOS.obj (.text:ti_sysbios_family_arm_m3_Hwi_clearInterrupt__E)
                  2001a700    00000020     release_pem4.oem4 (.text:ti_sysbios_gates_GateHwi_Object__delete__S)
                  2001a720    00000020     release_pem4.oem4 (.text:ti_sysbios_heaps_HeapMem_Object__delete__S)
                  2001a740    00000020     sysbios.aem4 : BIOS.obj (.text:ti_sysbios_knl_Idle_run__E)
                  2001a760    00000020     release_pem4.oem4 (.text:ti_sysbios_knl_Semaphore_destruct)
                  2001a780    00000020     release_pem4.oem4 (.text:ti_sysbios_knl_Task_Object__delete__S)
                  2001a7a0    0000001e     mqtt_release.a : client_core.oem4 (.text:MQTTClientCore_alloc)
                  2001a7be    0000001e                    : client_core.oem4 (.text:MQTTClientCore_ctxRun)
                  2001a7dc    0000001e     slnetifwifi.a : slnetifwifi.obj (.text:SlNetIfWifi_bind)
                  2001a7fa    0000001e                   : slnetifwifi.obj (.text:SlNetIfWifi_connect)
                  2001a818    0000001e     driverlib.a : timer.obj (.text:TimerDisable)
                  2001a836    0000001e                 : timer.obj (.text:TimerEnable)
                  2001a854    0000001e     simplelink.a : driver.obj (.text:_SlDrvObjLockWaitForever)
                  2001a872    0000001e                  : driver.obj (.text:_SlDrvObjUnLock)
                  2001a890    0000001e                  : driver.obj (.text:_SlDrvSyncObjSignal)
                  2001a8ae    0000001e     drivers_cc32xx.a : UDMACC32XX.oem4 (.text:postNotifyFxn)
                  2001a8cc    0000001e     mqtt_release.a : client_core.oem4 (.text:procNetDataRecv)
                  2001a8ea    0000001e                    : client_core.oem4 (.text:sessionDelete)
                  2001a908    0000001e     sysbios.aem4 : m3_Hwi_asm_switch.obj (.text:ti_sysbios_family_xxx_Hwi_switchAndRunFunc)
                  2001a926    00000002     --HOLE-- [fill = 0]
                  2001a928    0000001c     uart_term.obj (.text:Message)
                  2001a944    0000001c     driverlib.a : pin.obj (.text:PinToPadGet)
                  2001a960    0000001c     simplelink.a : device.obj (.text:_SlDeviceGetStartResponseConvert)
                  2001a97c    0000001c                  : spawn.obj (.text:_SlInternalIsItSpawnThread)
                  2001a998    0000001c     mqtt_release.a : client_core.oem4 (.text:awaitsPkts)
                  2001a9b4    0000001c                    : client_core.oem4 (.text:doNetCloseTx)
                  2001a9d0    0000001c     rtsv7M4_T_le_eabi.lib : memccpy.c.obj (.text:memccpy)
                  2001a9ec    0000001c     mqtt_release.a : client_core.oem4 (.text:processRecv)
                  2001aa08    0000001c     sysbios.aem4 : BIOS.obj (.text:ti_sysbios_family_arm_m3_Hwi_excHandler__I)
                  2001aa24    00000004     --HOLE-- [fill = 0]
                  2001aa28    0000001c                  : BIOS.obj (.text:ti_sysbios_family_arm_m3_Timer_Module_startup__E)
                  2001aa44    00000004     --HOLE-- [fill = 0]
                  2001aa48    0000001c                  : BIOS.obj (.text:ti_sysbios_family_arm_m3_Timer_stop__E)
                  2001aa64    00000004     --HOLE-- [fill = 0]
                  2001aa68    0000001c                  : BIOS.obj (.text:ti_sysbios_gates_GateMutex_Instance_init__E)
                  2001aa84    00000004     --HOLE-- [fill = 0]
                  2001aa88    0000001c                  : BIOS.obj (.text:ti_sysbios_knl_Clock_Instance_finalize__E)
                  2001aaa4    0000001c     release_pem4.oem4 (.text:ti_sysbios_knl_Queue_destruct)
                  2001aac0    0000001c     sysbios.aem4 : BIOS.obj (.text:ti_sysbios_knl_Queue_get__E)
                  2001aadc    00000004     --HOLE-- [fill = 0]
                  2001aae0    0000001c                  : BIOS.obj (.text:ti_sysbios_knl_Queue_put__E)
                  2001aafc    00000004     --HOLE-- [fill = 0]
                  2001ab00    0000001c                  : BIOS.obj (.text:ti_sysbios_knl_Task_enter__I)
                  2001ab1c    00000004     --HOLE-- [fill = 0]
                  2001ab20    0000001c                  : BIOS.obj (.text:ti_sysbios_rts_ti_ReentSupport_getReent__F)
                  2001ab3c    0000001c     mqtt_release.a : client_core.oem4 (.text:usedCtxsTOSort)
                  2001ab58    0000001a                    : mqtt_common.oem4 (.text:MQTT_packetAckWlistPurge)
                  2001ab72    0000001a     slnetifwifi.a : slnetifwifi.obj (.text:SlNetIfWifi_listen)
                  2001ab8c    0000001a     release_pem4.oem4 (.text:free)
                  2001aba6    0000001a     sysbios.aem4 : m3_Hwi_asm.obj (.text:ti_sysbios_family_arm_m3_Hwi_pendSV__I)
                  2001abc0    00000018     mqtt_release.a : mqtt_common.oem4 (.text:MQTT_clCtxTimeoutUpdate)
                  2001abd8    00000018     drivers_cc32xx.a : PowerCC32XX.oem4 (.text:Power_getTransitionLatency)
                  2001abf0    00000018                      : PowerCC32XX.oem4 (.text:Power_idleFunc)
                  2001ac08    00000018     driverlib.a : timer.obj (.text:TimerIntDisable)
                  2001ac20    00000018                 : timer.obj (.text:TimerIntEnable)
                  2001ac38    00000018                 : uart.obj (.text:UARTBusy)
                  2001ac50    00000018     drivers_cc32xx.a : UART.oem4 (.text:UART_Params_init)
                  2001ac68    00000018     rtsv7M4_T_le_eabi.lib : args_main.c.obj (.text:_args_main)
                  2001ac80    00000018                           : vsnprintf.c.obj (.text:_outc)
                  2001ac98    00000018     mqtt_release.a : client_core.oem4 (.text:groupCtxsAdjWaitSecsGet)
                  2001acb0    00000018                    : client_core.oem4 (.text:netClCtxFind)
                  2001acc8    00000018     rtsv7M4_T_le_eabi.lib : ll_mul_t2.asm.obj (.text)
                  2001ace0    00000018                           : strcmp.c.obj (.text:strcmp)
                  2001acf8    00000018     release_pem4.oem4 (.text:ti_sysbios_BIOS_rtsUnlock__I)
                  2001ad10    00000018     release_pem4.oem4 (.text:ti_sysbios_family_arm_m3_Hwi_Module__startupDone__F)
                  2001ad28    00000018     release_pem4.oem4 (.text:ti_sysbios_family_arm_m3_Timer_Module__startupDone__F)
                  2001ad40    00000018     sysbios.aem4 : BIOS.obj (.text:ti_sysbios_gates_GateMutex_leave__E)
                  2001ad58    00000018                  : BIOS.obj (.text:ti_sysbios_knl_Task_sleepTimeout__I)
                  2001ad70    00000018     release_pem4.oem4 (.text:ti_sysbios_rts_ti_ReentSupport_getTlsAddr__I)
                  2001ad88    00000018     sysbios.aem4 : BIOS.obj (.text:xdc_runtime_Error_init__E)
                  2001ada0    00000018                  : BIOS.obj (.text:xdc_runtime_System_exit__E)
                  2001adb8    00000016     mqtt_release.a : mqtt_net_func.oem4 (.text:MQTTNet_commClose)
                  2001adce    00000016                    : mqtt_common.oem4 (.text:MQTT_clCtxReset)
                  2001ade4    00000016                    : mqtt_common.oem4 (.text:MQTT_packetFree)
                  2001adfa    00000016                    : mqtt_common.oem4 (.text:MQTT_packetInit)
                  2001ae10    00000016     driverlib.a : prcm.obj (.text:PRCMHIBRegRead)
                  2001ae26    00000016                 : prcm.obj (.text:PRCMHIBRegWrite)
                  2001ae3c    00000016     simplelink.a : driver.obj (.text:_SlDrvMemZero)
                  2001ae52    00000006     drivers_cc32xx.a : SPICC32XXDMA.oem4 (.text:SPICC32XXDMA_control)
                  2001ae58    00000016     sysbios.aem4 : BIOS.obj (.text:pthread_mutex_destroy)
                  2001ae6e    00000016     rtsv7M4_T_le_eabi.lib : strchr.c.obj (.text:strchr)
                  2001ae84    00000016     mqtt_client_app.obj (.text:testThread)
                  2001ae9a    00000016     release_pem4.oem4 (.text:ti_sysbios_BIOS_exitFunc__I)
                  2001aeb0    00000014     mqtt_release.a : mqttclient.oem4 (.text:MQTTClient_publish)
                  2001aec4    00000014                    : mqtt_net_func.oem4 (.text:MQTTNet_rtcSecs)
                  2001aed8    00000014                    : mqtt_common.oem4 (.text:MQTT_packetAckWlistAppend)
                  2001aeec    00000014                    : mqtt_common.oem4 (.text:MQTT_packetReset)
                  2001af00    00000014     drivers_cc32xx.a : PowerCC32XX.oem4 (.text:Power_getDependencyCount)
                  2001af14    00000014                      : SPI.oem4 (.text:SPI_Params_init)
                  2001af28    00000014     slnetsock_release.a : slnetsock.oem4 (.text:SlNetSock_sdsClrAll)
                  2001af3c    00000014     mqtt_release.a : client_core.oem4 (.text:ack1WlRmfree)
                  2001af50    00000014     sysbios.aem4 : BIOS.obj (.text:pthread_attr_setschedparam)
                  2001af64    00000014     rtsv7M4_T_le_eabi.lib : strcpy.c.obj (.text:strcpy)
                  2001af78    00000014                           : strlen.c.obj (.text:strlen)
                  2001af8c    00000014     release_pem4.oem4 (.text:ti_sysbios_family_arm_m3_Hwi_Object__get__S)
                  2001afa0    00000014     sysbios.aem4 : BIOS.obj (.text:ti_sysbios_family_arm_m3_Hwi_switchFromBootStack__E)
                  2001afb4    00000014     release_pem4.oem4 (.text:ti_sysbios_heaps_HeapMem_Object__get__S)
                  2001afc8    00000014     sysbios.aem4 : BIOS.obj (.text:ti_sysbios_knl_Clock_tickReconfig__E)
                  2001afdc    00000014     release_pem4.oem4 (.text:ti_sysbios_knl_Swi_Object__get__S)
                  2001aff0    00000014     mqtt_client_app.obj (.text:timerCallback)
                  2001b004    00000014     mqtt_release.a : client_core.oem4 (.text:txPartBufP)
                  2001b018    00000014                    : client_core.oem4 (.text:txPartReset)
[...]
2001b6c1  ti_sysbios_BIOS_linkedWithIncorrectBootLibrary__E               
2001b6c9  ti_sysbios_gates_GateHwi_Instance_init__E                       
2001b6d1  ti_sysbios_knl_Clock_logTick__E                                 
2001b6d9  xdc_runtime_SysCallback_defaultAbort                            
2001b6e1  xdc_runtime_SysCallback_defaultExit                             
2001b6e9  xdc_runtime_System_abortSpin__E                                 
2001b6f1  xdc_runtime_System_exitSpin__E                                  
2001b6f8  __primary_heap_start__                                          
200236f8  __primary_heap_end__                                            
20024400  g_CB                                                            
200247fc  ti_sysbios_family_arm_m3_Hwi_dispatchTable                      
20024b08  clients                                                         
20024db8  ti_sysbios_knl_Task_Instance_State_0_stack__A                   
20024fb8  timerCC32XXObjects                                              
20025144  PowerCC32XX_contextSave                                         
20025270  __CIOBUF_                                                       
20025460  __TI_tmpnams                                                    
20025500  spiCC32XXDMAObjects                                             
20025608  uartCC32XXObjects0                                              
200256bc  GlobalLockObj                                                   
200256e8  g_SlInternalSpawnCB                                             
20025710  g_ucConnectionSSID                                              
200257cc  MQTTClient_Lib_CB                                               
200257dc  DeviceCB                                                        
200257e8  Msg                                                             
200257f4  g_ucConnectionBSSID                                             
200257fc  parmbuf                                                         
20025804  spiCC32XXSDMAscratchBuf                                         
2002580c  udmaCC3220SObject                                               
20025820  appQueue                                                        
20025824  connected                                                       
20025828  deinit                                                          
2002582c  ti_sysbios_knl_Task_Instance_State_0_hookEnv__A                 
20025830  timer0                                                          
20025834  MQTTClient_waitSecs                                             
20025836  gIfID                                                           
20025838  g_usConnectIndex                                                
2002583a  RxIrqCnt                                                        
2002583c  _ctypes_                                                        
20025ae8  spiCC32XXDMAHWAttrs                                             
20025b60  OpcodeTranslateTable                                            
20025bd0  _SlActionLookupTable                                            
20025c20  PowerCC32XX_config                                              
20025ca4  ti_sysbios_knl_Task_Object__PARAMS__C                           
20025ce0  ti_sysbios_knl_Mailbox_Object__PARAMS__C                        
20025d14  ti_sysbios_family_arm_m3_Hwi_Object__PARAMS__C                  
20025d44  timerCC32XXHWAttrs                                              
20025d74  UARTCC32XXDMA_fxnTable                                          
20025d9c  ti_sysbios_heaps_HeapMem_Module__FXNS__C                        
20025dc4  UART_defaultParams                                              
20025de8  ti_sysbios_gates_GateHwi_Module__FXNS__C                        
20025e0c  ti_sysbios_gates_GateMutex_Module__FXNS__C                      
20025e30  ti_sysbios_heaps_HeapMem_Object__PARAMS__C                      
20025e54  ti_sysbios_knl_Clock_Object__PARAMS__C                          
20025e78  ti_sysbios_knl_Semaphore_Object__PARAMS__C                      
20025ec0  xdc_runtime_Startup_sfxnTab__A                                  
20025f28  SPI_defaultParams                                               
20025f68  ti_sysbios_family_arm_m3_Hwi_Object__DESC__C                    
20025f88  ti_sysbios_gates_GateHwi_Object__DESC__C                        
20025fa8  ti_sysbios_gates_GateMutex_Object__DESC__C                      
20025fc8  ti_sysbios_heaps_HeapMem_Object__DESC__C                        
20025fe8  ti_sysbios_knl_Clock_Object__DESC__C                            
20026008  ti_sysbios_knl_Mailbox_Object__DESC__C                          
20026028  ti_sysbios_knl_Queue_Object__DESC__C                            
20026048  ti_sysbios_knl_Semaphore_Object__DESC__C                        
20026068  ti_sysbios_knl_Task_Object__DESC__C                             
20026088  SPICC32XXDMA_fxnTable                                           
200260a0  SPI_config                                                      
200260b8  Timer_config                                                    
200260d0  ti_sysbios_gates_GateHwi_Object__PARAMS__C                      
200260e8  ti_sysbios_gates_GateMutex_Object__PARAMS__C                    
20026100  ti_sysbios_knl_Queue_Object__PARAMS__C                          
20026118  ti_sysbios_knl_Task_hooks__A                                    
20026172  Display_count                                                   
20026173  CONFIG_Crypto_0_CONST                                           
20026174  CryptoCC32XX_count                                              
20026175  CONFIG_GPIO_BUTTON_0_CONST                                      
20026176  CONFIG_GPIO_BUTTON_1_CONST                                      
20026177  CONFIG_GPIO_LED_0_CONST                                         
20026178  CONFIG_GPIO_LED_1_CONST                                         
20026179  CONFIG_GPIO_LED_2_CONST                                         
2002617a  CONFIG_GPIO_0_CONST                                             
2002617b  CONFIG_GPIO_2_CONST                                             
2002617c  CONFIG_SPI_0_CONST                                              
2002617d  CONFIG_NWP_SPI_CONST                                            
2002617e  SPI_count                                                       
2002617f  CONFIG_TIMER_0_CONST                                            
20026180  CONFIG_TIMER_1_CONST                                            
20026181  CONFIG_TIMER_2_CONST                                            
20026182  Timer_count                                                     
20026183  CONFIG_UART_0_CONST                                             
20026184  UART_count                                                      
20026185  CONFIG_WATCHDOG_0_CONST                                         
20026186  Watchdog_count                                                  
20026187  ti_sysbios_knl_Clock_tickMode__C                                
20026214  GPIOCC32XX_config                                               
20026278  xdc_runtime_Startup_sfxnRts__A                                  
2002628a  ti_sysbios_family_arm_m3_Hwi_Module__id__C                      
200262fc  UART_config                                                     
20026344  udmaCC3220SHWAttrs                                              
20026350  xdc_runtime_Startup_firstFxns__A                                
2002635c  UDMACC32XX_config                                               
2002637c  outPinTypes                                                     
2002638c  ti_sysbios_knl_Idle_funcList__A                                 
20026394  ti_sysbios_knl_Idle_funcList__C                                 
2002639c  ti_sysbios_knl_Task_hooks__C                                    
200263a4  xdc_runtime_Startup_firstFxns__C                                
200263ac  xdc_runtime_Startup_lastFxns__C                                 
200263ba  inPinTypes                                                      
200263c0  outPinStrengths                                                 
200263cb  ti_sysbios_knl_Clock_tickSource__C                              
2002640c  _SlNetAppSendResponseCmdCtrl                                    
20026410  _SlNetAppSendTokenValueCmdCtrl                                  
20026440  ti_sysbios_family_arm_m3_Hwi_E_alreadyDefined__C                
20026444  ti_sysbios_family_arm_m3_Hwi_E_badIntNum__C                     
20026448  ti_sysbios_family_arm_m3_Hwi_NUM_INTERRUPTS__C                  
2002644c  ti_sysbios_family_arm_m3_Hwi_Object__count__C                   
20026450  ti_sysbios_family_arm_m3_Hwi_ccr__C                             
20026454  ti_sysbios_family_arm_m3_Hwi_excHandlerFunc__C                  
20026458  ti_sysbios_family_arm_m3_Hwi_nullIsrFunc__C                     
2002645c  ti_sysbios_family_arm_m3_Hwi_priGroup__C                        
20026460  ti_sysbios_family_arm_m3_Hwi_swiDisable__C                      
20026464  ti_sysbios_family_arm_m3_Hwi_swiRestore__C                      
20026468  ti_sysbios_family_arm_m3_TaskSupport_stackAlignment__C          
2002646c  ti_sysbios_family_arm_m3_Timer_E_cannotSupport__C               
20026470  ti_sysbios_family_arm_m3_Timer_startupNeeded__C                 
20026474  ti_sysbios_gates_GateMutex_Instance_State_sem__O                
20026478  ti_sysbios_heaps_HeapMem_E_memory__C                            
2002647c  ti_sysbios_heaps_HeapMem_Module__gateObj__C                     
20026480  ti_sysbios_heaps_HeapMem_Object__count__C                       
20026484  ti_sysbios_heaps_HeapMem_primaryHeapBaseAddr__C                 
20026488  ti_sysbios_heaps_HeapMem_primaryHeapEndAddr__C                  
2002648c  ti_sysbios_heaps_HeapMem_reqAlign__C                            
20026490  ti_sysbios_knl_Clock_Module_State_clockQ__O                     
20026494  ti_sysbios_knl_Clock_tickPeriod__C                              
20026498  ti_sysbios_knl_Mailbox_Instance_State_dataQue__O                
2002649c  ti_sysbios_knl_Mailbox_Instance_State_dataSem__O                
200264a0  ti_sysbios_knl_Mailbox_Instance_State_freeQue__O                
200264a4  ti_sysbios_knl_Mailbox_Instance_State_freeSem__O                
200264a8  ti_sysbios_knl_Mailbox_Object__count__C                         
200264ac  ti_sysbios_knl_Mailbox_maxTypeAlign__C                          
200264b0  ti_sysbios_knl_Semaphore_Instance_State_pendQ__O                
200264b4  ti_sysbios_knl_Swi_Object__count__C                             
200264b8  ti_sysbios_knl_Task_Module_State_inactiveQ__O                   
200264bc  ti_sysbios_knl_Task_Object__count__C                            
200264c0  ti_sysbios_knl_Task_Object__heap__C                             
200264c4  ti_sysbios_knl_Task_allBlockedFunc__C                           
200264c8  ti_sysbios_knl_Task_defaultStackHeap__C                         
200264cc  ti_sysbios_knl_Task_defaultStackSize__C                         
200264d0  ti_sysbios_knl_Task_numConstructedTasks__C                      
200264d4  xdc_runtime_Error_E_memory__C                                   
200264d8  xdc_runtime_Error_policyFxn__C                                  
200264dc  xdc_runtime_IGateProvider_Interface__BASE__C                    
200264e0  xdc_runtime_IHeap_Interface__BASE__C                            
200264e4  xdc_runtime_IModule_Interface__BASE__C                          
200264e8  xdc_runtime_Memory_defaultHeapInstance__C                       
200264ec  xdc_runtime_Startup_execImpl__C                                 
200264f0  xdc_runtime_Startup_maxPasses__C                                
200264f4  xdc_runtime_Startup_sfxnRts__C                                  
200264f8  xdc_runtime_Startup_sfxnTab__C                                  
200264fc  xdc_runtime_SysCallback_abortFxn__C                             
20026500  xdc_runtime_SysCallback_exitFxn__C                              
20026504  xdc_runtime_System_Module__gateObj__C                           
20026508  xdc_runtime_System_abortFxn__C                                  
2002650c  xdc_runtime_System_exitFxn__C                                   
20026510  xdc_runtime_System_maxAtexitHandlers__C                         
20026514  ti_sysbios_family_arm_m3_Timer_Module__id__C                    
20026516  ti_sysbios_heaps_HeapMem_Module__id__C                          
20026518  xdc_runtime_Memory_Module__id__C                                
2002651a  xdc_runtime_Error_policy__C                                     
2002651c  PowerCC32XX_module                                              
20026688  parkInfo                                                        
20026780  _ftable                                                         
20026924  ti_sysbios_knl_Swi_Module_State_0_readyQ__A                     
200269a4  ti_sysbios_knl_Task_Module_State_0_readyQ__A                    
20026a24  _device                                                         
20026a9c  SlNetIfConfigWifi                                               
20026b04  _stream                                                         
20026b54  ti_sysbios_knl_Task_Object__table__V                            
20026ba0  ti_sysbios_knl_Task_Module__state__V                            
20026be4  ti_sysbios_gates_GateMutex_Object__table__V                     
20026c52  ti_sysbios_family_arm_m3_Hwi_Module_State_0_excActive__A        
20026c54  ti_sysbios_family_arm_m3_Hwi_Module__state__V                   
20026c88  ti_sysbios_family_arm_m3_Timer_Object__table__V                 
20026cb8  ti_sysbios_knl_Swi_Object__table__V                             
20026ce8  ti_sysbios_knl_Clock_Module__state__V                           
20026d14  MQTTClient_net                                                  
20026d3c  g_LibsEvents                                                    
20026d60  g_UserEvents                                                    
20026d84  ti_sysbios_BIOS_Module__state__V                                
20026da8  xdc_runtime_Error_IgnoreBlock                                   
20026dc8  gpioCallbackFunctions                                           
20026de4  gpioPinConfigs                                                  
20026e1c  ti_sysbios_knl_Swi_Module__state__V                             
20026e38  mqttClientParams                                                
20026e50  mqttConnParams                                                  
20026e68  g_fNetIfCB                                                      
20026e6c  g_ifId                                                          
20026e80  ti_sysbios_family_arm_m3_Hwi_Object__table__V                   
20026e98  ti_sysbios_heaps_HeapMem_Object__table__V                       
20026eb0  ti_sysbios_family_arm_cc32xx_Seconds_Module__state__V           
20026ec4  __TI_ft_end                                                     
20026ec8  __aeabi_stdin                                                   
20026ecc  __aeabi_stdout                                                  
20026ed0  __aeabi_stderr                                                  
20026ed4  ClientId                                                        
20026ee4  __TI_cleanup_ptr                                                
20026ee8  __TI_dtors_ptr                                                  
20026eec  __TI_enable_exit_profile_output                                 
20026ef0  mqttWillParams                                                  
20026efc  g_ulStaIp                                                       
20026f00  g_ulGatewayIP                                                   
20026f04  g_ulStatus                                                      
20026f08  gGlobalLockCntRequested                                         
20026f09  gGlobalLockCntReleased                                          
20026f0a  g_SlDeviceStatus                                                
20026f0c  g_pCB                                                           
20026f10  pPingCallBackFunc                                               
20026f20  ti_sysbios_family_arm_m3_Timer_Module__state__V                 
20026f44  MQTTClient_closeContext                                         
20026f48  MQTTClient_clientContext                                        
20026f4c  MQTTClient_multiSrvConn                                         
20026f50  _lock                                                           
20026f54  _unlock                                                         
20026f58  MQTTClient_clientCfg                                            
20026f68  mqttInitParams                                                  
20026f70  longPress                                                       
20026f74  totaalSeconden                                                  
20026f78  ti_sysbios_family_arm_m3_Hwi_Module__root__V                    
20026f80  ti_sysbios_gates_GateHwi_Module__root__V                        
20026f88  ti_sysbios_gates_GateMutex_Module__root__V                      
20026f90  ti_sysbios_heaps_HeapMem_Module__root__V                        
20026f98  ti_sysbios_knl_Clock_Module__root__V                            
20026fa0  ti_sysbios_knl_Mailbox_Module__root__V                          
20026fa8  ti_sysbios_knl_Queue_Module__root__V                            
20026fb0  ti_sysbios_knl_Semaphore_Module__root__V                        
20026fb8  ti_sysbios_knl_Task_Module__root__V                             
20026fc0  xdc_runtime_Startup_Module__state__V                            
20026fc8  xdc_runtime_System_Module_State_0_atexitHandlers__A             
20026fd0  xdc_runtime_System_Module__state__V                             
20026fe0  MQTTClient_connectCfg                                           
20026fe4  main_func_sp                                                    
20026fe8  g_intHandle                                                     
20026fec  ti_sysbios_family_arm_m3_Hwi_Module_State_0_excContext__A       
20026ff0  ti_sysbios_family_arm_m3_Hwi_Module_State_0_excStack__A         
20026ff4  ti_sysbios_family_arm_m3_TimestampProvider_Module__state__V     
20026ff8  ti_sysbios_gates_GateHwi_Object__table__V                       
20026ffc  ti_sysbios_knl_Task_Module_State_0_idleTask__A                  
20027000  ti_sysbios_rts_ti_ReentSupport_Module__state__V                 
20027004  xdc_runtime_Memory_Module__state__V                             
20027008  __TI_static_base__                                              
20027388  __TI_Handler_Table_Base                                         
20027394  __TI_Handler_Table_Limit                                        
200273a8  __TI_CINIT_Base                                                 
200273c0  __TI_CINIT_Limit                                                
e000e000  ti_sysbios_family_arm_m3_Hwi_nvic                               
ffffffff  __TI_pprof_out_hndl                                             
ffffffff  __TI_prof_data_size                                             
ffffffff  __TI_prof_data_start                                            
ffffffff  __binit__                                                       
ffffffff  __c_args__                                                      
ffffffff  binit                                                           
UNDEFED   ITM_flush                                                       
UNDEFED   ITM_restore                                                     
UNDEFED   SHT$$INIT_ARRAY$$Base                                           
UNDEFED   SHT$$INIT_ARRAY$$Limit                                          

[1062 symbols]
