******************************************************************************
                  TI ARM Linker PC v20.2.7                     
******************************************************************************
>> Linked Sun Nov  6 12:42:27 2022

OUTPUT FILE NAME:   <empty_CC3220S_LAUNCHXL_tirtos_ccs.out>
ENTRY POINT SYMBOL: "_c_int00"  address: 2000f4e1


MEMORY CONFIGURATION

         name            origin    length      used     unused   attr    fill
----------------------  --------  ---------  --------  --------  ----  --------
  SRAM0                 20000000   00004000  0000070c  000038f4  RW X
  SRAM                  20004000   0003c000  0000de16  0002e1ea  RW X
  LOG_DATA              90000000   00040000  00000000  00040000  R   


SEGMENT ALLOCATION MAP

run origin  load origin   length   init length attrs members
----------  ----------- ---------- ----------- ----- -------
20000000    20000000    0000030c   00000000    rw-
  20000000    20000000    0000030c   00000000    rw- .vecs
20003c00    20003c00    00000400   00000000    rw-
  20003c00    20003c00    00000400   00000000    rw- .stack
20004000    20004000    00008310   0000030c    r--
  20004000    20004000    0000030c   0000030c    r-- .resetVecs
  20004310    20004310    00008000   00000000    r-- .priheap
2000c310    2000c310    0000453a   0000453a    r-x
  2000c310    2000c310    0000453a   0000453a    r-x .text
2001084c    2001084c    000006e8   00000000    rw-
  2001084c    2001084c    000006e8   00000000    rw- .data
20010f38    20010f38    00000678   00000000    rw-
  20010f38    20010f38    00000678   00000000    rw- .bss
200115b0    200115b0    00000870   00000870    r--
  200115b0    200115b0    00000608   00000608    r-- .const
  20011bb8    20011bb8    00000268   00000268    r-- .cinit


SECTION ALLOCATION MAP

 output                                  attributes/
section   page    origin      length       input sections
--------  ----  ----------  ----------   ----------------
.resetVecs 
*          0    20004000    0000030c     
                  20004000    0000030c     release_pem4.oem4 (.resetVecs)

.text      0    2000c310    0000453a     
                  2000c310    0000042c     driverlib.a : prcm.obj (.text:PRCMCC3200MCUInit)
                  2000c73c    000001e4     drivers_cc32xx.a : GPIOCC32XX.oem4 (.text:GPIO_setConfig)
                  2000c920    0000015c     dpl_cc32xx.a : PowerCC32XX_tirtos.oem4 (.text:PowerCC32XX_sleepPolicy)
                  2000ca7c    00000148     drivers_cc32xx.a : PowerCC32XX.oem4 (.text:parkPins)
                  2000cbc4    00000138                      : PowerCC32XX.oem4 (.text:Power_sleep)
                  2000ccfc    00000004     dpl_cc32xx.a : HwiP_tirtos.oem4 (.text:HwiP_disable)
                  2000cd00    00000130     sysbios.aem4 : BIOS.obj (.text:ti_sysbios_knl_Semaphore_pend__E)
                  2000ce30    00000120                  : BIOS.obj (.text:xdc_runtime_Startup_startMods__I)
                  2000cf50    00000110                  : BIOS.obj (.text:ti_sysbios_knl_Task_postInit__I)
                  2000d060    00000106     empty.obj (.text:setCounter)
                  2000d166    00000002     ti_drivers_config.obj (.text:Board_initHook)
                  2000d168    00000104     sysbios.aem4 : BIOS.obj (.text:ti_sysbios_knl_Task_Instance_finalize__E)
                  2000d26c    00000004     dpl_cc32xx.a : SemaphoreP_tirtos.oem4 (.text:SemaphoreP_post)
                  2000d270    000000f0     sysbios.aem4 : BIOS.obj (.text:pthread_create)
                  2000d360    000000e8                  : BIOS.obj (.text:ti_sysbios_knl_Task_Instance_init__E)
                  2000d448    000000d4                  : BIOS.obj (.text:ti_sysbios_heaps_HeapMem_alloc__E)
                  2000d51c    000000cc                  : m3_Hwi_asm.obj (.text:ti_sysbios_family_arm_m3_Hwi_dispatch__I)
                  2000d5e8    000000c4     drivers_cc32xx.a : GPIOCC32XX.oem4 (.text:GPIO_init)
                  2000d6ac    00000004     release_pem4.oem4 (.text:ti_sysbios_BIOS_RtsGateProxy_enter__E)
                  2000d6b0    000000c4     sysbios.aem4 : BIOS.obj (.text:ti_sysbios_knl_Task_sleep__E)
                  2000d774    000000c0     drivers_cc32xx.a : PowerCC32XX.oem4 (.text:restoreParkedPins)
                  2000d834    00000004     release_pem4.oem4 (.text:ti_sysbios_BIOS_RtsGateProxy_leave__E)
                  2000d838    000000bc     sysbios.aem4 : BIOS.obj (.text:xdc_runtime_Core_createObject__I)
                  2000d8f4    00000004     release_pem4.oem4 (.text:ti_sysbios_family_arm_m3_TaskSupport_Module__startupDone__S)
                  2000d8f8    000000b8     sysbios.aem4 : BIOS.obj (.text:ti_sysbios_family_arm_m3_Hwi_Instance_init__E)
                  2000d9b0    000000a8     drivers_cc32xx.a : PowerCC32XX.oem4 (.text:PowerCC32XX_configureWakeup)
                  2000da58    000000a4     sysbios.aem4 : BIOS.obj (.text:ti_sysbios_knl_Task_setPri__E)
                  2000dafc    000000a0     auto_init.aem4 : auto_init.oem4 (.text)
                  2000db9c    00000004     release_pem4.oem4 (.text:ti_sysbios_heaps_HeapMem_Module_GateProxy_enter__E)
                  2000dba0    0000009c     sysbios.aem4 : BIOS.obj (.text:_pthread_removeThreadKeys)
                  2000dc3c    0000009c     rtsv7M4_T_le_eabi.lib : memcpy_t2.asm.obj (.text)
                  2000dcd8    00000098     drivers_cc32xx.a : GPIOCC32XX.oem4 (.text:powerNotifyFxn)
                  2000dd70    00000096     rtsv7M4_T_le_eabi.lib : ull_div_t2.asm.obj (.text)
                  2000de06    00000002                           : _lock.c.obj (.text:_nop)
                  2000de08    00000094     sysbios.aem4 : BIOS.obj (.text:ti_sysbios_knl_Task_exit__E)
                  2000de9c    00000090     drivers_cc32xx.a : PowerCC32XX.oem4 (.text:restoreNVICRegs)
                  2000df2c    00000004     release_pem4.oem4 (.text:ti_sysbios_heaps_HeapMem_Module_GateProxy_leave__E)
                  2000df30    00000090     sysbios.aem4 : BIOS.obj (.text:ti_sysbios_knl_Task_Module_startup__E)
                  2000dfc0    0000008c                  : BIOS.obj (.text:xdc_runtime_Memory_alloc__E)
                  2000e04c    00000088     driverlib.a : pin.obj (.text:PinConfigSet)
                  2000e0d4    00000004     release_pem4.oem4 (.text:ti_sysbios_knl_Clock_TimerProxy_getMaxTicks__E)
                  2000e0d8    00000088     sysbios.aem4 : BIOS.obj (.text:ti_sysbios_family_arm_m3_Hwi_initNVIC__E)
                  2000e160    00000086                  : BIOS.obj (.text:xdc_runtime_Core_constructObject__I)
                  2000e1e6    00000002     rtsv7M4_T_le_eabi.lib : div0.asm.obj (.text)
                  2000e1e8    00000084     drivers_cc32xx.a : PowerCC32XX.oem4 (.text:Power_init)
                  2000e26c    00000084                      : PowerCC32XX.oem4 (.text:saveNVICRegs)
                  2000e2f0    00000084     sysbios.aem4 : BIOS.obj (.text:ti_sysbios_family_arm_m3_Hwi_postInit__I)
                  2000e374    00000004     release_pem4.oem4 (.text:ti_sysbios_knl_Clock_TimerProxy_setPeriodMicroSecs__E)
                  2000e378    00000084     sysbios.aem4 : BIOS.obj (.text:ti_sysbios_heaps_HeapMem_free__E)
                  2000e3fc    00000080     drivers_cc32xx.a : PowerCC32XX.oem4 (.text:Power_setDependency)
                  2000e47c    00000004     release_pem4.oem4 (.text:ti_sysbios_knl_Clock_TimerProxy_start__E)
                  2000e480    00000080     sysbios.aem4 : BIOS.obj (.text:ti_sysbios_knl_Clock_workFunc__E)
                  2000e500    0000007a     rtsv7M4_T_le_eabi.lib : memset_t2.asm.obj (.text)
                  2000e57a    00000002     release_pem4.oem4 (.text:ti_sysbios_BIOS_nullFunc__I)
                  2000e57c    00000078     drivers_cc32xx.a : GPIOCC32XX.oem4 (.text:GPIO_hwiIntFxn)
                  2000e5f4    00000078     empty.obj (.text:interfaceThread)
                  2000e66c    00000004     release_pem4.oem4 (.text:ti_sysbios_knl_Clock_TimerProxy_stop__E)
                  2000e670    00000074     sysbios.aem4 : BIOS.obj (.text:xdc_runtime_Core_deleteObject__I)
                  2000e6e4    00000004     release_pem4.oem4 (.text:ti_sysbios_knl_Semaphore_delete)
                  2000e6e8    00000070     sysbios.aem4 : BIOS.obj (.text:ti_sysbios_heaps_HeapMem_initPrimary__I)
                  2000e758    0000006c                  : BIOS.obj (.text:ti_sysbios_knl_Swi_restoreHwi__E)
                  2000e7c4    00000068     rtsv7M4_T_le_eabi.lib : copy_decompress_lzss.c.obj (.text:decompress:lzss:__TI_decompress_lzss)
                  2000e82c    00000004     release_pem4.oem4 (.text:ti_sysbios_knl_Task_delete)
                  2000e830    00000068     sysbios.aem4 : BIOS.obj (.text:pthread_exit)
                  2000e898    00000064     drivers_cc32xx.a : PowerCC32XX.oem4 (.text:PowerCC32XX_setParkState)
                  2000e8fc    00000064     main_tirtos.obj (.text:main)
                  2000e960    00000064     sysbios.aem4 : BIOS.obj (.text:ti_sysbios_family_arm_m3_Hwi_dispatchC__I)
                  2000e9c4    00000060     driverlib.a : prcm.obj (.text:PRCMSysResetCauseGet)
                  2000ea24    00000004     release_pem4.oem4 (.text:xdc_runtime_System_Module_GateProxy_enter__E)
                  2000ea28    00000060     sysbios.aem4 : BIOS.obj (.text:ti_sysbios_knl_Semaphore_post__E)
                  2000ea88    00000060                  : BIOS.obj (.text:ti_sysbios_knl_Swi_run__I)
                  2000eae8    0000005c     drivers_cc32xx.a : GPIOCC32XX.oem4 (.text:GPIO_setCallback)
                  2000eb44    00000004     release_pem4.oem4 (.text:xdc_runtime_System_Module_GateProxy_leave__E)
                  2000eb48    0000005c     sysbios.aem4 : BIOS.obj (.text:ti_sysbios_family_arm_m3_Timer_start__E)
                  2000eba4    00000002     release_pem4.oem4 (.text:xdc_runtime_Startup_reset__I)
                  2000eba6    00000002     --HOLE-- [fill = 0]
                  2000eba8    0000005c     sysbios.aem4 : BIOS.obj (.text:ti_sysbios_knl_Swi_schedule__I)
                  2000ec04    00000004     --HOLE-- [fill = 0]
                  2000ec08    0000005c                  : BIOS.obj (.text:ti_sysbios_knl_Task_startCore__E)
                  2000ec64    00000004     --HOLE-- [fill = 0]
                  2000ec68    0000005c                  : BIOS.obj (.text:xdc_runtime_Startup_exec__E)
                  2000ecc4    00000058     drivers_cc32xx.a : GPIOCC32XX.oem4 (.text:GPIO_write)
                  2000ed1c    00000058     driverlib.a : prcm.obj (.text:PRCMPeripheralReset)
                  2000ed74    00000054     release_pem4.oem4 (.text:ti_sysbios_family_arm_m3_Hwi_create)
                  2000edc8    00000052     drivers_cc32xx.a : PowerCC32XX_asm.oem4 (.text:PowerCC32XX_resumeLPDS)
                  2000ee1a    00000006     driverlib.a : utils.obj (.text:UtilsDelay)
                  2000ee20    00000050     sysbios.aem4 : BIOS.obj (.text:ti_sysbios_family_arm_m3_Hwi_Module_startup__E)
                  2000ee70    00000050                  : BIOS.obj (.text:ti_sysbios_family_arm_m3_Timer_setPeriod__E)
                  2000eec0    00000050     release_pem4.oem4 (.text:ti_sysbios_knl_Task_create)
                  2000ef10    0000004c     drivers_cc32xx.a : GPIOCC32XX.oem4 (.text:GPIO_enableInt)
                  2000ef5c    0000004c                      : PowerCC32XX.oem4 (.text:PowerCC32XX_parkPin)
                  2000efa8    0000004c     rtsv7M4_T_le_eabi.lib : cpy_tbl.c.obj (.text:copy_in)
                  2000eff4    0000004c     drivers_cc32xx.a : PowerCC32XX.oem4 (.text:restorePeriphClocks)
                  2000f040    0000004c     sysbios.aem4 : m3_TaskSupport_asm.obj (.text:ti_sysbios_family_arm_m3_TaskSupport_buildTaskStack)
                  2000f08c    00000004     --HOLE-- [fill = 0]
                  2000f090    0000004c                  : BIOS.obj (.text:ti_sysbios_heaps_HeapMem_getStats__E)
                  2000f0dc    00000004     --HOLE-- [fill = 0]
                  2000f0e0    0000004c                  : BIOS.obj (.text:ti_sysbios_knl_Swi_runLoop__I)
                  2000f12c    00000004     --HOLE-- [fill = 0]
                  2000f130    0000004c                  : BIOS.obj (.text:ti_sysbios_knl_Task_allBlockedFunction__I)
                  2000f17c    00000004     --HOLE-- [fill = 0]
                  2000f180    0000004c                  : BIOS.obj (.text:ti_sysbios_knl_Task_schedule__I)
                  2000f1cc    00000048     driverlib.a : flash.obj (.text:FlashDisable)
                  2000f214    00000048                 : prcm.obj (.text:PRCMLPDSEnter)
                  2000f25c    00000048                 : prcm.obj (.text:PRCMPeripheralClkEnable)
                  2000f2a4    00000004     --HOLE-- [fill = 0]
                  2000f2a8    00000048     sysbios.aem4 : BIOS.obj (.text:ti_sysbios_family_arm_m3_Hwi_disableInterrupt__E)
                  2000f2f0    00000048                  : BIOS.obj (.text:ti_sysbios_family_arm_m3_Hwi_enableInterrupt__E)
                  2000f338    00000048                  : m3_Hwi_asm_switch.obj (.text:ti_sysbios_family_arm_m3_Hwi_initStacks__E)
                  2000f380    00000048                  : BIOS.obj (.text:ti_sysbios_family_arm_m3_Timer_initDevice__I)
                  2000f3c8    00000048                  : BIOS.obj (.text:ti_sysbios_knl_Mailbox_Module_startup__E)
                  2000f410    00000048                  : BIOS.obj (.text:xdc_runtime_Core_assignParams__I)
                  2000f458    00000044     driverlib.a : prcm.obj (.text:PRCMLPDSRestoreInfoSet)
                  2000f49c    00000044     drivers_cc32xx.a : PowerCC32XX_asm.oem4 (.text:PowerCC32XX_enterLPDS)
                  2000f4e0    00000044     boot.aem4 : boot.oem4 (.text)
                  2000f524    00000004     --HOLE-- [fill = 0]
                  2000f528    00000044     sysbios.aem4 : BIOS.obj (.text:ti_sysbios_family_arm_m3_Hwi_getStackInfo__E)
                  2000f56c    00000004     --HOLE-- [fill = 0]
                  2000f570    00000044                  : BIOS.obj (.text:ti_sysbios_knl_Mailbox_postInit__I)
                  2000f5b4    00000004     --HOLE-- [fill = 0]
                  2000f5b8    00000044                  : BIOS.obj (.text:ti_sysbios_knl_Swi_post__E)
                  2000f5fc    00000004     --HOLE-- [fill = 0]
                  2000f600    00000044                  : BIOS.obj (.text:xdc_runtime_System_atexit__E)
                  2000f644    00000040     dpl_cc32xx.a : HwiP_tirtos.oem4 (.text:HwiP_create)
                  2000f684    00000040     driverlib.a : pin.obj (.text:PinModeSet)
                  2000f6c4    00000004     --HOLE-- [fill = 0]
                  2000f6c8    00000040     sysbios.aem4 : BIOS.obj (.text:ti_sysbios_heaps_HeapMem_Instance_init__E)
                  2000f708    0000003c     drivers_cc32xx.a : PowerCC32XX.oem4 (.text:Power_setConstraint)
                  2000f744    00000004     --HOLE-- [fill = 0]
                  2000f748    0000003c     sysbios.aem4 : BIOS.obj (.text:sleep)
                  2000f784    00000004     --HOLE-- [fill = 0]
                  2000f788    0000003c                  : BIOS.obj (.text:ti_sysbios_family_arm_m3_Hwi_Instance_finalize__E)
                  2000f7c4    00000004     --HOLE-- [fill = 0]
                  2000f7c8    0000003c                  : BIOS.obj (.text:ti_sysbios_family_arm_m3_Timer_setPeriodMicroSecs__E)
                  2000f804    00000004     --HOLE-- [fill = 0]
                  2000f808    0000003c                  : BIOS.obj (.text:ti_sysbios_knl_Clock_walkQueuePeriodic__E)
                  2000f844    00000004     --HOLE-- [fill = 0]
                  2000f848    0000003c                  : BIOS.obj (.text:ti_sysbios_knl_Swi_restore__E)
                  2000f884    00000004     --HOLE-- [fill = 0]
                  2000f888    0000003c                  : BIOS.obj (.text:xdc_runtime_System_processAtExit__E)
                  2000f8c4    0000003a     dpl_cc32xx.a : PowerCC32XX_tirtos.oem4 (.text:getCountsRTC)
                  2000f8fe    00000002     --HOLE-- [fill = 0]
                  2000f900    00000038     driverlib.a : prcm.obj (.text:PRCMLPDSEnterKeepDebugIf)
                  2000f938    00000038     drivers_cc32xx.a : PowerCC32XX.oem4 (.text:notify)
                  2000f970    00000038     sysbios.aem4 : BIOS.obj (.text:ti_sysbios_knl_Task_processVitalTaskFlag__I)
                  2000f9a8    00000034     driverlib.a : pin.obj (.text:PinModeGet)
                  2000f9dc    00000004     --HOLE-- [fill = 0]
                  2000f9e0    00000034     sysbios.aem4 : BIOS.obj (.text:ti_sysbios_family_arm_m3_Timer_periodicStub__I)
                  2000fa14    00000034     release_pem4.oem4 (.text:ti_sysbios_knl_Semaphore_create)
                  2000fa48    00000032     sysbios.aem4 : BIOS.obj (.text:ti_sysbios_hal_Hwi_initStack)
                  2000fa7a    00000030     drivers_cc32xx.a : PowerCC32XX.oem4 (.text:PowerCC32XX_restoreParkedPin)
                  2000faaa    00000002     --HOLE-- [fill = 0]
                  2000faac    00000030     release_pem4.oem4 (.text:ti_sysbios_BIOS_atExitFunc__I)
                  2000fadc    00000030     release_pem4.oem4 (.text:ti_sysbios_BIOS_startFunc__I)
                  2000fb0c    00000004     --HOLE-- [fill = 0]
                  2000fb10    00000030     sysbios.aem4 : BIOS.obj (.text:ti_sysbios_family_arm_m3_TaskSupport_start__E)
                  2000fb40    00000030     release_pem4.oem4 (.text:ti_sysbios_gates_GateHwi_Object__create__S)
                  2000fb70    00000030     release_pem4.oem4 (.text:ti_sysbios_gates_GateMutex_Object__create__S)
                  2000fba0    00000030     sysbios.aem4 : BIOS.obj (.text:ti_sysbios_gates_GateMutex_enter__E)
                  2000fbd0    00000030     release_pem4.oem4 (.text:ti_sysbios_heaps_HeapMem_Object__create__S)
                  2000fc00    00000030     release_pem4.oem4 (.text:ti_sysbios_knl_Semaphore_construct)
                  2000fc30    00000030     sysbios.aem4 : BIOS.obj (.text:ti_sysbios_knl_Semaphore_pendTimeout__I)
                  2000fc60    00000030                  : BIOS.obj (.text:ti_sysbios_knl_Task_restore__E)
                  2000fc90    00000030                  : BIOS.obj (.text:ti_sysbios_knl_Task_unblockI__E)
                  2000fcc0    0000002c     dpl_cc32xx.a : SemaphoreP_tirtos.oem4 (.text:SemaphoreP_createBinary)
                  2000fcec    00000004     --HOLE-- [fill = 0]
                  2000fcf0    0000002c     sysbios.aem4 : BIOS.obj (.text:_pthread_cleanupFxn)
                  2000fd1c    00000004     --HOLE-- [fill = 0]
                  2000fd20    0000002c                  : BIOS.obj (.text:_pthread_delete$43)
                  2000fd4c    00000004     --HOLE-- [fill = 0]
                  2000fd50    0000002c                  : BIOS.obj (.text:ti_sysbios_family_arm_m3_TimestampProvider_Module_startup__E)
                  2000fd7c    0000002c     release_pem4.oem4 (.text:ti_sysbios_gates_GateHwi_Handle__label__S)
                  2000fda8    0000002c     release_pem4.oem4 (.text:ti_sysbios_gates_GateMutex_Handle__label__S)
                  2000fdd4    0000002c     release_pem4.oem4 (.text:ti_sysbios_heaps_HeapMem_Handle__label__S)
                  2000fe00    0000002c     release_pem4.oem4 (.text:ti_sysbios_knl_Clock_doTick__I)
                  2000fe2c    0000002c     release_pem4.oem4 (.text:ti_sysbios_knl_Queue_construct)
                  2000fe58    00000028     driverlib.a : prcm.obj (.text:PRCMPeripheralClkDisable)
                  2000fe80    00000028     dpl_cc32xx.a : PowerCC32XX_tirtos.oem4 (.text:PowerCC32XX_initPolicy)
                  2000fea8    00000028     drivers_cc32xx.a : PowerCC32XX.oem4 (.text:Power_registerNotify)
                  2000fed0    00000028     sysbios.aem4 : m3_Hwi_asm.obj (.text:ti_sysbios_family_arm_m3_Hwi_excHandlerAsm__I)
                  2000fef8    00000028                  : BIOS.obj (.text:ti_sysbios_knl_Clock_addI__E)
                  2000ff20    00000028                  : BIOS.obj (.text:ti_sysbios_knl_Swi_Module_startup__E)
                  2000ff48    00000026     drivers_cc32xx.a : List.oem4 (.text:List_put)
                  2000ff6e    00000002     --HOLE-- [fill = 0]
                  2000ff70    00000024     sysbios.aem4 : BIOS.obj (.text:pthread_attr_init)
                  2000ff94    00000024     release_pem4.oem4 (.text:ti_sysbios_BIOS_registerRTSLock__I)
                  2000ffb8    00000024     release_pem4.oem4 (.text:ti_sysbios_BIOS_removeRTSLock__I)
                  2000ffdc    00000004     --HOLE-- [fill = 0]
                  2000ffe0    00000024     sysbios.aem4 : BIOS.obj (.text:ti_sysbios_family_arm_m3_Timer_postInit__I)
                  20010004    00000004     --HOLE-- [fill = 0]
                  20010008    00000024                  : BIOS.obj (.text:ti_sysbios_family_arm_m3_Timer_startup__E)
                  2001002c    00000024     release_pem4.oem4 (.text:ti_sysbios_gates_GateMutex_Object__delete__S)
                  20010050    00000024     sysbios.aem4 : BIOS.obj (.text:ti_sysbios_knl_Clock_Module_startup__E)
                  20010074    00000004     --HOLE-- [fill = 0]
                  20010078    00000024                  : BIOS.obj (.text:ti_sysbios_knl_Semaphore_Instance_init__E)
                  2001009c    00000024     release_pem4.oem4 (.text:ti_sysbios_knl_Semaphore_Object__delete__S)
                  200100c0    00000024     sysbios.aem4 : BIOS.obj (.text:ti_sysbios_knl_Task_restoreHwi__E)
                  200100e4    00000004     --HOLE-- [fill = 0]
                  200100e8    00000024                  : BIOS.obj (.text:xdc_runtime_Error_policyMin__E)
                  2001010c    00000020     empty.obj (.text:switch1)
                  2001012c    00000020     empty.obj (.text:switch2)
                  2001014c    00000020     release_pem4.oem4 (.text:ti_sysbios_BIOS_rtsLock__I)
                  2001016c    00000020     release_pem4.oem4 (.text:ti_sysbios_gates_GateHwi_Object__delete__S)
                  2001018c    00000020     release_pem4.oem4 (.text:ti_sysbios_heaps_HeapMem_Object__delete__S)
                  200101ac    00000004     --HOLE-- [fill = 0]
                  200101b0    00000020     sysbios.aem4 : BIOS.obj (.text:ti_sysbios_knl_Idle_run__E)
                  200101d0    00000020     release_pem4.oem4 (.text:ti_sysbios_knl_Semaphore_destruct)
                  200101f0    00000020     release_pem4.oem4 (.text:ti_sysbios_knl_Task_Object__delete__S)
                  20010210    0000001e     sysbios.aem4 : m3_Hwi_asm_switch.obj (.text:ti_sysbios_family_xxx_Hwi_switchAndRunFunc)
                  2001022e    00000002     --HOLE-- [fill = 0]
                  20010230    0000001c     driverlib.a : pin.obj (.text:PinToPadGet)
                  2001024c    00000004     --HOLE-- [fill = 0]
                  20010250    0000001c     sysbios.aem4 : BIOS.obj (.text:ti_sysbios_family_arm_m3_Hwi_excHandler__I)
                  2001026c    00000004     --HOLE-- [fill = 0]
                  20010270    0000001c                  : BIOS.obj (.text:ti_sysbios_family_arm_m3_Timer_Module_startup__E)
                  2001028c    00000004     --HOLE-- [fill = 0]
                  20010290    0000001c                  : BIOS.obj (.text:ti_sysbios_family_arm_m3_Timer_stop__E)
                  200102ac    00000004     --HOLE-- [fill = 0]
                  200102b0    0000001c                  : BIOS.obj (.text:ti_sysbios_gates_GateMutex_Instance_init__E)
                  200102cc    0000001c     release_pem4.oem4 (.text:ti_sysbios_knl_Queue_destruct)
                  200102e8    0000001c     sysbios.aem4 : BIOS.obj (.text:ti_sysbios_knl_Queue_put__E)
                  20010304    00000004     --HOLE-- [fill = 0]
                  20010308    0000001c                  : BIOS.obj (.text:ti_sysbios_knl_Task_enter__I)
                  20010324    0000001a                  : m3_Hwi_asm.obj (.text:ti_sysbios_family_arm_m3_Hwi_pendSV__I)
                  2001033e    00000002     --HOLE-- [fill = 0]
                  20010340    00000018     drivers_cc32xx.a : PowerCC32XX.oem4 (.text:Power_getTransitionLatency)
                  20010358    00000018                      : PowerCC32XX.oem4 (.text:Power_idleFunc)
                  20010370    00000018     rtsv7M4_T_le_eabi.lib : args_main.c.obj (.text:_args_main)
                  20010388    00000018                           : ll_mul_t2.asm.obj (.text)
                  200103a0    00000018     release_pem4.oem4 (.text:ti_sysbios_BIOS_rtsUnlock__I)
                  200103b8    00000018     release_pem4.oem4 (.text:ti_sysbios_family_arm_m3_Hwi_Module__startupDone__F)
                  200103d0    00000018     release_pem4.oem4 (.text:ti_sysbios_family_arm_m3_Timer_Module__startupDone__F)
                  200103e8    00000018     sysbios.aem4 : BIOS.obj (.text:ti_sysbios_gates_GateMutex_leave__E)
                  20010400    00000018                  : BIOS.obj (.text:ti_sysbios_knl_Task_sleepTimeout__I)
                  20010418    00000018                  : BIOS.obj (.text:xdc_runtime_Error_init__E)
                  20010430    00000018                  : BIOS.obj (.text:xdc_runtime_System_exit__E)
                  20010448    00000016     driverlib.a : prcm.obj (.text:PRCMHIBRegRead)
                  2001045e    00000016                 : prcm.obj (.text:PRCMHIBRegWrite)
                  20010474    00000016     release_pem4.oem4 (.text:ti_sysbios_BIOS_exitFunc__I)
                  2001048a    00000002     --HOLE-- [fill = 0]
                  2001048c    00000014     drivers_cc32xx.a : PowerCC32XX.oem4 (.text:Power_getDependencyCount)
                  200104a0    00000014     sysbios.aem4 : BIOS.obj (.text:pthread_attr_setschedparam)
                  200104b4    00000014     release_pem4.oem4 (.text:ti_sysbios_family_arm_m3_Hwi_Object__get__S)
                  200104c8    00000014     sysbios.aem4 : BIOS.obj (.text:ti_sysbios_family_arm_m3_Hwi_switchFromBootStack__E)
                  200104dc    00000014     release_pem4.oem4 (.text:ti_sysbios_heaps_HeapMem_Object__get__S)
                  200104f0    00000014     sysbios.aem4 : BIOS.obj (.text:ti_sysbios_knl_Clock_tickReconfig__E)
                  20010504    00000014     release_pem4.oem4 (.text:ti_sysbios_knl_Swi_Object__get__S)
                  20010518    00000012     dpl_cc32xx.a : SemaphoreP_tirtos.oem4 (.text:SemaphoreP_pend)
                  2001052a    00000006     --HOLE-- [fill = 0]
                  20010530    00000012     sysbios.aem4 : BIOS.obj (.text:_pthread_runStub$43)
                  20010542    00000006     --HOLE-- [fill = 0]
                  20010548    00000012                  : BIOS.obj (.text:ti_sysbios_hal_Hwi_Module_startup__E)
                  2001055a    00000012     release_pem4.oem4 (.text:xdc_runtime_Startup_exec__I)
                  2001056c    00000010     ti_drivers_config.obj (.text:Board_init)
                  2001057c    00000010     dpl_cc32xx.a : HwiP_tirtos.oem4 (.text:HwiP_Params_init)
                  2001058c    00000004     --HOLE-- [fill = 0]
                  20010590    00000010     sysbios.aem4 : BIOS.obj (.text:ti_sysbios_BIOS_setThreadType__E)
                  200105a0    00000010                  : BIOS.obj (.text:ti_sysbios_BIOS_start__E)
                  200105b0    00000010                  : m3_TaskSupport_asm.obj (.text:ti_sysbios_family_arm_m3_TaskSupport_glue)
                  200105c0    00000010                  : m3_TaskSupport_asm.obj (.text:ti_sysbios_family_arm_m3_TaskSupport_swap__E)
                  200105d0    00000010                  : BIOS.obj (.text:ti_sysbios_gates_GateMutex_Instance_finalize__E)
                  200105e0    00000010     release_pem4.oem4 (.text:ti_sysbios_knl_Mailbox_Object__get__S)
                  200105f0    00000010     sysbios.aem4 : BIOS.obj (.text:ti_sysbios_knl_Semaphore_Instance_finalize__E)
                  20010600    00000010                  : BIOS.obj (.text:ti_sysbios_knl_Swi_disable__E)
                  20010610    00000010     release_pem4.oem4 (.text:ti_sysbios_knl_Task_Object__get__S)
                  20010620    00000010     sysbios.aem4 : BIOS.obj (.text:ti_sysbios_knl_Task_disable__E)
                  20010630    00000010                  : BIOS.obj (.text:xdc_runtime_Memory_free__E)
                  20010640    00000010                  : BIOS.obj (.text:xdc_runtime_SysCallback_abort__E)
                  20010650    00000010                  : BIOS.obj (.text:xdc_runtime_SysCallback_exit__E)
                  20010660    0000000e     rtsv7M4_T_le_eabi.lib : copy_decompress_none.c.obj (.text:decompress:none:__TI_decompress_none)
                  2001066e    00000002     --HOLE-- [fill = 0]
                  20010670    0000000e     sysbios.aem4 : BIOS.obj (.text:pthread_attr_setdetachstate)
                  2001067e    00000002     --HOLE-- [fill = 0]
                  20010680    0000000e                  : BIOS.obj (.text:ti_sysbios_knl_Idle_loop__E)
                  2001068e    00000002     --HOLE-- [fill = 0]
                  20010690    0000000e                  : BIOS.obj (.text:ti_sysbios_knl_Queue_empty__E)
                  2001069e    00000002     --HOLE-- [fill = 0]
                  200106a0    0000000c     drivers_cc32xx.a : PowerCC32XX.oem4 (.text:Power_getConstraintMask)
                  200106ac    0000000c     dpl_cc32xx.a : SemaphoreP_tirtos.oem4 (.text:SemaphoreP_delete)
                  200106b8    0000000c     rtsv7M4_T_le_eabi.lib : _lock.c.obj (.text:_register_lock)
                  200106c4    0000000c                           : _lock.c.obj (.text:_register_unlock)
                  200106d0    0000000c                           : copy_zero_init.c.obj (.text:decompress:ZI:__TI_zero_init)
                  200106dc    0000000c     release_pem4.oem4 (.text:ti_sysbios_family_arm_m3_Hwi_Params__init__S)
                  200106e8    0000000c     sysbios.aem4 : BIOS.obj (.text:ti_sysbios_family_arm_m3_Hwi_disableFxn__E)
                  200106f4    00000004     --HOLE-- [fill = 0]
                  200106f8    0000000c                  : BIOS.obj (.text:ti_sysbios_family_arm_m3_TaskSupport_getStackAlignment__E)
                  20010704    00000004     --HOLE-- [fill = 0]
                  20010708    0000000c                  : BIOS.obj (.text:ti_sysbios_gates_GateHwi_enter__E)
                  20010714    00000004     --HOLE-- [fill = 0]
                  20010718    0000000c                  : BIOS.obj (.text:ti_sysbios_knl_Clock_getTicks__E)
                  20010724    00000004     --HOLE-- [fill = 0]
                  20010728    0000000c                  : BIOS.obj (.text:ti_sysbios_knl_Clock_setTicks__E)
                  20010734    00000004     --HOLE-- [fill = 0]
                  20010738    0000000c                  : BIOS.obj (.text:ti_sysbios_knl_Clock_tickStart__E)
                  20010744    00000004     --HOLE-- [fill = 0]
                  20010748    0000000c                  : BIOS.obj (.text:ti_sysbios_knl_Clock_tickStop__E)
                  20010754    0000000c     release_pem4.oem4 (.text:ti_sysbios_knl_Queue_Object__get__S)
                  20010760    0000000c     release_pem4.oem4 (.text:ti_sysbios_knl_Semaphore_Params__init__S)
                  2001076c    0000000c     release_pem4.oem4 (.text:ti_sysbios_knl_Task_Params__init__S)
                  20010778    0000000c     sysbios.aem4 : BIOS.obj (.text:ti_sysbios_rts_ti_ReentSupport_taskRegHook__I)
                  20010784    00000004     --HOLE-- [fill = 0]
                  20010788    0000000c                  : BIOS.obj (.text:xdc_runtime_Startup_rtsDone__E)
                  20010794    0000000a     release_pem4.oem4 (.text:xdc_runtime_IHeap_alloc)
                  2001079e    0000000a     release_pem4.oem4 (.text:xdc_runtime_IHeap_free)
                  200107a8    00000008     sysbios.aem4 : BIOS.obj (.text:pthread_attr_setstacksize)
                  200107b0    00000008                  : BIOS.obj (.text:ti_sysbios_family_arm_m3_Hwi_doSwiRestore__I)
                  200107b8    00000008                  : BIOS.obj (.text:ti_sysbios_family_arm_m3_Hwi_startup__E)
                  200107c0    00000006                  : BIOS.obj (.text:ti_sysbios_family_arm_m3_Hwi_doTaskRestore__I)
                  200107c6    00000002     --HOLE-- [fill = 0]
                  200107c8    00000006                  : BIOS.obj (.text:ti_sysbios_family_arm_m3_Hwi_restoreFxn__E)
                  200107ce    00000002     --HOLE-- [fill = 0]
                  200107d0    00000006                  : BIOS.obj (.text:ti_sysbios_gates_GateHwi_leave__E)
                  200107d6    00000002     --HOLE-- [fill = 0]
                  200107d8    00000006                  : BIOS.obj (.text:ti_sysbios_heaps_HeapMem_isBlocking__E)
                  200107de    00000002     --HOLE-- [fill = 0]
                  200107e0    00000006                  : BIOS.obj (.text:ti_sysbios_knl_Queue_Instance_init__E)
                  200107e6    00000002     --HOLE-- [fill = 0]
                  200107e8    00000006                  : BIOS.obj (.text:ti_sysbios_knl_Swi_startup__E)
                  200107ee    00000002     --HOLE-- [fill = 0]
                  200107f0    00000006                  : BIOS.obj (.text:xdc_runtime_System_Module_startup__E)
                  200107f6    00000002     --HOLE-- [fill = 0]
                  200107f8    00000004                  : BIOS.obj (.text:ti_sysbios_family_arm_m3_Timer_getMaxTicks__E)
                  200107fc    00000004     --HOLE-- [fill = 0]
                  20010800    00000004                  : BIOS.obj (.text:ti_sysbios_gates_GateHwi_query__E)
                  20010804    00000004     --HOLE-- [fill = 0]
                  20010808    00000004                  : BIOS.obj (.text:ti_sysbios_gates_GateMutex_query__E)
                  2001080c    00000004     --HOLE-- [fill = 0]
                  20010810    00000004                  : BIOS.obj (.text:ti_sysbios_knl_Task_startup__E)
                  20010814    00000004     --HOLE-- [fill = 0]
                  20010818    00000002                  : BIOS.obj (.text:ti_sysbios_BIOS_linkedWithIncorrectBootLibrary__E)
                  2001081a    00000006     --HOLE-- [fill = 0]
                  20010820    00000002                  : BIOS.obj (.text:ti_sysbios_gates_GateHwi_Instance_init__E)
                  20010822    00000006     --HOLE-- [fill = 0]
                  20010828    00000002                  : BIOS.obj (.text:ti_sysbios_knl_Clock_logTick__E)
                  2001082a    00000006     --HOLE-- [fill = 0]
                  20010830    00000002                  : BIOS.obj (.text:xdc_runtime_SysCallback_defaultAbort)
                  20010832    00000006     --HOLE-- [fill = 0]
                  20010838    00000002                  : BIOS.obj (.text:xdc_runtime_SysCallback_defaultExit)
                  2001083a    00000006     --HOLE-- [fill = 0]
                  20010840    00000002                  : BIOS.obj (.text:xdc_runtime_System_abortSpin__E)
                  20010842    00000006     --HOLE-- [fill = 0]
                  20010848    00000002                  : BIOS.obj (.text:xdc_runtime_System_exitSpin__E)

.bss       0    20010f38    00000678     UNINITIALIZED
                  20010f38    0000030c     (.common:ti_sysbios_family_arm_m3_Hwi_dispatchTable)
                  20011244    00000004     drivers_cc32xx.a : GPIOCC32XX.oem4 (.bss)
                  20011248    00000200     release_pem4.oem4 (.bss:taskStackSection)
                  20011448    0000012c     (.common:PowerCC32XX_contextSave)
                  20011574    00000020     drivers_cc32xx.a : GPIOCC32XX.oem4 (.bss:gpioCallbackInfo)
                  20011594    00000014                      : GPIOCC32XX.oem4 (.bss:powerNotifyObj)
                  200115a8    00000004     (.common:minutes)
                  200115ac    00000004     (.common:ti_sysbios_knl_Task_Instance_State_0_hookEnv__A)

.data      0    2001084c    000006e8     UNINITIALIZED
                  2001084c    0000016c     drivers_cc32xx.a : PowerCC32XX.oem4 (.data:PowerCC32XX_module)
                  200109b8    000000f8     ti_drivers_config.obj (.data:parkInfo)
                  20010ab0    000000b4     sysbios.aem4 : BIOS.obj (.data:$O1$$)
                  20010b64    00000080     release_pem4.oem4 (.data:ti_sysbios_knl_Swi_Module_State_0_readyQ__A)
                  20010be4    00000080     release_pem4.oem4 (.data:ti_sysbios_knl_Task_Module_State_0_readyQ__A)
                  20010c64    0000004c     release_pem4.oem4 (.data:ti_sysbios_knl_Task_Object__table__V)
                  20010cb0    00000044     release_pem4.oem4 (.data:ti_sysbios_knl_Task_Module__state__V)
                  20010cf4    00000038     release_pem4.oem4 (.data:ti_sysbios_gates_GateMutex_Object__table__V)
                  20010d2c    00000034     release_pem4.oem4 (.data:ti_sysbios_family_arm_m3_Hwi_Module__state__V)
                  20010d60    00000030     release_pem4.oem4 (.data:ti_sysbios_family_arm_m3_Timer_Object__table__V)
                  20010d90    00000030     release_pem4.oem4 (.data:ti_sysbios_knl_Swi_Object__table__V)
                  20010dc0    0000002c     release_pem4.oem4 (.data:ti_sysbios_knl_Clock_Module__state__V)
                  20010dec    00000024     release_pem4.oem4 (.data:ti_sysbios_BIOS_Module__state__V)
                  20010e10    00000020     release_pem4.oem4 (.data:xdc_runtime_Error_IgnoreBlock)
                  20010e30    0000001c     release_pem4.oem4 (.data:ti_sysbios_knl_Swi_Module__state__V)
                  20010e4c    00000018     release_pem4.oem4 (.data:ti_sysbios_family_arm_m3_Hwi_Object__table__V)
                  20010e64    00000018     release_pem4.oem4 (.data:ti_sysbios_heaps_HeapMem_Object__table__V)
                  20010e7c    00000014     ti_drivers_config.obj (.data:gpioCallbackFunctions)
                  20010e90    00000014     ti_drivers_config.obj (.data:gpioPinConfigs)
                  20010ea4    0000000c     release_pem4.oem4 (.data:ti_sysbios_family_arm_m3_Timer_Module__state__V)
                  20010eb0    00000009     drivers_cc32xx.a : GPIOCC32XX.oem4 (.data)
                  20010eb9    00000001     --HOLE--
                  20010eba    00000002     release_pem4.oem4 (.data:ti_sysbios_family_arm_m3_Hwi_Module_State_0_excActive__A)
                  20010ebc    00000008     rtsv7M4_T_le_eabi.lib : _lock.c.obj (.data:$O1$$)
                  20010ec4    00000008     release_pem4.oem4 (.data:ti_sysbios_family_arm_m3_Hwi_Module__root__V)
                  20010ecc    00000008     release_pem4.oem4 (.data:ti_sysbios_gates_GateHwi_Module__root__V)
                  20010ed4    00000008     release_pem4.oem4 (.data:ti_sysbios_gates_GateMutex_Module__root__V)
                  20010edc    00000008     release_pem4.oem4 (.data:ti_sysbios_heaps_HeapMem_Module__root__V)
                  20010ee4    00000008     release_pem4.oem4 (.data:ti_sysbios_knl_Queue_Module__root__V)
                  20010eec    00000008     release_pem4.oem4 (.data:ti_sysbios_knl_Semaphore_Module__root__V)
                  20010ef4    00000008     release_pem4.oem4 (.data:ti_sysbios_knl_Task_Module__root__V)
                  20010efc    00000008     release_pem4.oem4 (.data:xdc_runtime_Startup_Module__state__V)
                  20010f04    00000008     release_pem4.oem4 (.data:xdc_runtime_System_Module_State_0_atexitHandlers__A)
                  20010f0c    00000008     release_pem4.oem4 (.data:xdc_runtime_System_Module__state__V)
                  20010f14    00000004     rtsv7M4_T_le_eabi.lib : stkdepth_vars.c.obj (.data)
                  20010f18    00000004     release_pem4.oem4 (.data:ti_sysbios_family_arm_m3_Hwi_Module_State_0_excContext__A)
                  20010f1c    00000004     release_pem4.oem4 (.data:ti_sysbios_family_arm_m3_Hwi_Module_State_0_excStack__A)
                  20010f20    00000004     release_pem4.oem4 (.data:ti_sysbios_family_arm_m3_TimestampProvider_Module__state__V)
                  20010f24    00000004     release_pem4.oem4 (.data:ti_sysbios_gates_GateHwi_Object__table__V)
                  20010f28    00000004     release_pem4.oem4 (.data:ti_sysbios_knl_Task_Module_State_0_idleTask__A)
                  20010f2c    00000004     release_pem4.oem4 (.data:ti_sysbios_rts_ti_ReentSupport_Module__state__V)
                  20010f30    00000004     release_pem4.oem4 (.data:xdc_runtime_Memory_Module__state__V)

.const     0    200115b0    00000608     
                  200115b0    00000100     driverlib.a : pin.obj (.const:g_ulPinToPadMap)
                  200116b0    000000a8                 : prcm.obj (.const:PRCM_PeriphRegsList)
                  20011758    00000044     ti_drivers_config.obj (.const:PowerCC32XX_config)
                  2001179c    0000003c     release_pem4.oem4 (.const:ti_sysbios_knl_Task_Object__PARAMS__C)
                  200117d8    00000030     release_pem4.oem4 (.const:ti_sysbios_family_arm_m3_Hwi_Object__PARAMS__C)
                  20011808    00000028     release_pem4.oem4 (.const:ti_sysbios_heaps_HeapMem_Module__FXNS__C)
                  20011830    00000024     release_pem4.oem4 (.const:ti_sysbios_gates_GateHwi_Module__FXNS__C)
                  20011854    00000024     release_pem4.oem4 (.const:ti_sysbios_gates_GateMutex_Module__FXNS__C)
                  20011878    00000024     release_pem4.oem4 (.const:ti_sysbios_heaps_HeapMem_Object__PARAMS__C)
                  2001189c    00000024     release_pem4.oem4 (.const:ti_sysbios_knl_Semaphore_Object__PARAMS__C)
                  200118c0    00000024     release_pem4.oem4 (.const:xdc_runtime_Startup_sfxnTab__A)
                  200118e4    00000021     drivers_cc32xx.a : GPIOCC32XX.oem4 (.const:.string:pinTable)
                  20011905    00000001     release_pem4.oem4 (.const:ti_sysbios_knl_Clock_tickMode__C)
                  20011906    00000002     release_pem4.oem4 (.const:ti_sysbios_family_arm_m3_Hwi_Module__id__C)
                  20011908    00000020     release_pem4.oem4 (.const:ti_sysbios_family_arm_m3_Hwi_Object__DESC__C)
                  20011928    00000020     release_pem4.oem4 (.const:ti_sysbios_gates_GateHwi_Object__DESC__C)
                  20011948    00000020     release_pem4.oem4 (.const:ti_sysbios_gates_GateMutex_Object__DESC__C)
                  20011968    00000020     release_pem4.oem4 (.const:ti_sysbios_heaps_HeapMem_Object__DESC__C)
                  20011988    00000020     release_pem4.oem4 (.const:ti_sysbios_knl_Queue_Object__DESC__C)
                  200119a8    00000020     release_pem4.oem4 (.const:ti_sysbios_knl_Semaphore_Object__DESC__C)
                  200119c8    00000020     release_pem4.oem4 (.const:ti_sysbios_knl_Task_Object__DESC__C)
                  200119e8    00000018     release_pem4.oem4 (.const:ti_sysbios_gates_GateHwi_Object__PARAMS__C)
                  20011a00    00000018     release_pem4.oem4 (.const:ti_sysbios_gates_GateMutex_Object__PARAMS__C)
                  20011a18    00000018     release_pem4.oem4 (.const:ti_sysbios_knl_Queue_Object__PARAMS__C)
                  20011a30    00000018     release_pem4.oem4 (.const:ti_sysbios_knl_Task_hooks__A)
                  20011a48    00000014     ti_drivers_config.obj (.const:GPIOCC32XX_config)
                  20011a5c    00000014     drivers_cc32xx.a : GPIOCC32XX.oem4 (.const:gpioBaseAddresses)
                  20011a70    00000014                      : GPIOCC32XX.oem4 (.const:powerResources)
                  20011a84    00000012     release_pem4.oem4 (.const:xdc_runtime_Startup_sfxnRts__A)
                  20011a96    00000002     release_pem4.oem4 (.const:ti_sysbios_family_arm_m3_Timer_Module__id__C)
                  20011a98    0000000c     release_pem4.oem4 (.const:xdc_runtime_Startup_firstFxns__A)
                  20011aa4    00000008     drivers_cc32xx.a : GPIOCC32XX.oem4 (.const:outPinTypes)
                  20011aac    00000008     release_pem4.oem4 (.const:ti_sysbios_knl_Idle_funcList__A)
                  20011ab4    00000008     release_pem4.oem4 (.const:ti_sysbios_knl_Idle_funcList__C)
                  20011abc    00000008     release_pem4.oem4 (.const:ti_sysbios_knl_Task_hooks__C)
                  20011ac4    00000008     release_pem4.oem4 (.const:xdc_runtime_Startup_firstFxns__C)
                  20011acc    00000008     release_pem4.oem4 (.const:xdc_runtime_Startup_lastFxns__C)
                  20011ad4    00000006     drivers_cc32xx.a : GPIOCC32XX.oem4 (.const:.string:interruptType)
                  20011ada    00000006                      : GPIOCC32XX.oem4 (.const:inPinTypes)
                  20011ae0    00000006                      : GPIOCC32XX.oem4 (.const:outPinStrengths)
                  20011ae6    00000004                      : GPIOCC32XX.oem4 (.const:.string:portInterruptIds)
                  20011aea    00000002     release_pem4.oem4 (.const:ti_sysbios_heaps_HeapMem_Module__id__C)
                  20011aec    00000004     release_pem4.oem4 (.const:ti_sysbios_family_arm_m3_Hwi_E_alreadyDefined__C)
                  20011af0    00000004     release_pem4.oem4 (.const:ti_sysbios_family_arm_m3_Hwi_E_badIntNum__C)
                  20011af4    00000004     release_pem4.oem4 (.const:ti_sysbios_family_arm_m3_Hwi_NUM_INTERRUPTS__C)
                  20011af8    00000004     release_pem4.oem4 (.const:ti_sysbios_family_arm_m3_Hwi_Object__count__C)
                  20011afc    00000004     release_pem4.oem4 (.const:ti_sysbios_family_arm_m3_Hwi_ccr__C)
                  20011b00    00000004     release_pem4.oem4 (.const:ti_sysbios_family_arm_m3_Hwi_excHandlerFunc__C)
                  20011b04    00000004     release_pem4.oem4 (.const:ti_sysbios_family_arm_m3_Hwi_nullIsrFunc__C)
                  20011b08    00000004     release_pem4.oem4 (.const:ti_sysbios_family_arm_m3_Hwi_priGroup__C)
                  20011b0c    00000004     release_pem4.oem4 (.const:ti_sysbios_family_arm_m3_Hwi_swiDisable__C)
                  20011b10    00000004     release_pem4.oem4 (.const:ti_sysbios_family_arm_m3_Hwi_swiRestore__C)
                  20011b14    00000004     release_pem4.oem4 (.const:ti_sysbios_family_arm_m3_TaskSupport_stackAlignment__C)
                  20011b18    00000004     release_pem4.oem4 (.const:ti_sysbios_family_arm_m3_Timer_E_cannotSupport__C)
                  20011b1c    00000004     release_pem4.oem4 (.const:ti_sysbios_family_arm_m3_Timer_startupNeeded__C)
                  20011b20    00000004     release_pem4.oem4 (.const:ti_sysbios_gates_GateMutex_Instance_State_sem__O)
                  20011b24    00000004     release_pem4.oem4 (.const:ti_sysbios_heaps_HeapMem_E_memory__C)
                  20011b28    00000004     release_pem4.oem4 (.const:ti_sysbios_heaps_HeapMem_Module__gateObj__C)
                  20011b2c    00000004     release_pem4.oem4 (.const:ti_sysbios_heaps_HeapMem_Object__count__C)
                  20011b30    00000004     release_pem4.oem4 (.const:ti_sysbios_heaps_HeapMem_primaryHeapBaseAddr__C)
                  20011b34    00000004     release_pem4.oem4 (.const:ti_sysbios_heaps_HeapMem_primaryHeapEndAddr__C)
                  20011b38    00000004     release_pem4.oem4 (.const:ti_sysbios_heaps_HeapMem_reqAlign__C)
                  20011b3c    00000004     release_pem4.oem4 (.const:ti_sysbios_knl_Clock_Module_State_clockQ__O)
                  20011b40    00000004     release_pem4.oem4 (.const:ti_sysbios_knl_Clock_tickPeriod__C)
                  20011b44    00000004     release_pem4.oem4 (.const:ti_sysbios_knl_Mailbox_Instance_State_freeQue__O)
                  20011b48    00000004     release_pem4.oem4 (.const:ti_sysbios_knl_Mailbox_Object__count__C)
                  20011b4c    00000004     release_pem4.oem4 (.const:ti_sysbios_knl_Mailbox_maxTypeAlign__C)
                  20011b50    00000004     release_pem4.oem4 (.const:ti_sysbios_knl_Semaphore_Instance_State_pendQ__O)
                  20011b54    00000004     release_pem4.oem4 (.const:ti_sysbios_knl_Swi_Object__count__C)
                  20011b58    00000004     release_pem4.oem4 (.const:ti_sysbios_knl_Task_Module_State_inactiveQ__O)
                  20011b5c    00000004     release_pem4.oem4 (.const:ti_sysbios_knl_Task_Object__count__C)
                  20011b60    00000004     release_pem4.oem4 (.const:ti_sysbios_knl_Task_Object__heap__C)
                  20011b64    00000004     release_pem4.oem4 (.const:ti_sysbios_knl_Task_allBlockedFunc__C)
                  20011b68    00000004     release_pem4.oem4 (.const:ti_sysbios_knl_Task_defaultStackHeap__C)
                  20011b6c    00000004     release_pem4.oem4 (.const:ti_sysbios_knl_Task_defaultStackSize__C)
                  20011b70    00000004     release_pem4.oem4 (.const:ti_sysbios_knl_Task_numConstructedTasks__C)
                  20011b74    00000004     release_pem4.oem4 (.const:xdc_runtime_Error_E_memory__C)
                  20011b78    00000004     release_pem4.oem4 (.const:xdc_runtime_Error_policyFxn__C)
                  20011b7c    00000004     release_pem4.oem4 (.const:xdc_runtime_IGateProvider_Interface__BASE__C)
                  20011b80    00000004     release_pem4.oem4 (.const:xdc_runtime_IHeap_Interface__BASE__C)
                  20011b84    00000004     release_pem4.oem4 (.const:xdc_runtime_IModule_Interface__BASE__C)
                  20011b88    00000004     release_pem4.oem4 (.const:xdc_runtime_Memory_defaultHeapInstance__C)
                  20011b8c    00000004     release_pem4.oem4 (.const:xdc_runtime_Startup_execImpl__C)
                  20011b90    00000004     release_pem4.oem4 (.const:xdc_runtime_Startup_maxPasses__C)
                  20011b94    00000004     release_pem4.oem4 (.const:xdc_runtime_Startup_sfxnRts__C)
                  20011b98    00000004     release_pem4.oem4 (.const:xdc_runtime_Startup_sfxnTab__C)
                  20011b9c    00000004     release_pem4.oem4 (.const:xdc_runtime_SysCallback_abortFxn__C)
                  20011ba0    00000004     release_pem4.oem4 (.const:xdc_runtime_SysCallback_exitFxn__C)
                  20011ba4    00000004     release_pem4.oem4 (.const:xdc_runtime_System_Module__gateObj__C)
                  20011ba8    00000004     release_pem4.oem4 (.const:xdc_runtime_System_abortFxn__C)
                  20011bac    00000004     release_pem4.oem4 (.const:xdc_runtime_System_exitFxn__C)
                  20011bb0    00000004     release_pem4.oem4 (.const:xdc_runtime_System_maxAtexitHandlers__C)
                  20011bb4    00000002     release_pem4.oem4 (.const:xdc_runtime_Memory_Module__id__C)
                  20011bb6    00000001     release_pem4.oem4 (.const:ti_sysbios_knl_Clock_tickSource__C)
                  20011bb7    00000001     release_pem4.oem4 (.const:xdc_runtime_Error_policy__C)

.vecs      0    20000000    0000030c     UNINITIALIZED
                  20000000    0000030c     release_pem4.oem4 (.vecs)

.stack     0    20003c00    00000400     UNINITIALIZED
                  20003c00    00000400     --HOLE--

.cinit     0    20011bb8    00000268     
                  20011bb8    00000231     (.cinit..data.load) [load image, compression = lzss]
                  20011de9    00000003     --HOLE-- [fill = 0]
                  20011dec    0000000c     (__TI_handler_table)
                  20011df8    00000008     (.cinit..bss.load) [load image, compression = zero_init]
                  20011e00    00000008     (.cinit..vecs.load) [load image, compression = zero_init]
                  20011e08    00000018     (__TI_cinit_table)

.init_array 
*          0    20004000    00000000     UNINITIALIZED

.priheap   0    20004310    00008000     UNINITIALIZED
                  20004310    00008000     --HOLE--

.log_data 
*          0    90000000    00000000     COPY SECTION

.bootVecs 
*          0    00000000    00000008     DSECT
                  00000000    00000008     boot.aem4 : boot.oem4 (.bootVecs)

xdc.meta   0    00000000    000000f7     COPY SECTION
                  00000000    000000f7     release_pem4.oem4 (xdc.meta)

xdc.noload 
*          0    00000000    00000000     COPY SECTION

__llvm_prf_cnts 
*          0    20004000    00000000     UNINITIALIZED

MODULE SUMMARY

       Module                       code    ro data   rw data
       ------                       ----    -------   -------
    .\
       empty.obj                    446     0         4      
       main_tirtos.obj              100     0         0      
    +--+----------------------------+-------+---------+---------+
       Total:                       546     0         4      
                                                             
    .\syscfg\
       ti_drivers_config.obj        18      88        288    
    +--+----------------------------+-------+---------+---------+
       Total:                       18      88        288    
                                                             
    C:\Users\hoogv\workspace_v12\tirtos_builds_cc32xx_release_ccs\Debug\configPkg\package\cfg\
       release_pem4.oem4            1384    1709      2990   
    +--+----------------------------+-------+---------+---------+
       Total:                       1384    1709      2990   
                                                             
    C:/ti/simplelink_cc32xx_sdk_5_20_00_06/kernel/tirtos/packages/ti/dpl/lib/ccs/m4/dpl_cc32xx.a
       PowerCC32XX_tirtos.oem4      446     0         0      
       HwiP_tirtos.oem4             84      0         0      
       SemaphoreP_tirtos.oem4       78      0         0      
    +--+----------------------------+-------+---------+---------+
       Total:                       608     0         0      
                                                             
    C:/ti/simplelink_cc32xx_sdk_5_20_00_06/source/ti/devices/cc32xx/driverlib/ccs/Release/driverlib.a
       prcm.obj                     1604    168       0      
       pin.obj                      280     256       0      
       flash.obj                    72      0         0      
       utils.obj                    6       0         0      
    +--+----------------------------+-------+---------+---------+
       Total:                       1962    424       0      
                                                             
    C:/ti/simplelink_cc32xx_sdk_5_20_00_06/source/ti/drivers/lib/ccs/m4/drivers_cc32xx.a
       PowerCC32XX.oem4             2072    0         664    
       GPIOCC32XX.oem4              1208    103       65     
       PowerCC32XX_asm.oem4         150     0         0      
       List.oem4                    38      0         0      
    +--+----------------------------+-------+---------+---------+
       Total:                       3468    103       729    
                                                             
    C:\Users\hoogv\workspace_v12\tirtos_builds_cc32xx_release_ccs\src\sysbios\sysbios.aem4
       BIOS.obj                     8054    0         180    
       m3_Hwi_asm.obj               270     0         0      
       m3_TaskSupport_asm.obj       108     0         0      
       m3_Hwi_asm_switch.obj        102     0         0      
    +--+----------------------------+-------+---------+---------+
       Total:                       8534    0         180    
                                                             
    C:\ti\ccs1210\ccs\tools\compiler\ti-cgt-arm_20.2.7.LTS\lib\rtsv7M4_T_le_eabi.lib
       memcpy_t2.asm.obj            156     0         0      
       ull_div_t2.asm.obj           150     0         0      
       memset_t2.asm.obj            122     0         0      
       copy_decompress_lzss.c.obj   104     0         0      
       cpy_tbl.c.obj                76      0         0      
       _lock.c.obj                  26      0         8      
       args_main.c.obj              24      0         0      
       ll_mul_t2.asm.obj            24      0         0      
       copy_decompress_none.c.obj   14      0         0      
       copy_zero_init.c.obj         12      0         0      
       stkdepth_vars.c.obj          0       0         4      
       div0.asm.obj                 2       0         0      
    +--+----------------------------+-------+---------+---------+
       Total:                       710     0         12     
                                                             
    C:\ti\simplelink_cc32xx_sdk_5_20_00_06\kernel\tirtos\packages\ti\targets\arm\rtsarm\lib\auto_init.aem4
       auto_init.oem4               160     0         0      
    +--+----------------------------+-------+---------+---------+
       Total:                       160     0         0      
                                                             
    C:\ti\simplelink_cc32xx_sdk_5_20_00_06\kernel\tirtos\packages\ti\targets\arm\rtsarm\lib\boot.aem4
       boot.oem4                    68      0         0      
    +--+----------------------------+-------+---------+---------+
       Total:                       68      0         0      
                                                             
       Stack:                       0       0         1024   
       Linker Generated:            0       613       0      
    +--+----------------------------+-------+---------+---------+
       Grand Total:                 17458   2937      5227   


LINKER GENERATED COPY TABLES

__TI_cinit_table @ 20011e08 records: 3, size/record: 8, table size: 24
	.data: load addr=20011bb8, load size=00000231 bytes, run addr=2001084c, run size=000006e8 bytes, compression=lzss
	.bss: load addr=20011df8, load size=00000008 bytes, run addr=20010f38, run size=00000678 bytes, compression=zero_init
	.vecs: load addr=20011e00, load size=00000008 bytes, run addr=20000000, run size=0000030c bytes, compression=zero_init


LINKER GENERATED HANDLER TABLE

__TI_handler_table @ 20011dec records: 3, size/record: 4, table size: 12
	index: 0, handler: __TI_zero_init
	index: 1, handler: __TI_decompress_lzss
	index: 2, handler: __TI_decompress_none


GLOBAL SYMBOLS: SORTED ALPHABETICALLY BY Name 

address   name                                                            
-------   ----                                                            
2001056d  Board_init                                                      
2000d167  Board_initHook                                                  
2000f1cd  FlashDisable                                                    
20011a48  GPIOCC32XX_config                                               
2000ef11  GPIO_enableInt                                                  
2000e57d  GPIO_hwiIntFxn                                                  
2000d5e9  GPIO_init                                                       
2000eae9  GPIO_setCallback                                                
2000c73d  GPIO_setConfig                                                  
2000ecc5  GPIO_write                                                      
00008000  HEAPSIZE                                                        
2001057d  HwiP_Params_init                                                
2000f645  HwiP_create                                                     
2000ccfd  HwiP_disable                                                    
200107c9  HwiP_restore                                                    
UNDEFED   ITM_flush                                                       
UNDEFED   ITM_restore                                                     
2000ff49  List_put                                                        
2000c311  PRCMCC3200MCUInit                                               
20010449  PRCMHIBRegRead                                                  
2001045f  PRCMHIBRegWrite                                                 
2000f215  PRCMLPDSEnter                                                   
2000f901  PRCMLPDSEnterKeepDebugIf                                        
2000f459  PRCMLPDSRestoreInfoSet                                          
2000fe59  PRCMPeripheralClkDisable                                        
2000f25d  PRCMPeripheralClkEnable                                         
2000ed1d  PRCMPeripheralReset                                             
2000e9c5  PRCMSysResetCauseGet                                            
2000e04d  PinConfigSet                                                    
2000f9a9  PinModeGet                                                      
2000f685  PinModeSet                                                      
20010231  PinToPadGet                                                     
20011758  PowerCC32XX_config                                              
2000d9b1  PowerCC32XX_configureWakeup                                     
20011448  PowerCC32XX_contextSave                                         
2000f49d  PowerCC32XX_enterLPDS                                           
2000fe81  PowerCC32XX_initPolicy                                          
2001084c  PowerCC32XX_module                                              
2000ef5d  PowerCC32XX_parkPin                                             
2000fa7b  PowerCC32XX_restoreParkedPin                                    
2000edc9  PowerCC32XX_resumeLPDS                                          
2000e899  PowerCC32XX_setParkState                                        
2000c921  PowerCC32XX_sleepPolicy                                         
200106a1  Power_getConstraintMask                                         
2001048d  Power_getDependencyCount                                        
20010341  Power_getTransitionLatency                                      
20010359  Power_idleFunc                                                  
2000e1e9  Power_init                                                      
2000fea9  Power_registerNotify                                            
2000f709  Power_setConstraint                                             
2000e3fd  Power_setDependency                                             
2000cbc5  Power_sleep                                                     
UNDEFED   SHT$$INIT_ARRAY$$Base                                           
UNDEFED   SHT$$INIT_ARRAY$$Limit                                          
2000fcc1  SemaphoreP_createBinary                                         
200106ad  SemaphoreP_delete                                               
20010519  SemaphoreP_pend                                                 
2000d26d  SemaphoreP_post                                                 
2000ee1b  UtilsDelay                                                      
00000000  __ASM__                                                         
00000075  __ISA__                                                         
00000088  __PLAT__                                                        
20004000  __STACK_END                                                     
00000400  __STACK_SIZE                                                    
000000af  __TARG__                                                        
20011e08  __TI_CINIT_Base                                                 
20011e20  __TI_CINIT_Limit                                                
20011dec  __TI_Handler_Table_Base                                         
20011df8  __TI_Handler_Table_Limit                                        
2000dafd  __TI_auto_init                                                  
2000e7c5  __TI_decompress_lzss                                            
20010661  __TI_decompress_none                                            
ffffffff  __TI_pprof_out_hndl                                             
ffffffff  __TI_prof_data_size                                             
ffffffff  __TI_prof_data_start                                            
20011bb8  __TI_static_base__                                              
200106d1  __TI_zero_init                                                  
000000d4  __TRDR__                                                        
2000e1e7  __aeabi_idiv0                                                   
2000e1e7  __aeabi_ldiv0                                                   
20010389  __aeabi_lmul                                                    
2000e501  __aeabi_memclr                                                  
2000e501  __aeabi_memclr4                                                 
2000e501  __aeabi_memclr8                                                 
2000dc3d  __aeabi_memcpy                                                  
2000dc3d  __aeabi_memcpy4                                                 
2000dc3d  __aeabi_memcpy8                                                 
2000e503  __aeabi_memset                                                  
2000e503  __aeabi_memset4                                                 
2000e503  __aeabi_memset8                                                 
2000dd71  __aeabi_uldivmod                                                
ffffffff  __binit__                                                       
ffffffff  __c_args__                                                      
2000c310  __primary_heap_end__                                            
20004310  __primary_heap_start__                                          
20003c00  __stack                                                         
20004000  __start___llvm_prf_cnts                                         
20004000  __stop___llvm_prf_cnts                                          
20010371  _args_main                                                      
2000f4e1  _c_int00                                                        
20010ebc  _lock                                                           
2000de07  _nop                                                            
2000fcf1  _pthread_cleanupFxn                                             
2000dba1  _pthread_removeThreadKeys                                       
200106b9  _register_lock                                                  
200106c5  _register_unlock                                                
20010ec0  _unlock                                                         
ffffffff  binit                                                           
2000efa9  copy_in                                                         
20010e7c  gpioCallbackFunctions                                           
20010e90  gpioPinConfigs                                                  
20011ada  inPinTypes                                                      
2000e5f5  interfaceThread                                                 
2000e8fd  main                                                            
20010f14  main_func_sp                                                    
2000dc3d  memcpy                                                          
2000e509  memset                                                          
200115a8  minutes                                                         
20011ae0  outPinStrengths                                                 
20011aa4  outPinTypes                                                     
200109b8  parkInfo                                                        
2000ff71  pthread_attr_init                                               
20010671  pthread_attr_setdetachstate                                     
200104a1  pthread_attr_setschedparam                                      
200107a9  pthread_attr_setstacksize                                       
2000d271  pthread_create                                                  
2000e831  pthread_exit                                                    
2000d061  setCounter                                                      
2000f749  sleep                                                           
2001010d  switch1                                                         
2001012d  switch2                                                         
20010dec  ti_sysbios_BIOS_Module__state__V                                
2000fda9  ti_sysbios_BIOS_RtsGateProxy_Handle__label__S                   
2000d6ad  ti_sysbios_BIOS_RtsGateProxy_enter__E                           
2000d835  ti_sysbios_BIOS_RtsGateProxy_leave__E                           
20010809  ti_sysbios_BIOS_RtsGateProxy_query__E                           
2000faad  ti_sysbios_BIOS_atExitFunc__I                                   
20010475  ti_sysbios_BIOS_exitFunc__I                                     
20010819  ti_sysbios_BIOS_linkedWithIncorrectBootLibrary__E               
2000e57b  ti_sysbios_BIOS_nullFunc__I                                     
2000ff95  ti_sysbios_BIOS_registerRTSLock__I                              
2000ffb9  ti_sysbios_BIOS_removeRTSLock__I                                
2001014d  ti_sysbios_BIOS_rtsLock__I                                      
200103a1  ti_sysbios_BIOS_rtsUnlock__I                                    
20010591  ti_sysbios_BIOS_setThreadType__E                                
2000fadd  ti_sysbios_BIOS_startFunc__I                                    
200105a1  ti_sysbios_BIOS_start__E                                        
20011aec  ti_sysbios_family_arm_m3_Hwi_E_alreadyDefined__C                
20011af0  ti_sysbios_family_arm_m3_Hwi_E_badIntNum__C                     
2000f789  ti_sysbios_family_arm_m3_Hwi_Instance_finalize__E               
2000d8f9  ti_sysbios_family_arm_m3_Hwi_Instance_init__E                   
20010eba  ti_sysbios_family_arm_m3_Hwi_Module_State_0_excActive__A        
20010f18  ti_sysbios_family_arm_m3_Hwi_Module_State_0_excContext__A       
20010f1c  ti_sysbios_family_arm_m3_Hwi_Module_State_0_excStack__A         
20011906  ti_sysbios_family_arm_m3_Hwi_Module__id__C                      
20010ec4  ti_sysbios_family_arm_m3_Hwi_Module__root__V                    
200103b9  ti_sysbios_family_arm_m3_Hwi_Module__startupDone__F             
200103b9  ti_sysbios_family_arm_m3_Hwi_Module__startupDone__S             
20010d2c  ti_sysbios_family_arm_m3_Hwi_Module__state__V                   
2000ee21  ti_sysbios_family_arm_m3_Hwi_Module_startup__E                  
20011af4  ti_sysbios_family_arm_m3_Hwi_NUM_INTERRUPTS__C                  
20011908  ti_sysbios_family_arm_m3_Hwi_Object__DESC__C                    
200117d8  ti_sysbios_family_arm_m3_Hwi_Object__PARAMS__C                  
20011af8  ti_sysbios_family_arm_m3_Hwi_Object__count__C                   
200104b5  ti_sysbios_family_arm_m3_Hwi_Object__get__S                     
20010e4c  ti_sysbios_family_arm_m3_Hwi_Object__table__V                   
200106dd  ti_sysbios_family_arm_m3_Hwi_Params__init__S                    
20011afc  ti_sysbios_family_arm_m3_Hwi_ccr__C                             
2000ed75  ti_sysbios_family_arm_m3_Hwi_create                             
200106e9  ti_sysbios_family_arm_m3_Hwi_disableFxn__E                      
2000f2a9  ti_sysbios_family_arm_m3_Hwi_disableInterrupt__E                
2000e961  ti_sysbios_family_arm_m3_Hwi_dispatchC__I                       
20010f38  ti_sysbios_family_arm_m3_Hwi_dispatchTable                      
2000d51d  ti_sysbios_family_arm_m3_Hwi_dispatch__I                        
200107b1  ti_sysbios_family_arm_m3_Hwi_doSwiRestore__I                    
200107c1  ti_sysbios_family_arm_m3_Hwi_doTaskRestore__I                   
2000f2f1  ti_sysbios_family_arm_m3_Hwi_enableInterrupt__E                 
2000fed1  ti_sysbios_family_arm_m3_Hwi_excHandlerAsm__I                   
20011b00  ti_sysbios_family_arm_m3_Hwi_excHandlerFunc__C                  
20010251  ti_sysbios_family_arm_m3_Hwi_excHandler__I                      
2000f529  ti_sysbios_family_arm_m3_Hwi_getStackInfo__E                    
2000e0d9  ti_sysbios_family_arm_m3_Hwi_initNVIC__E                        
2000f339  ti_sysbios_family_arm_m3_Hwi_initStacks__E                      
2000d5cd  ti_sysbios_family_arm_m3_Hwi_interruptsAreDisabledButShouldNotBe
20011b04  ti_sysbios_family_arm_m3_Hwi_nullIsrFunc__C                     
e000e000  ti_sysbios_family_arm_m3_Hwi_nvic                               
20010325  ti_sysbios_family_arm_m3_Hwi_pendSV__I                          
2000e2f1  ti_sysbios_family_arm_m3_Hwi_postInit__I                        
20011b08  ti_sysbios_family_arm_m3_Hwi_priGroup__C                        
20000000  ti_sysbios_family_arm_m3_Hwi_ramVectors                         
20004000  ti_sysbios_family_arm_m3_Hwi_resetVectors                       
200107c9  ti_sysbios_family_arm_m3_Hwi_restoreFxn__E                      
2001033d  ti_sysbios_family_arm_m3_Hwi_return                             
200107b9  ti_sysbios_family_arm_m3_Hwi_startup__E                         
20011b0c  ti_sysbios_family_arm_m3_Hwi_swiDisable__C                      
20011b10  ti_sysbios_family_arm_m3_Hwi_swiRestore__C                      
200104c9  ti_sysbios_family_arm_m3_Hwi_switchFromBootStack__E             
2000d8f5  ti_sysbios_family_arm_m3_TaskSupport_Module__startupDone__S     
2000f041  ti_sysbios_family_arm_m3_TaskSupport_buildTaskStack             
200106f9  ti_sysbios_family_arm_m3_TaskSupport_getStackAlignment__E       
200105b1  ti_sysbios_family_arm_m3_TaskSupport_glue                       
20011b14  ti_sysbios_family_arm_m3_TaskSupport_stackAlignment__C          
2000fb11  ti_sysbios_family_arm_m3_TaskSupport_start__E                   
200105c1  ti_sysbios_family_arm_m3_TaskSupport_swap__E                    
20011b18  ti_sysbios_family_arm_m3_Timer_E_cannotSupport__C               
20011a96  ti_sysbios_family_arm_m3_Timer_Module__id__C                    
200103d1  ti_sysbios_family_arm_m3_Timer_Module__startupDone__F           
200103d1  ti_sysbios_family_arm_m3_Timer_Module__startupDone__S           
20010ea4  ti_sysbios_family_arm_m3_Timer_Module__state__V                 
20010271  ti_sysbios_family_arm_m3_Timer_Module_startup__E                
20010d60  ti_sysbios_family_arm_m3_Timer_Object__table__V                 
200107f9  ti_sysbios_family_arm_m3_Timer_getMaxTicks__E                   
2000f381  ti_sysbios_family_arm_m3_Timer_initDevice__I                    
2000f9e1  ti_sysbios_family_arm_m3_Timer_periodicStub__I                  
2000ffe1  ti_sysbios_family_arm_m3_Timer_postInit__I                      
2000f7c9  ti_sysbios_family_arm_m3_Timer_setPeriodMicroSecs__E            
2000ee71  ti_sysbios_family_arm_m3_Timer_setPeriod__E                     
2000eb49  ti_sysbios_family_arm_m3_Timer_start__E                         
20011b1c  ti_sysbios_family_arm_m3_Timer_startupNeeded__C                 
20010009  ti_sysbios_family_arm_m3_Timer_startup__E                       
20010291  ti_sysbios_family_arm_m3_Timer_stop__E                          
20010f20  ti_sysbios_family_arm_m3_TimestampProvider_Module__state__V     
2000fd51  ti_sysbios_family_arm_m3_TimestampProvider_Module_startup__E    
20010211  ti_sysbios_family_xxx_Hwi_switchAndRunFunc                      
2000fd7d  ti_sysbios_gates_GateHwi_Handle__label__S                       
20010821  ti_sysbios_gates_GateHwi_Instance_init__E                       
20011830  ti_sysbios_gates_GateHwi_Module__FXNS__C                        
20010ecc  ti_sysbios_gates_GateHwi_Module__root__V                        
20011928  ti_sysbios_gates_GateHwi_Object__DESC__C                        
200119e8  ti_sysbios_gates_GateHwi_Object__PARAMS__C                      
2000fb41  ti_sysbios_gates_GateHwi_Object__create__S                      
2001016d  ti_sysbios_gates_GateHwi_Object__delete__S                      
20010f24  ti_sysbios_gates_GateHwi_Object__table__V                       
20010709  ti_sysbios_gates_GateHwi_enter__E                               
200107d1  ti_sysbios_gates_GateHwi_leave__E                               
20010801  ti_sysbios_gates_GateHwi_query__E                               
2000fda9  ti_sysbios_gates_GateMutex_Handle__label__S                     
20011b20  ti_sysbios_gates_GateMutex_Instance_State_sem__O                
200105d1  ti_sysbios_gates_GateMutex_Instance_finalize__E                 
200102b1  ti_sysbios_gates_GateMutex_Instance_init__E                     
20011854  ti_sysbios_gates_GateMutex_Module__FXNS__C                      
20010ed4  ti_sysbios_gates_GateMutex_Module__root__V                      
20011948  ti_sysbios_gates_GateMutex_Object__DESC__C                      
20011a00  ti_sysbios_gates_GateMutex_Object__PARAMS__C                    
2000fb71  ti_sysbios_gates_GateMutex_Object__create__S                    
2001002d  ti_sysbios_gates_GateMutex_Object__delete__S                    
20010cf4  ti_sysbios_gates_GateMutex_Object__table__V                     
2000fba1  ti_sysbios_gates_GateMutex_enter__E                             
200103e9  ti_sysbios_gates_GateMutex_leave__E                             
20010809  ti_sysbios_gates_GateMutex_query__E                             
200103b9  ti_sysbios_hal_Hwi_HwiProxy_Module__startupDone__S              
200106dd  ti_sysbios_hal_Hwi_HwiProxy_Params__init__S                     
2000f2a9  ti_sysbios_hal_Hwi_HwiProxy_disableInterrupt__E                 
200106e9  ti_sysbios_hal_Hwi_HwiProxy_disable__E                          
2000f2f1  ti_sysbios_hal_Hwi_HwiProxy_enableInterrupt__E                  
2000f529  ti_sysbios_hal_Hwi_HwiProxy_getStackInfo__E                     
200107c9  ti_sysbios_hal_Hwi_HwiProxy_restore__E                          
200107b9  ti_sysbios_hal_Hwi_HwiProxy_startup__E                          
200104c9  ti_sysbios_hal_Hwi_HwiProxy_switchFromBootStack__E              
20010549  ti_sysbios_hal_Hwi_Module_startup__E                            
2000f2a9  ti_sysbios_hal_Hwi_disableInterrupt__E                          
2000f2f1  ti_sysbios_hal_Hwi_enableInterrupt__E                           
2000f529  ti_sysbios_hal_Hwi_getStackInfo__E                              
2000fa49  ti_sysbios_hal_Hwi_initStack                                    
200107b9  ti_sysbios_hal_Hwi_startup__E                                   
200104c9  ti_sysbios_hal_Hwi_switchFromBootStack__E                       
20011b24  ti_sysbios_heaps_HeapMem_E_memory__C                            
2000fdd5  ti_sysbios_heaps_HeapMem_Handle__label__S                       
2000f6c9  ti_sysbios_heaps_HeapMem_Instance_init__E                       
2000fda9  ti_sysbios_heaps_HeapMem_Module_GateProxy_Handle__label__S      
2000db9d  ti_sysbios_heaps_HeapMem_Module_GateProxy_enter__E              
2000df2d  ti_sysbios_heaps_HeapMem_Module_GateProxy_leave__E              
20010809  ti_sysbios_heaps_HeapMem_Module_GateProxy_query__E              
20011808  ti_sysbios_heaps_HeapMem_Module__FXNS__C                        
20011b28  ti_sysbios_heaps_HeapMem_Module__gateObj__C                     
20011aea  ti_sysbios_heaps_HeapMem_Module__id__C                          
20010edc  ti_sysbios_heaps_HeapMem_Module__root__V                        
20011968  ti_sysbios_heaps_HeapMem_Object__DESC__C                        
20011878  ti_sysbios_heaps_HeapMem_Object__PARAMS__C                      
20011b2c  ti_sysbios_heaps_HeapMem_Object__count__C                       
2000fbd1  ti_sysbios_heaps_HeapMem_Object__create__S                      
2001018d  ti_sysbios_heaps_HeapMem_Object__delete__S                      
200104dd  ti_sysbios_heaps_HeapMem_Object__get__S                         
20010e64  ti_sysbios_heaps_HeapMem_Object__table__V                       
[...]
200101f1  ti_sysbios_knl_Task_Object__delete__S                           
20010211  ti_sysbios_family_xxx_Hwi_switchAndRunFunc                      
20010231  PinToPadGet                                                     
20010251  ti_sysbios_family_arm_m3_Hwi_excHandler__I                      
20010271  ti_sysbios_family_arm_m3_Timer_Module_startup__E                
20010291  ti_sysbios_family_arm_m3_Timer_stop__E                          
200102b1  ti_sysbios_gates_GateMutex_Instance_init__E                     
200102cd  ti_sysbios_knl_Queue_destruct                                   
200102e9  ti_sysbios_knl_Queue_put__E                                     
20010309  ti_sysbios_knl_Task_enter__I                                    
20010325  ti_sysbios_family_arm_m3_Hwi_pendSV__I                          
2001033d  ti_sysbios_family_arm_m3_Hwi_return                             
20010341  Power_getTransitionLatency                                      
20010359  Power_idleFunc                                                  
20010371  _args_main                                                      
20010389  __aeabi_lmul                                                    
200103a1  ti_sysbios_BIOS_rtsUnlock__I                                    
200103b9  ti_sysbios_family_arm_m3_Hwi_Module__startupDone__F             
200103b9  ti_sysbios_family_arm_m3_Hwi_Module__startupDone__S             
200103b9  ti_sysbios_hal_Hwi_HwiProxy_Module__startupDone__S              
200103d1  ti_sysbios_family_arm_m3_Timer_Module__startupDone__F           
200103d1  ti_sysbios_family_arm_m3_Timer_Module__startupDone__S           
200103d1  ti_sysbios_knl_Clock_TimerProxy_Module__startupDone__S          
200103e9  ti_sysbios_gates_GateMutex_leave__E                             
20010401  ti_sysbios_knl_Task_sleepTimeout__I                             
20010419  xdc_runtime_Error_init__E                                       
20010431  xdc_runtime_System_exit__E                                      
20010449  PRCMHIBRegRead                                                  
2001045f  PRCMHIBRegWrite                                                 
20010475  ti_sysbios_BIOS_exitFunc__I                                     
2001048d  Power_getDependencyCount                                        
200104a1  pthread_attr_setschedparam                                      
200104b5  ti_sysbios_family_arm_m3_Hwi_Object__get__S                     
200104c9  ti_sysbios_family_arm_m3_Hwi_switchFromBootStack__E             
200104c9  ti_sysbios_hal_Hwi_HwiProxy_switchFromBootStack__E              
200104c9  ti_sysbios_hal_Hwi_switchFromBootStack__E                       
200104dd  ti_sysbios_heaps_HeapMem_Object__get__S                         
200104f1  ti_sysbios_knl_Clock_tickReconfig__E                            
20010505  ti_sysbios_knl_Swi_Object__get__S                               
20010519  SemaphoreP_pend                                                 
20010549  ti_sysbios_hal_Hwi_Module_startup__E                            
2001055b  xdc_runtime_Startup_exec__I                                     
2001056d  Board_init                                                      
2001057d  HwiP_Params_init                                                
20010591  ti_sysbios_BIOS_setThreadType__E                                
200105a1  ti_sysbios_BIOS_start__E                                        
200105b1  ti_sysbios_family_arm_m3_TaskSupport_glue                       
200105c1  ti_sysbios_family_arm_m3_TaskSupport_swap__E                    
200105c1  ti_sysbios_knl_Task_SupportProxy_swap__E                        
200105c9  ti_sysbios_knl_Task_swapReturn                                  
200105d1  ti_sysbios_gates_GateMutex_Instance_finalize__E                 
200105e1  ti_sysbios_knl_Mailbox_Object__get__S                           
200105f1  ti_sysbios_knl_Semaphore_Instance_finalize__E                   
20010601  ti_sysbios_knl_Swi_disable__E                                   
20010611  ti_sysbios_knl_Task_Object__get__S                              
20010621  ti_sysbios_knl_Task_disable__E                                  
20010631  xdc_runtime_Memory_free__E                                      
20010641  xdc_runtime_SysCallback_abort__E                                
20010641  xdc_runtime_System_SupportProxy_abort__E                        
20010651  xdc_runtime_SysCallback_exit__E                                 
20010651  xdc_runtime_System_SupportProxy_exit__E                         
20010661  __TI_decompress_none                                            
20010671  pthread_attr_setdetachstate                                     
20010681  ti_sysbios_knl_Idle_loop__E                                     
20010691  ti_sysbios_knl_Queue_empty__E                                   
200106a1  Power_getConstraintMask                                         
200106ad  SemaphoreP_delete                                               
200106b9  _register_lock                                                  
200106c5  _register_unlock                                                
200106d1  __TI_zero_init                                                  
200106dd  ti_sysbios_family_arm_m3_Hwi_Params__init__S                    
200106dd  ti_sysbios_hal_Hwi_HwiProxy_Params__init__S                     
200106e9  ti_sysbios_family_arm_m3_Hwi_disableFxn__E                      
200106e9  ti_sysbios_hal_Hwi_HwiProxy_disable__E                          
200106f9  ti_sysbios_family_arm_m3_TaskSupport_getStackAlignment__E       
200106f9  ti_sysbios_knl_Task_SupportProxy_getStackAlignment__E           
20010709  ti_sysbios_gates_GateHwi_enter__E                               
20010719  ti_sysbios_knl_Clock_getTicks__E                                
20010729  ti_sysbios_knl_Clock_setTicks__E                                
20010739  ti_sysbios_knl_Clock_tickStart__E                               
20010749  ti_sysbios_knl_Clock_tickStop__E                                
20010755  ti_sysbios_knl_Queue_Object__get__S                             
20010761  ti_sysbios_knl_Semaphore_Params__init__S                        
2001076d  ti_sysbios_knl_Task_Params__init__S                             
20010779  ti_sysbios_rts_ti_ReentSupport_taskRegHook__I                   
20010789  xdc_runtime_Startup_rtsDone__E                                  
20010795  xdc_runtime_Memory_HeapProxy_alloc__E                           
2001079f  xdc_runtime_Memory_HeapProxy_free__E                            
200107a9  pthread_attr_setstacksize                                       
200107b1  ti_sysbios_family_arm_m3_Hwi_doSwiRestore__I                    
200107b9  ti_sysbios_family_arm_m3_Hwi_startup__E                         
200107b9  ti_sysbios_hal_Hwi_HwiProxy_startup__E                          
200107b9  ti_sysbios_hal_Hwi_startup__E                                   
200107c1  ti_sysbios_family_arm_m3_Hwi_doTaskRestore__I                   
200107c9  HwiP_restore                                                    
200107c9  ti_sysbios_family_arm_m3_Hwi_restoreFxn__E                      
200107c9  ti_sysbios_hal_Hwi_HwiProxy_restore__E                          
200107d1  ti_sysbios_gates_GateHwi_leave__E                               
200107d9  ti_sysbios_heaps_HeapMem_isBlocking__E                          
200107e1  ti_sysbios_knl_Queue_Instance_init__E                           
200107e9  ti_sysbios_knl_Swi_startup__E                                   
200107f1  xdc_runtime_System_Module_startup__E                            
200107f9  ti_sysbios_family_arm_m3_Timer_getMaxTicks__E                   
20010801  ti_sysbios_gates_GateHwi_query__E                               
20010801  xdc_runtime_Main_Module_GateProxy_query__E                      
20010801  xdc_runtime_System_Module_GateProxy_query__E                    
20010809  ti_sysbios_BIOS_RtsGateProxy_query__E                           
20010809  ti_sysbios_gates_GateMutex_query__E                             
20010809  ti_sysbios_heaps_HeapMem_Module_GateProxy_query__E              
20010811  ti_sysbios_knl_Task_startup__E                                  
20010819  ti_sysbios_BIOS_linkedWithIncorrectBootLibrary__E               
20010821  ti_sysbios_gates_GateHwi_Instance_init__E                       
20010829  ti_sysbios_knl_Clock_logTick__E                                 
20010831  xdc_runtime_SysCallback_defaultAbort                            
20010839  xdc_runtime_SysCallback_defaultExit                             
20010841  xdc_runtime_System_abortSpin__E                                 
20010849  xdc_runtime_System_exitSpin__E                                  
2001084c  PowerCC32XX_module                                              
200109b8  parkInfo                                                        
20010b64  ti_sysbios_knl_Swi_Module_State_0_readyQ__A                     
20010be4  ti_sysbios_knl_Task_Module_State_0_readyQ__A                    
20010c64  ti_sysbios_knl_Task_Object__table__V                            
20010cb0  ti_sysbios_knl_Task_Module__state__V                            
20010cf4  ti_sysbios_gates_GateMutex_Object__table__V                     
20010d2c  ti_sysbios_family_arm_m3_Hwi_Module__state__V                   
20010d60  ti_sysbios_family_arm_m3_Timer_Object__table__V                 
20010d90  ti_sysbios_knl_Swi_Object__table__V                             
20010dc0  ti_sysbios_knl_Clock_Module__state__V                           
20010dec  ti_sysbios_BIOS_Module__state__V                                
20010e10  xdc_runtime_Error_IgnoreBlock                                   
20010e30  ti_sysbios_knl_Swi_Module__state__V                             
20010e4c  ti_sysbios_family_arm_m3_Hwi_Object__table__V                   
20010e64  ti_sysbios_heaps_HeapMem_Object__table__V                       
20010e7c  gpioCallbackFunctions                                           
20010e90  gpioPinConfigs                                                  
20010ea4  ti_sysbios_family_arm_m3_Timer_Module__state__V                 
20010eba  ti_sysbios_family_arm_m3_Hwi_Module_State_0_excActive__A        
20010ebc  _lock                                                           
20010ec0  _unlock                                                         
20010ec4  ti_sysbios_family_arm_m3_Hwi_Module__root__V                    
20010ecc  ti_sysbios_gates_GateHwi_Module__root__V                        
20010ed4  ti_sysbios_gates_GateMutex_Module__root__V                      
20010edc  ti_sysbios_heaps_HeapMem_Module__root__V                        
20010ee4  ti_sysbios_knl_Queue_Module__root__V                            
20010eec  ti_sysbios_knl_Semaphore_Module__root__V                        
20010ef4  ti_sysbios_knl_Task_Module__root__V                             
20010efc  xdc_runtime_Startup_Module__state__V                            
20010f04  xdc_runtime_System_Module_State_0_atexitHandlers__A             
20010f0c  xdc_runtime_System_Module__state__V                             
20010f14  main_func_sp                                                    
20010f18  ti_sysbios_family_arm_m3_Hwi_Module_State_0_excContext__A       
20010f1c  ti_sysbios_family_arm_m3_Hwi_Module_State_0_excStack__A         
20010f20  ti_sysbios_family_arm_m3_TimestampProvider_Module__state__V     
20010f24  ti_sysbios_gates_GateHwi_Object__table__V                       
20010f28  ti_sysbios_knl_Task_Module_State_0_idleTask__A                  
20010f2c  ti_sysbios_rts_ti_ReentSupport_Module__state__V                 
20010f30  xdc_runtime_Memory_Module__state__V                             
20010f38  ti_sysbios_family_arm_m3_Hwi_dispatchTable                      
20011248  ti_sysbios_knl_Task_Instance_State_0_stack__A                   
20011448  PowerCC32XX_contextSave                                         
200115a8  minutes                                                         
200115ac  ti_sysbios_knl_Task_Instance_State_0_hookEnv__A                 
20011758  PowerCC32XX_config                                              
2001179c  ti_sysbios_knl_Task_Object__PARAMS__C                           
200117d8  ti_sysbios_family_arm_m3_Hwi_Object__PARAMS__C                  
20011808  ti_sysbios_heaps_HeapMem_Module__FXNS__C                        
20011830  ti_sysbios_gates_GateHwi_Module__FXNS__C                        
20011854  ti_sysbios_gates_GateMutex_Module__FXNS__C                      
20011878  ti_sysbios_heaps_HeapMem_Object__PARAMS__C                      
2001189c  ti_sysbios_knl_Semaphore_Object__PARAMS__C                      
200118c0  xdc_runtime_Startup_sfxnTab__A                                  
20011905  ti_sysbios_knl_Clock_tickMode__C                                
20011906  ti_sysbios_family_arm_m3_Hwi_Module__id__C                      
20011908  ti_sysbios_family_arm_m3_Hwi_Object__DESC__C                    
20011928  ti_sysbios_gates_GateHwi_Object__DESC__C                        
20011948  ti_sysbios_gates_GateMutex_Object__DESC__C                      
20011968  ti_sysbios_heaps_HeapMem_Object__DESC__C                        
20011988  ti_sysbios_knl_Queue_Object__DESC__C                            
200119a8  ti_sysbios_knl_Semaphore_Object__DESC__C                        
200119c8  ti_sysbios_knl_Task_Object__DESC__C                             
200119e8  ti_sysbios_gates_GateHwi_Object__PARAMS__C                      
20011a00  ti_sysbios_gates_GateMutex_Object__PARAMS__C                    
20011a18  ti_sysbios_knl_Queue_Object__PARAMS__C                          
20011a30  ti_sysbios_knl_Task_hooks__A                                    
20011a48  GPIOCC32XX_config                                               
20011a84  xdc_runtime_Startup_sfxnRts__A                                  
20011a96  ti_sysbios_family_arm_m3_Timer_Module__id__C                    
20011a98  xdc_runtime_Startup_firstFxns__A                                
20011aa4  outPinTypes                                                     
20011aac  ti_sysbios_knl_Idle_funcList__A                                 
20011ab4  ti_sysbios_knl_Idle_funcList__C                                 
20011abc  ti_sysbios_knl_Task_hooks__C                                    
20011ac4  xdc_runtime_Startup_firstFxns__C                                
20011acc  xdc_runtime_Startup_lastFxns__C                                 
20011ada  inPinTypes                                                      
20011ae0  outPinStrengths                                                 
20011aea  ti_sysbios_heaps_HeapMem_Module__id__C                          
20011aec  ti_sysbios_family_arm_m3_Hwi_E_alreadyDefined__C                
20011af0  ti_sysbios_family_arm_m3_Hwi_E_badIntNum__C                     
20011af4  ti_sysbios_family_arm_m3_Hwi_NUM_INTERRUPTS__C                  
20011af8  ti_sysbios_family_arm_m3_Hwi_Object__count__C                   
20011afc  ti_sysbios_family_arm_m3_Hwi_ccr__C                             
20011b00  ti_sysbios_family_arm_m3_Hwi_excHandlerFunc__C                  
20011b04  ti_sysbios_family_arm_m3_Hwi_nullIsrFunc__C                     
20011b08  ti_sysbios_family_arm_m3_Hwi_priGroup__C                        
20011b0c  ti_sysbios_family_arm_m3_Hwi_swiDisable__C                      
20011b10  ti_sysbios_family_arm_m3_Hwi_swiRestore__C                      
20011b14  ti_sysbios_family_arm_m3_TaskSupport_stackAlignment__C          
20011b18  ti_sysbios_family_arm_m3_Timer_E_cannotSupport__C               
20011b1c  ti_sysbios_family_arm_m3_Timer_startupNeeded__C                 
20011b20  ti_sysbios_gates_GateMutex_Instance_State_sem__O                
20011b24  ti_sysbios_heaps_HeapMem_E_memory__C                            
20011b28  ti_sysbios_heaps_HeapMem_Module__gateObj__C                     
20011b2c  ti_sysbios_heaps_HeapMem_Object__count__C                       
20011b30  ti_sysbios_heaps_HeapMem_primaryHeapBaseAddr__C                 
20011b34  ti_sysbios_heaps_HeapMem_primaryHeapEndAddr__C                  
20011b38  ti_sysbios_heaps_HeapMem_reqAlign__C                            
20011b3c  ti_sysbios_knl_Clock_Module_State_clockQ__O                     
20011b40  ti_sysbios_knl_Clock_tickPeriod__C                              
20011b44  ti_sysbios_knl_Mailbox_Instance_State_freeQue__O                
20011b48  ti_sysbios_knl_Mailbox_Object__count__C                         
20011b4c  ti_sysbios_knl_Mailbox_maxTypeAlign__C                          
20011b50  ti_sysbios_knl_Semaphore_Instance_State_pendQ__O                
20011b54  ti_sysbios_knl_Swi_Object__count__C                             
20011b58  ti_sysbios_knl_Task_Module_State_inactiveQ__O                   
20011b5c  ti_sysbios_knl_Task_Object__count__C                            
20011b60  ti_sysbios_knl_Task_Object__heap__C                             
20011b64  ti_sysbios_knl_Task_allBlockedFunc__C                           
20011b68  ti_sysbios_knl_Task_defaultStackHeap__C                         
20011b6c  ti_sysbios_knl_Task_defaultStackSize__C                         
20011b70  ti_sysbios_knl_Task_numConstructedTasks__C                      
20011b74  xdc_runtime_Error_E_memory__C                                   
20011b78  xdc_runtime_Error_policyFxn__C                                  
20011b7c  xdc_runtime_IGateProvider_Interface__BASE__C                    
20011b80  xdc_runtime_IHeap_Interface__BASE__C                            
20011b84  xdc_runtime_IModule_Interface__BASE__C                          
20011b88  xdc_runtime_Memory_defaultHeapInstance__C                       
20011b8c  xdc_runtime_Startup_execImpl__C                                 
20011b90  xdc_runtime_Startup_maxPasses__C                                
20011b94  xdc_runtime_Startup_sfxnRts__C                                  
20011b98  xdc_runtime_Startup_sfxnTab__C                                  
20011b9c  xdc_runtime_SysCallback_abortFxn__C                             
20011ba0  xdc_runtime_SysCallback_exitFxn__C                              
20011ba4  xdc_runtime_System_Module__gateObj__C                           
20011ba8  xdc_runtime_System_abortFxn__C                                  
20011bac  xdc_runtime_System_exitFxn__C                                   
20011bb0  xdc_runtime_System_maxAtexitHandlers__C                         
20011bb4  xdc_runtime_Memory_Module__id__C                                
20011bb6  ti_sysbios_knl_Clock_tickSource__C                              
20011bb7  xdc_runtime_Error_policy__C                                     
20011bb8  __TI_static_base__                                              
20011dec  __TI_Handler_Table_Base                                         
20011df8  __TI_Handler_Table_Limit                                        
20011e08  __TI_CINIT_Base                                                 
20011e20  __TI_CINIT_Limit                                                
e000e000  ti_sysbios_family_arm_m3_Hwi_nvic                               
ffffffff  __TI_pprof_out_hndl                                             
ffffffff  __TI_prof_data_size                                             
ffffffff  __TI_prof_data_start                                            
ffffffff  __binit__                                                       
ffffffff  __c_args__                                                      
ffffffff  binit                                                           
UNDEFED   ITM_flush                                                       
UNDEFED   ITM_restore                                                     
UNDEFED   SHT$$INIT_ARRAY$$Base                                           
UNDEFED   SHT$$INIT_ARRAY$$Limit                                          

[477 symbols]
